<html>
<body>
<pre>
<h1>µVision Build Log</h1>
<h2>Tool Versions:</h2>
IDE-Version: µVision V5.41.0.0
Copyright (C) 2024 ARM Ltd and ARM Germany GmbH. All rights reserved.
License Information: cbxcvbc vxcbvcxb, xcvbcxv, LIC=LJWP0-BWQQ8-JPHZQ-NMWK5-GX9RW-GVU26
 
Tool Versions:
Toolchain:       MDK-ARM Professional  Version: 5.41.0.0
Toolchain Path:  C:\Keil_v5\ARM\ARMCLANG\Bin
C Compiler:      ArmClang.exe V6.22
Assembler:       Armasm.exe V6.22
Linker/Locator:  ArmLink.exe V6.22
Library Manager: ArmAr.exe V6.22
Hex Converter:   FromElf.exe V6.22
CPU DLL:         SARMCM3.DLL V5.41.0.0
Dialog DLL:      DCM.DLL V1.17.5.0
Target DLL:      STLink\ST-LINKIII-KEIL_SWO.dll V3.3.0.0
Dialog DLL:      TCM.DLL V1.56.4.0
 
<h2>Project:</h2>
C:\Users\User\GitHub_Projects\Anem\1.uvprojx
Project File Date:  04/24/2026

<h2>Output:</h2>
*** Using Compiler 'V6.22', folder: 'C:\Keil_v5\ARM\ARMCLANG\Bin'
Build target 'Target_1'
lib/src/TDC1000.c(71): warning: expression result unused [-Wunused-value]
   71 |         (uint8_t)(SPI2->DR);
      |         ^        ~~~~~~~~~~
lib/src/TDC1000.c(75): warning: expression result unused [-Wunused-value]
   75 |         (uint8_t)(SPI2->DR);
      |         ^        ~~~~~~~~~~
lib/src/TDC1000.c(86): warning: expression result unused [-Wunused-value]
   86 |         (uint8_t)(SPI2->DR);
      |         ^        ~~~~~~~~~~
lib/src/TDC1000.c(138): warning: expression result unused [-Wunused-value]
  138 |         (uint8_t)(SPI2->DR);
      |         ^        ~~~~~~~~~~
lib/src/TDC1000.c(142): warning: expression result unused [-Wunused-value]
  142 |         (uint8_t)(SPI2->DR);
      |         ^        ~~~~~~~~~~
lib/src/TDC1000.c(153): warning: expression result unused [-Wunused-value]
  153 |         (uint8_t)(SPI2->DR);
      |         ^        ~~~~~~~~~~
lib/src/TDC1000.c(171): warning: expression result unused [-Wunused-value]
  171 |         (uint8_t)(SPI2->DR);
      |         ^        ~~~~~~~~~~
7 warnings generated.
compiling TDC1000.c...
linking...
Program Size: Code=13232 RO-data=9804 RW-data=24 ZI-data=2128  
".\Objects\1.axf" - 0 Error(s), 7 Warning(s).

<h2>Software Packages used:</h2>

Package Vendor: Keil
                https://www.keil.com/pack/Keil.STM32G4xx_DFP.2.2.0.pack
                Keil::STM32G4xx_DFP@2.2.0
                STMicroelectronics STM32G4 Series Device Support

<h2>Collection of Component include folders:</h2>

<h2>Collection of Component Files used:</h2>
Build Time Elapsed:  00:00:02
</pre>
</body>
</html>
