Component: Arm Compiler for Embedded 6.22 Tool: armlink [5ee90200]

==============================================================================

Section Cross References

    main.o(.text.TOF_Calc) refers to tdc1000.o(.text.TDC7200_SPIRead_Reg) for TDC7200_SPIRead_Reg
    main.o(.text.TOF_Calc) refers to dflt_clz.o(x$fpl$dfltu) for __aeabi_ui2d
    main.o(.text.TOF_Calc) refers to ddiv.o(x$fpl$ddiv) for __aeabi_ddiv
    main.o(.text.TOF_Calc) refers to dmul.o(x$fpl$dmul) for __aeabi_dmul
    main.o(.text.TOF_Calc) refers to daddsub_clz.o(x$fpl$dadd) for __aeabi_dadd
    main.o(.text.TOF_Calc) refers to daddsub_clz.o(x$fpl$dsub) for __aeabi_dsub
    main.o(.text.TOF_Calc) refers to main.o(.bss.TOF) for TOF
    main.o(.ARM.exidx.text.TOF_Calc) refers to main.o(.text.TOF_Calc) for [Anonymous Symbol]
    main.o(.text.Temper_Calc) refers to dflt_clz.o(x$fpl$dfltu) for __aeabi_ui2d
    main.o(.text.Temper_Calc) refers to ddiv.o(x$fpl$ddiv) for __aeabi_ddiv
    main.o(.text.Temper_Calc) refers to tdc1000.o(.text.TDC7200_SPIRead_Reg) for TDC7200_SPIRead_Reg
    main.o(.text.Temper_Calc) refers to dflt_clz.o(x$fpl$dflt) for __aeabi_i2d
    main.o(.text.Temper_Calc) refers to dmul.o(x$fpl$dmul) for __aeabi_dmul
    main.o(.text.Temper_Calc) refers to daddsub_clz.o(x$fpl$dadd) for __aeabi_dadd
    main.o(.text.Temper_Calc) refers to main.o(.bss.TOF1) for TOF1
    main.o(.text.Temper_Calc) refers to main.o(.bss.TOF2) for TOF2
    main.o(.text.Temper_Calc) refers to main.o(.bss.TOF3) for TOF3
    main.o(.text.Temper_Calc) refers to main.o(.bss.TOF4) for TOF4
    main.o(.text.Temper_Calc) refers to main.o(.bss.TOF5) for TOF5
    main.o(.text.Temper_Calc) refers to daddsub_clz.o(x$fpl$dsub) for __aeabi_dsub
    main.o(.text.Temper_Calc) refers to main.o(.bss.Temperature) for Temperature
    main.o(.ARM.exidx.text.Temper_Calc) refers to main.o(.text.Temper_Calc) for [Anonymous Symbol]
    main.o(.text.main) refers to rcc.o(.text.Clock_Init) for Clock_Init
    main.o(.text.main) refers to gpio.o(.text.GPIO_Init) for GPIO_Init
    main.o(.text.main) refers to dht22.o(.text.DHT22_Init) for DHT22_Init
    main.o(.text.main) refers to spi.o(.text.SPI1_Init) for SPI1_Init
    main.o(.text.main) refers to tft.o(.text.TFT_Init) for TFT_Init
    main.o(.text.main) refers to spi.o(.text.SPI2_Init) for SPI2_Init
    main.o(.text.main) refers to rcc.o(.text.MCO_Init) for MCO_Init
    main.o(.text.main) refers to tdc1000.o(.text.TDC1000_Init) for TDC1000_Init
    main.o(.text.main) refers to tdc1000.o(.text.TDC7200_Init) for TDC7200_Init
    main.o(.text.main) refers to tft.o(.text.TFT_Fill_Color) for TFT_Fill_Color
    main.o(.text.main) refers to main.o(.data.mes_wait) for mes_wait
    main.o(.text.main) refers to main.o(.data.mes_mode) for mes_mode
    main.o(.text.main) refers to tdc1000.o(.text.TDC1000_SPIRead) for TDC1000_SPIRead
    main.o(.text.main) refers to tdc1000.o(.text.TDC1000_SPIWrite) for TDC1000_SPIWrite
    main.o(.text.main) refers to tdc1000.o(.text.TDC7200_SPIWrite) for TDC7200_SPIWrite
    main.o(.text.main) refers to main.o(.text.TOF_Calc) for TOF_Calc
    main.o(.text.main) refers to main.o(.text.Temper_Calc) for Temper_Calc
    main.o(.text.main) refers to delay.o(.text.delay_ms) for delay_ms
    main.o(.text.main) refers to tdc1000.o(.text.TDC7200_SPIRead) for TDC7200_SPIRead
    main.o(.text.main) refers to main.o(.bss.answ) for answ
    main.o(.text.main) refers to main.o(.bss.Temperature) for Temperature
    main.o(.text.main) refers to dmul.o(x$fpl$dmul) for __aeabi_dmul
    main.o(.text.main) refers to dfixu.o(x$fpl$dfixu) for __aeabi_d2uiz
    main.o(.text.main) refers to main.o(.bss.TOF) for TOF
    main.o(.text.main) refers to dfix.o(x$fpl$dfix) for __aeabi_d2iz
    main.o(.text.main) refers to main.o(.bss.tmp_str) for tmp_str
    main.o(.text.main) refers to main.o(.rodata.str1.1) for .L.str
    main.o(.text.main) refers to sprintf.o(.text) for sprintf
    main.o(.text.main) refers to strlen.o(.text) for strlen
    main.o(.text.main) refers to fonts.o(.data.Font_16x26) for Font_16x26
    main.o(.text.main) refers to tft.o(.text.TFT_Send_Str) for TFT_Send_Str
    main.o(.ARM.exidx.text.main) refers to main.o(.text.main) for [Anonymous Symbol]
    main.o(.ARM.exidx.text.HardFault_Handler) refers to main.o(.text.HardFault_Handler) for [Anonymous Symbol]
    gpio.o(.ARM.exidx.text.GPIO_Init) refers to gpio.o(.text.GPIO_Init) for [Anonymous Symbol]
    rcc.o(.ARM.exidx.text.Clock_Init) refers to rcc.o(.text.Clock_Init) for [Anonymous Symbol]
    rcc.o(.ARM.exidx.text.MCO_Init) refers to rcc.o(.text.MCO_Init) for [Anonymous Symbol]
    tim.o(.text.TIM1_Init) refers to system_stm32g4xx.o(.data.SystemCoreClock) for SystemCoreClock
    tim.o(.ARM.exidx.text.TIM1_Init) refers to tim.o(.text.TIM1_Init) for [Anonymous Symbol]
    tim.o(.text.TIM2_Init) refers to system_stm32g4xx.o(.data.SystemCoreClock) for SystemCoreClock
[...]
    !!handler_null                           0x08000258   Section        2  __scatter.o(!!handler_null)
    !!handler_zi                             0x0800025c   Section       28  __scatter_zi.o(!!handler_zi)
    .ARM.Collect$$_printf_percent$$00000000  0x08000278   Section        0  _printf_percent.o(.ARM.Collect$$_printf_percent$$00000000)
    .ARM.Collect$$_printf_percent$$00000001  0x08000278   Section        6  _printf_n.o(.ARM.Collect$$_printf_percent$$00000001)
    .ARM.Collect$$_printf_percent$$00000002  0x0800027e   Section        6  _printf_p.o(.ARM.Collect$$_printf_percent$$00000002)
    .ARM.Collect$$_printf_percent$$00000003  0x08000284   Section        6  _printf_f.o(.ARM.Collect$$_printf_percent$$00000003)
    .ARM.Collect$$_printf_percent$$00000004  0x0800028a   Section        6  _printf_e.o(.ARM.Collect$$_printf_percent$$00000004)
    .ARM.Collect$$_printf_percent$$00000005  0x08000290   Section        6  _printf_g.o(.ARM.Collect$$_printf_percent$$00000005)
    .ARM.Collect$$_printf_percent$$00000006  0x08000296   Section        6  _printf_a.o(.ARM.Collect$$_printf_percent$$00000006)
    .ARM.Collect$$_printf_percent$$00000007  0x0800029c   Section       10  _printf_ll.o(.ARM.Collect$$_printf_percent$$00000007)
    .ARM.Collect$$_printf_percent$$00000008  0x080002a6   Section        6  _printf_i.o(.ARM.Collect$$_printf_percent$$00000008)
    .ARM.Collect$$_printf_percent$$00000009  0x080002ac   Section        6  _printf_d.o(.ARM.Collect$$_printf_percent$$00000009)
    .ARM.Collect$$_printf_percent$$0000000A  0x080002b2   Section        6  _printf_u.o(.ARM.Collect$$_printf_percent$$0000000A)
    .ARM.Collect$$_printf_percent$$0000000B  0x080002b8   Section        6  _printf_o.o(.ARM.Collect$$_printf_percent$$0000000B)
    .ARM.Collect$$_printf_percent$$0000000C  0x080002be   Section        6  _printf_x.o(.ARM.Collect$$_printf_percent$$0000000C)
    .ARM.Collect$$_printf_percent$$0000000D  0x080002c4   Section        6  _printf_lli.o(.ARM.Collect$$_printf_percent$$0000000D)
    .ARM.Collect$$_printf_percent$$0000000E  0x080002ca   Section        6  _printf_lld.o(.ARM.Collect$$_printf_percent$$0000000E)
    .ARM.Collect$$_printf_percent$$0000000F  0x080002d0   Section        6  _printf_llu.o(.ARM.Collect$$_printf_percent$$0000000F)
    .ARM.Collect$$_printf_percent$$00000010  0x080002d6   Section        6  _printf_llo.o(.ARM.Collect$$_printf_percent$$00000010)
    .ARM.Collect$$_printf_percent$$00000011  0x080002dc   Section        6  _printf_llx.o(.ARM.Collect$$_printf_percent$$00000011)
    .ARM.Collect$$_printf_percent$$00000012  0x080002e2   Section       10  _printf_l.o(.ARM.Collect$$_printf_percent$$00000012)
    .ARM.Collect$$_printf_percent$$00000013  0x080002ec   Section        6  _printf_c.o(.ARM.Collect$$_printf_percent$$00000013)
    .ARM.Collect$$_printf_percent$$00000014  0x080002f2   Section        6  _printf_s.o(.ARM.Collect$$_printf_percent$$00000014)
    .ARM.Collect$$_printf_percent$$00000015  0x080002f8   Section        6  _printf_lc.o(.ARM.Collect$$_printf_percent$$00000015)
    .ARM.Collect$$_printf_percent$$00000016  0x080002fe   Section        6  _printf_ls.o(.ARM.Collect$$_printf_percent$$00000016)
    .ARM.Collect$$_printf_percent$$00000017  0x08000304   Section        4  _printf_percent_end.o(.ARM.Collect$$_printf_percent$$00000017)
    .ARM.Collect$$libinit$$00000000          0x08000308   Section        2  libinit.o(.ARM.Collect$$libinit$$00000000)
    .ARM.Collect$$libinit$$00000001          0x0800030a   Section        4  libinit2.o(.ARM.Collect$$libinit$$00000001)
    .ARM.Collect$$libinit$$00000004          0x0800030e   Section        0  libinit2.o(.ARM.Collect$$libinit$$00000004)
    .ARM.Collect$$libinit$$00000006          0x0800030e   Section        0  libinit2.o(.ARM.Collect$$libinit$$00000006)
    .ARM.Collect$$libinit$$0000000C          0x0800030e   Section        0  libinit2.o(.ARM.Collect$$libinit$$0000000C)
    .ARM.Collect$$libinit$$0000000E          0x0800030e   Section        0  libinit2.o(.ARM.Collect$$libinit$$0000000E)
    .ARM.Collect$$libinit$$00000010          0x0800030e   Section        0  libinit2.o(.ARM.Collect$$libinit$$00000010)
    .ARM.Collect$$libinit$$00000011          0x0800030e   Section        6  libinit2.o(.ARM.Collect$$libinit$$00000011)
    .ARM.Collect$$libinit$$00000013          0x08000314   Section        0  libinit2.o(.ARM.Collect$$libinit$$00000013)
    .ARM.Collect$$libinit$$00000014          0x08000314   Section       12  libinit2.o(.ARM.Collect$$libinit$$00000014)
    .ARM.Collect$$libinit$$00000015          0x08000320   Section        0  libinit2.o(.ARM.Collect$$libinit$$00000015)
    .ARM.Collect$$libinit$$00000017          0x08000320   Section        0  libinit2.o(.ARM.Collect$$libinit$$00000017)
    .ARM.Collect$$libinit$$00000018          0x08000320   Section       10  libinit2.o(.ARM.Collect$$libinit$$00000018)
    .ARM.Collect$$libinit$$00000019          0x0800032a   Section        0  libinit2.o(.ARM.Collect$$libinit$$00000019)
    .ARM.Collect$$libinit$$0000001B          0x0800032a   Section        0  libinit2.o(.ARM.Collect$$libinit$$0000001B)
    .ARM.Collect$$libinit$$0000001D          0x0800032a   Section        0  libinit2.o(.ARM.Collect$$libinit$$0000001D)
    .ARM.Collect$$libinit$$0000001F          0x0800032a   Section        0  libinit2.o(.ARM.Collect$$libinit$$0000001F)
    .ARM.Collect$$libinit$$00000021          0x0800032a   Section        0  libinit2.o(.ARM.Collect$$libinit$$00000021)
    .ARM.Collect$$libinit$$00000023          0x0800032a   Section        0  libinit2.o(.ARM.Collect$$libinit$$00000023)
    .ARM.Collect$$libinit$$00000025          0x0800032a   Section        0  libinit2.o(.ARM.Collect$$libinit$$00000025)
    .ARM.Collect$$libinit$$00000027          0x0800032a   Section        0  libinit2.o(.ARM.Collect$$libinit$$00000027)
    .ARM.Collect$$libinit$$0000002E          0x0800032a   Section        0  libinit2.o(.ARM.Collect$$libinit$$0000002E)
    .ARM.Collect$$libinit$$00000030          0x0800032a   Section        0  libinit2.o(.ARM.Collect$$libinit$$00000030)
    .ARM.Collect$$libinit$$00000032          0x0800032a   Section        0  libinit2.o(.ARM.Collect$$libinit$$00000032)
    .ARM.Collect$$libinit$$00000034          0x0800032a   Section        0  libinit2.o(.ARM.Collect$$libinit$$00000034)
    .ARM.Collect$$libinit$$00000035          0x0800032a   Section        2  libinit2.o(.ARM.Collect$$libinit$$00000035)
    .ARM.Collect$$libshutdown$$00000000      0x0800032c   Section        2  libshutdown.o(.ARM.Collect$$libshutdown$$00000000)
    .ARM.Collect$$libshutdown$$00000002      0x0800032e   Section        0  libshutdown2.o(.ARM.Collect$$libshutdown$$00000002)
    .ARM.Collect$$libshutdown$$00000004      0x0800032e   Section        0  libshutdown2.o(.ARM.Collect$$libshutdown$$00000004)
    .ARM.Collect$$libshutdown$$00000007      0x0800032e   Section        0  libshutdown2.o(.ARM.Collect$$libshutdown$$00000007)
    .ARM.Collect$$libshutdown$$0000000A      0x0800032e   Section        0  libshutdown2.o(.ARM.Collect$$libshutdown$$0000000A)
    .ARM.Collect$$libshutdown$$0000000C      0x0800032e   Section        0  libshutdown2.o(.ARM.Collect$$libshutdown$$0000000C)
    .ARM.Collect$$libshutdown$$0000000F      0x0800032e   Section        0  libshutdown2.o(.ARM.Collect$$libshutdown$$0000000F)
    .ARM.Collect$$libshutdown$$00000010      0x0800032e   Section        2  libshutdown2.o(.ARM.Collect$$libshutdown$$00000010)
    .ARM.Collect$$rtentry$$00000000          0x08000330   Section        0  __rtentry.o(.ARM.Collect$$rtentry$$00000000)
    .ARM.Collect$$rtentry$$00000002          0x08000330   Section        0  __rtentry2.o(.ARM.Collect$$rtentry$$00000002)
    .ARM.Collect$$rtentry$$00000004          0x08000330   Section        6  __rtentry4.o(.ARM.Collect$$rtentry$$00000004)
    .ARM.Collect$$rtentry$$00000009          0x08000336   Section        0  __rtentry2.o(.ARM.Collect$$rtentry$$00000009)
    .ARM.Collect$$rtentry$$0000000A          0x08000336   Section        4  __rtentry2.o(.ARM.Collect$$rtentry$$0000000A)
    .ARM.Collect$$rtentry$$0000000C          0x0800033a   Section        0  __rtentry2.o(.ARM.Collect$$rtentry$$0000000C)
    .ARM.Collect$$rtentry$$0000000D          0x0800033a   Section        8  __rtentry2.o(.ARM.Collect$$rtentry$$0000000D)
    .ARM.Collect$$rtexit$$00000000           0x08000342   Section        2  rtexit.o(.ARM.Collect$$rtexit$$00000000)
    .ARM.Collect$$rtexit$$00000002           0x08000344   Section        0  rtexit2.o(.ARM.Collect$$rtexit$$00000002)
    .ARM.Collect$$rtexit$$00000003           0x08000344   Section        4  rtexit2.o(.ARM.Collect$$rtexit$$00000003)
    .ARM.Collect$$rtexit$$00000004           0x08000348   Section        6  rtexit2.o(.ARM.Collect$$rtexit$$00000004)
    $v0                                      0x08000350   Number         0  startup_stm32g431xx.o(.text)
    .text                                    0x08000350   Section       64  startup_stm32g431xx.o(.text)
    .text                                    0x08000390   Section        0  sprintf.o(.text)
    .text                                    0x080003bc   Section        0  strlen.o(.text)
    .text                                    0x080003fa   Section        0  heapauxi.o(.text)
    .text                                    0x08000400   Section        0  _printf_pad.o(.text)
    .text                                    0x0800044e   Section        0  _printf_truncate.o(.text)
    .text                                    0x08000472   Section        0  _printf_str.o(.text)
    .text                                    0x080004c4   Section        0  _printf_dec.o(.text)
    .text                                    0x0800053c   Section        0  _printf_charcount.o(.text)
    _printf_input_char                       0x08000565   Thumb Code    10  _printf_char_common.o(.text)
    .text                                    0x08000564   Section        0  _printf_char_common.o(.text)
    .text                                    0x08000594   Section        0  _sputc.o(.text)
    .text                                    0x080005a0   Section        0  _printf_wctomb.o(.text)
    .text                                    0x0800065c   Section        0  _printf_longlong_dec.o(.text)
    _printf_longlong_oct_internal            0x080006d9   Thumb Code     0  _printf_oct_int_ll.o(.text)
    .text                                    0x080006d8   Section        0  _printf_oct_int_ll.o(.text)
    _printf_hex_common                       0x08000749   Thumb Code     0  _printf_hex_int_ll_ptr.o(.text)
    .text                                    0x08000748   Section        0  _printf_hex_int_ll_ptr.o(.text)
    .text                                    0x080007dc   Section        0  __printf_flags_ss_wp.o(.text)
    .text                                    0x08000964   Section      138  lludiv10.o(.text)
    .text                                    0x080009ee   Section        0  _printf_intcommon.o(.text)
    _fp_digits                               0x08000aa1   Thumb Code   432  _printf_fp_dec.o(.text)
    .text                                    0x08000aa0   Section        0  _printf_fp_dec.o(.text)
    .text                                    0x08000ebc   Section        0  _printf_fp_hex.o(.text)
    .text                                    0x080011b8   Section        0  _printf_char.o(.text)
    .text                                    0x080011e4   Section        0  _printf_wchar.o(.text)
    .text                                    0x08001210   Section        0  _c16rtomb.o(.text)
    .text                                    0x08001258   Section       74  sys_stackheap_outer.o(.text)
    .text                                    0x080012a4   Section       16  rt_ctype_table.o(.text)
    .text                                    0x080012b4   Section        8  rt_locale_intlibspace.o(.text)
    .text                                    0x080012bc   Section        0  _printf_fp_infnan.o(.text)
    .text                                    0x0800133c   Section        0  bigflt0.o(.text)
    .text                                    0x08001420   Section        0  exit.o(.text)
    .text                                    0x08001434   Section        8  libspace.o(.text)
    .text                                    0x08001440   Section      124  strcmpv7em.o(.text)
    .text                                    0x080014bc   Section        0  sys_exit.o(.text)
    .text                                    0x080014c8   Section        2  use_no_semi.o(.text)
    .text                                    0x080014ca   Section        0  indicate_semi.o(.text)
    [Anonymous Symbol]                       0x080014cc   Section        0  rcc.o(.text.Clock_Init)
    [Anonymous Symbol]                       0x08001598   Section        0  dht22.o(.text.DHT22_Init)
    [Anonymous Symbol]                       0x080015ec   Section        0  exti.o(.text.EXTI0_IRQHandler)
    [Anonymous Symbol]                       0x080017fc   Section        0  gpio.o(.text.GPIO_Init)
    [Anonymous Symbol]                       0x08001858   Section        0  main.o(.text.HardFault_Handler)
    [Anonymous Symbol]                       0x08001870   Section        0  rcc.o(.text.MCO_Init)
    [Anonymous Symbol]                       0x080018a0   Section        0  spi.o(.text.SPI1_Init)
    [Anonymous Symbol]                       0x08001920   Section        0  spi.o(.text.SPI1_Send_Byte)
    [Anonymous Symbol]                       0x08001950   Section        0  spi.o(.text.SPI2_Init)
    [Anonymous Symbol]                       0x080019dc   Section        0  system_stm32g4xx.o(.text.SystemInit)
    [Anonymous Symbol]                       0x080019f0   Section        0  tdc1000.o(.text.TDC1000_Init)
    [Anonymous Symbol]                       0x08001aac   Section        0  tdc1000.o(.text.TDC1000_SPIRead)
    [Anonymous Symbol]                       0x08001b68   Section        0  tdc1000.o(.text.TDC1000_SPIWrite)
    [Anonymous Symbol]                       0x08001c1c   Section        0  tdc1000.o(.text.TDC7200_Init)
    [Anonymous Symbol]                       0x08001c6c   Section        0  tdc1000.o(.text.TDC7200_SPIRead)
    [Anonymous Symbol]                       0x08001d28   Section        0  tdc1000.o(.text.TDC7200_SPIRead_Reg)
    [Anonymous Symbol]                       0x08001e04   Section        0  tdc1000.o(.text.TDC7200_SPIWrite)
    [Anonymous Symbol]                       0x08001eb8   Section        0  tft.o(.text.TFT_Fill_Color)
    [Anonymous Symbol]                       0x08001f30   Section        0  tft.o(.text.TFT_Init)
    [Anonymous Symbol]                       0x08002018   Section        0  tft.o(.text.TFT_Send_Byte)
    [Anonymous Symbol]                       0x08002058   Section        0  tft.o(.text.TFT_Send_Char)
    [Anonymous Symbol]                       0x080021e0   Section        0  tft.o(.text.TFT_Send_Command)
    [Anonymous Symbol]                       0x08002220   Section        0  tft.o(.text.TFT_Send_Str)
    [Anonymous Symbol]                       0x080022ec   Section        0  tft.o(.text.TFT_Set_Area)
    [Anonymous Symbol]                       0x080023c8   Section        0  tim.o(.text.TIM3_IRQHandler)
    [Anonymous Symbol]                       0x08002410   Section        0  main.o(.text.TOF_Calc)
    [Anonymous Symbol]                       0x080025a8   Section        0  main.o(.text.Temper_Calc)
    [Anonymous Symbol]                       0x080029f8   Section        0  delay.o(.text.delay_ms)
    [Anonymous Symbol]                       0x08002a38   Section        0  delay.o(.text.delay_us)
    [Anonymous Symbol]                       0x08002a78   Section        0  main.o(.text.main)
    [Anonymous Symbol]                       0x08002e20   Section        0  exti.o(.text.smooth)
    CL$$btod_d2e                             0x08002e70   Section       62  btod.o(CL$$btod_d2e)
    CL$$btod_d2e_denorm_low                  0x08002eae   Section       70  btod.o(CL$$btod_d2e_denorm_low)
    CL$$btod_d2e_norm_op1                    0x08002ef4   Section       96  btod.o(CL$$btod_d2e_norm_op1)
    CL$$btod_div_common                      0x08002f54   Section      824  btod.o(CL$$btod_div_common)
    CL$$btod_e2e                             0x0800328c   Section      220  btod.o(CL$$btod_e2e)
    CL$$btod_ediv                            0x08003368   Section       42  btod.o(CL$$btod_ediv)
    CL$$btod_emul                            0x08003392   Section       42  btod.o(CL$$btod_emul)
    CL$$btod_mult_common                     0x080033bc   Section      580  btod.o(CL$$btod_mult_common)
    i.__ARM_fpclassify                       0x08003600   Section        0  fpclassify.o(i.__ARM_fpclassify)
    i._is_digit                              0x08003630   Section        0  __printf_wp.o(i._is_digit)
    locale$$code                             0x08003640   Section       44  lc_numeric_c.o(locale$$code)
    locale$$code                             0x0800366c   Section       44  lc_ctype_c.o(locale$$code)
    $v0                                      0x08003698   Number         0  daddsub_clz.o(x$fpl$dadd)
    x$fpl$dadd                               0x08003698   Section      336  daddsub_clz.o(x$fpl$dadd)
    _dadd1                                   0x080036a9   Thumb Code     0  daddsub_clz.o(x$fpl$dadd)
    $v0                                      0x080037e8   Number         0  ddiv.o(x$fpl$ddiv)
    x$fpl$ddiv                               0x080037e8   Section      696  ddiv.o(x$fpl$ddiv)
    ddiv_entry                               0x080037ef   Thumb Code     0  ddiv.o(x$fpl$ddiv)
    $v0                                      0x08003aa0   Number         0  dfix.o(x$fpl$dfix)
    x$fpl$dfix                               0x08003aa0   Section       94  dfix.o(x$fpl$dfix)
    $v0                                      0x08003b00   Number         0  dfixu.o(x$fpl$dfixu)
    x$fpl$dfixu                              0x08003b00   Section       90  dfixu.o(x$fpl$dfixu)
    $v0                                      0x08003b5a   Number         0  dflt_clz.o(x$fpl$dflt)
    x$fpl$dflt                               0x08003b5a   Section       46  dflt_clz.o(x$fpl$dflt)
    $v0                                      0x08003b88   Number         0  dflt_clz.o(x$fpl$dfltu)
    x$fpl$dfltu                              0x08003b88   Section       38  dflt_clz.o(x$fpl$dfltu)
    $v0                                      0x08003bb0   Number         0  dmul.o(x$fpl$dmul)
    x$fpl$dmul                               0x08003bb0   Section      340  dmul.o(x$fpl$dmul)
    $v0                                      0x08003d04   Number         0  dnaninf.o(x$fpl$dnaninf)
    x$fpl$dnaninf                            0x08003d04   Section      156  dnaninf.o(x$fpl$dnaninf)
    $v0                                      0x08003da0   Number         0  dretinf.o(x$fpl$dretinf)
    x$fpl$dretinf                            0x08003da0   Section       12  dretinf.o(x$fpl$dretinf)
    $v0                                      0x08003dac   Number         0  daddsub_clz.o(x$fpl$dsub)
    x$fpl$dsub                               0x08003dac   Section      476  daddsub_clz.o(x$fpl$dsub)
    _dsub1                                   0x08003dbd   Thumb Code     0  daddsub_clz.o(x$fpl$dsub)
    $v0                                      0x08003f88   Number         0  fpinit.o(x$fpl$fpinit)
    x$fpl$fpinit                             0x08003f88   Section       26  fpinit.o(x$fpl$fpinit)
    $v0                                      0x08003fa2   Number         0  printf1.o(x$fpl$printf1)
    x$fpl$printf1                            0x08003fa2   Section        4  printf1.o(x$fpl$printf1)
    $v0                                      0x08003fa6   Number         0  printf2.o(x$fpl$printf2)
    x$fpl$printf2                            0x08003fa6   Section        4  printf2.o(x$fpl$printf2)
    x$fpl$usenofp                            0x08003faa   Section        0  usenofp.o(x$fpl$usenofp)
    initial_mbstate                          0x08003fac   Data           8  _printf_wctomb.o(.constdata)
    .constdata                               0x08003fac   Section        8  _printf_wctomb.o(.constdata)
    uc_hextab                                0x08003fb4   Data          20  _printf_hex_int_ll_ptr.o(.constdata)
    .constdata                               0x08003fb4   Section       40  _printf_hex_int_ll_ptr.o(.constdata)
    lc_hextab                                0x08003fc8   Data          20  _printf_hex_int_ll_ptr.o(.constdata)
    maptable                                 0x08003fdc   Data          17  __printf_flags_ss_wp.o(.constdata)
    .constdata                               0x08003fdc   Section       17  __printf_flags_ss_wp.o(.constdata)
    lc_hextab                                0x08003fed   Data          19  _printf_fp_hex.o(.constdata)
    .constdata                               0x08003fed   Section       38  _printf_fp_hex.o(.constdata)
    uc_hextab                                0x08004000   Data          19  _printf_fp_hex.o(.constdata)
    tenpwrs_x                                0x08004014   Data          60  bigflt0.o(.constdata)
    .constdata                               0x08004014   Section      148  bigflt0.o(.constdata)
    tenpwrs_i                                0x08004050   Data          64  bigflt0.o(.constdata)
    .L.str.1                                 0x080062c8   Data           8  main.o(.rodata.str1.1)
    [Anonymous Symbol]                       0x080062c8   Section        0  main.o(.rodata.str1.1)
    .L.str.3                                 0x080062d0   Data           5  main.o(.rodata.str1.1)
    .L.str.2                                 0x080062d5   Data           4  main.o(.rodata.str1.1)
    .L.str                                   0x080062d9   Data           8  main.o(.rodata.str1.1)
    locale$$data                             0x08006304   Section       28  lc_numeric_c.o(locale$$data)
    __lcnum_c_name                           0x08006308   Data           2  lc_numeric_c.o(locale$$data)
    __lcnum_c_start                          0x08006310   Data           0  lc_numeric_c.o(locale$$data)
    __lcnum_c_point                          0x0800631c   Data           0  lc_numeric_c.o(locale$$data)
    __lcnum_c_thousands                      0x0800631e   Data           0  lc_numeric_c.o(locale$$data)
    __lcnum_c_grouping                       0x0800631f   Data           0  lc_numeric_c.o(locale$$data)
    __lcnum_c_end                            0x08006320   Data           0  lc_numeric_c.o(locale$$data)
    locale$$data                             0x08006320   Section      272  lc_ctype_c.o(locale$$data)
    __lcctype_c_name                         0x08006324   Data           2  lc_ctype_c.o(locale$$data)
    __lcctype_c_start                        0x0800632c   Data           0  lc_ctype_c.o(locale$$data)
    __lcctype_c_end                          0x08006430   Data           0  lc_ctype_c.o(locale$$data)
    .bss                                     0x20000020   Section       96  libspace.o(.bss)
    Heap_Mem                                 0x20000288   Data         512  startup_stm32g431xx.o(HEAP)
    HEAP                                     0x20000288   Section      512  startup_stm32g431xx.o(HEAP)
    Stack_Mem                                0x20000488   Data        1024  startup_stm32g431xx.o(STACK)
    STACK                                    0x20000488   Section     1024  startup_stm32g431xx.o(STACK)
    __initial_sp                             0x20000888   Data           0  startup_stm32g431xx.o(STACK)

    Global Symbols

    Symbol Name                              Value     Ov Type        Size  Object(Section)

    BuildAttributes$$THM_ISAv4$E$P$D$K$B$S$7EM$VFPi3$EXTD16$VFPS$VFMA$PE$A:L22UL41UL21$X:L11$S22US41US21$IEEE1$IW$~IW$USESV6$~STKCKD$USESV7$~SHL$OTIME$ROPI$IEEEJ$EBA8$UX$STANDARDLIB$REQ8$PRES8$EABIv2 0x00000000   Number         0  anon$$obj.o ABSOLUTE
    _printf_flags                            0x00000000   Number         0  printf_stubs.o ABSOLUTE
    _printf_return_value                     0x00000000   Number         0  printf_stubs.o ABSOLUTE
    _printf_sizespec                         0x00000000   Number         0  printf_stubs.o ABSOLUTE
    _printf_widthprec                        0x00000000   Number         0  printf_stubs.o ABSOLUTE
    __ARM_exceptions_init                     - Undefined Weak Reference
    __alloca_initialize                       - Undefined Weak Reference
    __arm_preinit_                            - Undefined Weak Reference
    __arm_relocate_pie_                       - Undefined Weak Reference
    __cpp_initialize__aeabi_                  - Undefined Weak Reference
    __cxa_finalize                            - Undefined Weak Reference
    __sigvec_lookup                           - Undefined Weak Reference
    _atexit_init                              - Undefined Weak Reference
    _call_atexit_fns                          - Undefined Weak Reference
    _clock_init                               - Undefined Weak Reference
    _fp_trap_init                             - Undefined Weak Reference
    _fp_trap_shutdown                         - Undefined Weak Reference
    _get_lc_collate                           - Undefined Weak Reference
    _get_lc_monetary                          - Undefined Weak Reference
    _get_lc_time                              - Undefined Weak Reference
    _getenv_init                              - Undefined Weak Reference
    _handle_redirection                       - Undefined Weak Reference
    _init_alloc                               - Undefined Weak Reference
    _init_user_alloc                          - Undefined Weak Reference
    _initio                                   - Undefined Weak Reference
    _printf_mbtowc                            - Undefined Weak Reference
    _printf_wc                                - Undefined Weak Reference
    _rand_init                                - Undefined Weak Reference
    _signal_finish                            - Undefined Weak Reference
    _signal_init                              - Undefined Weak Reference
    _terminate_alloc                          - Undefined Weak Reference
    _terminate_user_alloc                     - Undefined Weak Reference
    _terminateio                              - Undefined Weak Reference
    __Vectors_Size                           0x000001d8   Number         0  startup_stm32g431xx.o ABSOLUTE
    __Vectors                                0x08000000   Data           4  startup_stm32g431xx.o(RESET)
    __Vectors_End                            0x080001d8   Data           0  startup_stm32g431xx.o(RESET)
    __main                                   0x080001d9   Thumb Code     8  __main.o(!!!main)
    __scatterload                            0x080001e1   Thumb Code     0  __scatter.o(!!!scatter)
    __scatterload_rt2                        0x080001e1   Thumb Code    84  __scatter.o(!!!scatter)
    __scatterload_rt2_thumb_only             0x080001e1   Thumb Code     0  __scatter.o(!!!scatter)
    __scatterload_loop                       0x080001eb   Thumb Code     0  __scatter.o(!!!scatter)
    __scatterload_copy                       0x0800023d   Thumb Code    26  __scatter_copy.o(!!handler_copy)
    __scatterload_null                       0x08000259   Thumb Code     2  __scatter.o(!!handler_null)
    __scatterload_zeroinit                   0x0800025d   Thumb Code    28  __scatter_zi.o(!!handler_zi)
    _printf_n                                0x08000279   Thumb Code     0  _printf_n.o(.ARM.Collect$$_printf_percent$$00000001)
    _printf_percent                          0x08000279   Thumb Code     0  _printf_percent.o(.ARM.Collect$$_printf_percent$$00000000)
    _printf_p                                0x0800027f   Thumb Code     0  _printf_p.o(.ARM.Collect$$_printf_percent$$00000002)
    _printf_f                                0x08000285   Thumb Code     0  _printf_f.o(.ARM.Collect$$_printf_percent$$00000003)
    _printf_e                                0x0800028b   Thumb Code     0  _printf_e.o(.ARM.Collect$$_printf_percent$$00000004)
    _printf_g                                0x08000291   Thumb Code     0  _printf_g.o(.ARM.Collect$$_printf_percent$$00000005)
    _printf_a                                0x08000297   Thumb Code     0  _printf_a.o(.ARM.Collect$$_printf_percent$$00000006)
    _printf_ll                               0x0800029d   Thumb Code     0  _printf_ll.o(.ARM.Collect$$_printf_percent$$00000007)
    _printf_i                                0x080002a7   Thumb Code     0  _printf_i.o(.ARM.Collect$$_printf_percent$$00000008)
    _printf_d                                0x080002ad   Thumb Code     0  _printf_d.o(.ARM.Collect$$_printf_percent$$00000009)
    _printf_u                                0x080002b3   Thumb Code     0  _printf_u.o(.ARM.Collect$$_printf_percent$$0000000A)
    _printf_o                                0x080002b9   Thumb Code     0  _printf_o.o(.ARM.Collect$$_printf_percent$$0000000B)
    _printf_x                                0x080002bf   Thumb Code     0  _printf_x.o(.ARM.Collect$$_printf_percent$$0000000C)
    _printf_lli                              0x080002c5   Thumb Code     0  _printf_lli.o(.ARM.Collect$$_printf_percent$$0000000D)
    _printf_lld                              0x080002cb   Thumb Code     0  _printf_lld.o(.ARM.Collect$$_printf_percent$$0000000E)
    _printf_llu                              0x080002d1   Thumb Code     0  _printf_llu.o(.ARM.Collect$$_printf_percent$$0000000F)
    _printf_llo                              0x080002d7   Thumb Code     0  _printf_llo.o(.ARM.Collect$$_printf_percent$$00000010)
    _printf_llx                              0x080002dd   Thumb Code     0  _printf_llx.o(.ARM.Collect$$_printf_percent$$00000011)
    _printf_l                                0x080002e3   Thumb Code     0  _printf_l.o(.ARM.Collect$$_printf_percent$$00000012)
    _printf_c                                0x080002ed   Thumb Code     0  _printf_c.o(.ARM.Collect$$_printf_percent$$00000013)
    _printf_s                                0x080002f3   Thumb Code     0  _printf_s.o(.ARM.Collect$$_printf_percent$$00000014)
    _printf_lc                               0x080002f9   Thumb Code     0  _printf_lc.o(.ARM.Collect$$_printf_percent$$00000015)
    _printf_ls                               0x080002ff   Thumb Code     0  _printf_ls.o(.ARM.Collect$$_printf_percent$$00000016)
    _printf_percent_end                      0x08000305   Thumb Code     0  _printf_percent_end.o(.ARM.Collect$$_printf_percent$$00000017)
    __rt_lib_init                            0x08000309   Thumb Code     0  libinit.o(.ARM.Collect$$libinit$$00000000)
    __rt_lib_init_fp_1                       0x0800030b   Thumb Code     0  libinit2.o(.ARM.Collect$$libinit$$00000001)
    __rt_lib_init_heap_1                     0x0800030f   Thumb Code     0  libinit2.o(.ARM.Collect$$libinit$$0000000C)
    __rt_lib_init_lc_common                  0x0800030f   Thumb Code     0  libinit2.o(.ARM.Collect$$libinit$$00000011)
    __rt_lib_init_preinit_1                  0x0800030f   Thumb Code     0  libinit2.o(.ARM.Collect$$libinit$$00000006)
    __rt_lib_init_rand_1                     0x0800030f   Thumb Code     0  libinit2.o(.ARM.Collect$$libinit$$00000010)
    __rt_lib_init_relocate_pie_1             0x0800030f   Thumb Code     0  libinit2.o(.ARM.Collect$$libinit$$00000004)
    __rt_lib_init_user_alloc_1               0x0800030f   Thumb Code     0  libinit2.o(.ARM.Collect$$libinit$$0000000E)
    __rt_lib_init_lc_collate_1               0x08000315   Thumb Code     0  libinit2.o(.ARM.Collect$$libinit$$00000013)
    __rt_lib_init_lc_ctype_2                 0x08000315   Thumb Code     0  libinit2.o(.ARM.Collect$$libinit$$00000014)
    __rt_lib_init_lc_ctype_1                 0x08000321   Thumb Code     0  libinit2.o(.ARM.Collect$$libinit$$00000015)
    __rt_lib_init_lc_monetary_1              0x08000321   Thumb Code     0  libinit2.o(.ARM.Collect$$libinit$$00000017)
    __rt_lib_init_lc_numeric_2               0x08000321   Thumb Code     0  libinit2.o(.ARM.Collect$$libinit$$00000018)
    __rt_lib_init_alloca_1                   0x0800032b   Thumb Code     0  libinit2.o(.ARM.Collect$$libinit$$00000030)
    __rt_lib_init_argv_1                     0x0800032b   Thumb Code     0  libinit2.o(.ARM.Collect$$libinit$$0000002E)
    __rt_lib_init_atexit_1                   0x0800032b   Thumb Code     0  libinit2.o(.ARM.Collect$$libinit$$0000001D)
    __rt_lib_init_clock_1                    0x0800032b   Thumb Code     0  libinit2.o(.ARM.Collect$$libinit$$00000023)
    __rt_lib_init_cpp_1                      0x0800032b   Thumb Code     0  libinit2.o(.ARM.Collect$$libinit$$00000034)
    __rt_lib_init_exceptions_1               0x0800032b   Thumb Code     0  libinit2.o(.ARM.Collect$$libinit$$00000032)
    __rt_lib_init_fp_trap_1                  0x0800032b   Thumb Code     0  libinit2.o(.ARM.Collect$$libinit$$00000021)
    __rt_lib_init_getenv_1                   0x0800032b   Thumb Code     0  libinit2.o(.ARM.Collect$$libinit$$00000025)
    __rt_lib_init_lc_numeric_1               0x0800032b   Thumb Code     0  libinit2.o(.ARM.Collect$$libinit$$00000019)
    __rt_lib_init_lc_time_1                  0x0800032b   Thumb Code     0  libinit2.o(.ARM.Collect$$libinit$$0000001B)
    __rt_lib_init_return                     0x0800032b   Thumb Code     0  libinit2.o(.ARM.Collect$$libinit$$00000035)
    __rt_lib_init_signal_1                   0x0800032b   Thumb Code     0  libinit2.o(.ARM.Collect$$libinit$$0000001F)
    __rt_lib_init_stdio_1                    0x0800032b   Thumb Code     0  libinit2.o(.ARM.Collect$$libinit$$00000027)
    __rt_lib_shutdown                        0x0800032d   Thumb Code     0  libshutdown.o(.ARM.Collect$$libshutdown$$00000000)
    __rt_lib_shutdown_cpp_1                  0x0800032f   Thumb Code     0  libshutdown2.o(.ARM.Collect$$libshutdown$$00000002)
    __rt_lib_shutdown_fp_trap_1              0x0800032f   Thumb Code     0  libshutdown2.o(.ARM.Collect$$libshutdown$$00000007)
    __rt_lib_shutdown_heap_1                 0x0800032f   Thumb Code     0  libshutdown2.o(.ARM.Collect$$libshutdown$$0000000F)
    __rt_lib_shutdown_return                 0x0800032f   Thumb Code     0  libshutdown2.o(.ARM.Collect$$libshutdown$$00000010)
    __rt_lib_shutdown_signal_1               0x0800032f   Thumb Code     0  libshutdown2.o(.ARM.Collect$$libshutdown$$0000000A)
    __rt_lib_shutdown_stdio_1                0x0800032f   Thumb Code     0  libshutdown2.o(.ARM.Collect$$libshutdown$$00000004)
    __rt_lib_shutdown_user_alloc_1           0x0800032f   Thumb Code     0  libshutdown2.o(.ARM.Collect$$libshutdown$$0000000C)
    __rt_entry                               0x08000331   Thumb Code     0  __rtentry.o(.ARM.Collect$$rtentry$$00000000)
    __rt_entry_presh_1                       0x08000331   Thumb Code     0  __rtentry2.o(.ARM.Collect$$rtentry$$00000002)
    __rt_entry_sh                            0x08000331   Thumb Code     0  __rtentry4.o(.ARM.Collect$$rtentry$$00000004)
    __rt_entry_li                            0x08000337   Thumb Code     0  __rtentry2.o(.ARM.Collect$$rtentry$$0000000A)
    __rt_entry_postsh_1                      0x08000337   Thumb Code     0  __rtentry2.o(.ARM.Collect$$rtentry$$00000009)
    __rt_entry_main                          0x0800033b   Thumb Code     0  __rtentry2.o(.ARM.Collect$$rtentry$$0000000D)
    __rt_entry_postli_1                      0x0800033b   Thumb Code     0  __rtentry2.o(.ARM.Collect$$rtentry$$0000000C)
    __rt_exit                                0x08000343   Thumb Code     0  rtexit.o(.ARM.Collect$$rtexit$$00000000)
    __rt_exit_ls                             0x08000345   Thumb Code     0  rtexit2.o(.ARM.Collect$$rtexit$$00000003)
    __rt_exit_prels_1                        0x08000345   Thumb Code     0  rtexit2.o(.ARM.Collect$$rtexit$$00000002)
    __rt_exit_exit                           0x08000349   Thumb Code     0  rtexit2.o(.ARM.Collect$$rtexit$$00000004)
    Reset_Handler                            0x08000351   Thumb Code     8  startup_stm32g431xx.o(.text)
    NMI_Handler                              0x08000359   Thumb Code     2  startup_stm32g431xx.o(.text)
    MemManage_Handler                        0x0800035d   Thumb Code     2  startup_stm32g431xx.o(.text)
    BusFault_Handler                         0x0800035f   Thumb Code     2  startup_stm32g431xx.o(.text)
    UsageFault_Handler                       0x08000361   Thumb Code     2  startup_stm32g431xx.o(.text)
    SVC_Handler                              0x08000363   Thumb Code     2  startup_stm32g431xx.o(.text)
    DebugMon_Handler                         0x08000365   Thumb Code     2  startup_stm32g431xx.o(.text)
    PendSV_Handler                           0x08000367   Thumb Code     2  startup_stm32g431xx.o(.text)
    SysTick_Handler                          0x08000369   Thumb Code     2  startup_stm32g431xx.o(.text)
    ADC1_2_IRQHandler                        0x0800036b   Thumb Code     0  startup_stm32g431xx.o(.text)
    COMP1_2_3_IRQHandler                     0x0800036b   Thumb Code     0  startup_stm32g431xx.o(.text)
    COMP4_IRQHandler                         0x0800036b   Thumb Code     0  startup_stm32g431xx.o(.text)
    CORDIC_IRQHandler                        0x0800036b   Thumb Code     0  startup_stm32g431xx.o(.text)
    CRS_IRQHandler                           0x0800036b   Thumb Code     0  startup_stm32g431xx.o(.text)
    DMA1_Channel1_IRQHandler                 0x0800036b   Thumb Code     0  startup_stm32g431xx.o(.text)
    DMA1_Channel2_IRQHandler                 0x0800036b   Thumb Code     0  startup_stm32g431xx.o(.text)
    DMA1_Channel3_IRQHandler                 0x0800036b   Thumb Code     0  startup_stm32g431xx.o(.text)
    DMA1_Channel4_IRQHandler                 0x0800036b   Thumb Code     0  startup_stm32g431xx.o(.text)
    DMA1_Channel5_IRQHandler                 0x0800036b   Thumb Code     0  startup_stm32g431xx.o(.text)
    DMA1_Channel6_IRQHandler                 0x0800036b   Thumb Code     0  startup_stm32g431xx.o(.text)
    DMA2_Channel1_IRQHandler                 0x0800036b   Thumb Code     0  startup_stm32g431xx.o(.text)
    DMA2_Channel2_IRQHandler                 0x0800036b   Thumb Code     0  startup_stm32g431xx.o(.text)
    DMA2_Channel3_IRQHandler                 0x0800036b   Thumb Code     0  startup_stm32g431xx.o(.text)
    DMA2_Channel4_IRQHandler                 0x0800036b   Thumb Code     0  startup_stm32g431xx.o(.text)
    DMA2_Channel5_IRQHandler                 0x0800036b   Thumb Code     0  startup_stm32g431xx.o(.text)
    DMA2_Channel6_IRQHandler                 0x0800036b   Thumb Code     0  startup_stm32g431xx.o(.text)
    DMAMUX_OVR_IRQHandler                    0x0800036b   Thumb Code     0  startup_stm32g431xx.o(.text)
    EXTI15_10_IRQHandler                     0x0800036b   Thumb Code     0  startup_stm32g431xx.o(.text)
    EXTI1_IRQHandler                         0x0800036b   Thumb Code     0  startup_stm32g431xx.o(.text)
    EXTI2_IRQHandler                         0x0800036b   Thumb Code     0  startup_stm32g431xx.o(.text)
    EXTI3_IRQHandler                         0x0800036b   Thumb Code     0  startup_stm32g431xx.o(.text)
    EXTI4_IRQHandler                         0x0800036b   Thumb Code     0  startup_stm32g431xx.o(.text)
    EXTI9_5_IRQHandler                       0x0800036b   Thumb Code     0  startup_stm32g431xx.o(.text)
    FDCAN1_IT0_IRQHandler                    0x0800036b   Thumb Code     0  startup_stm32g431xx.o(.text)
    FDCAN1_IT1_IRQHandler                    0x0800036b   Thumb Code     0  startup_stm32g431xx.o(.text)
    FLASH_IRQHandler                         0x0800036b   Thumb Code     0  startup_stm32g431xx.o(.text)
    FMAC_IRQHandler                          0x0800036b   Thumb Code     0  startup_stm32g431xx.o(.text)
    FPU_IRQHandler                           0x0800036b   Thumb Code     0  startup_stm32g431xx.o(.text)
    I2C1_ER_IRQHandler                       0x0800036b   Thumb Code     0  startup_stm32g431xx.o(.text)
    I2C1_EV_IRQHandler                       0x0800036b   Thumb Code     0  startup_stm32g431xx.o(.text)
    I2C2_ER_IRQHandler                       0x0800036b   Thumb Code     0  startup_stm32g431xx.o(.text)
    I2C2_EV_IRQHandler                       0x0800036b   Thumb Code     0  startup_stm32g431xx.o(.text)
    I2C3_ER_IRQHandler                       0x0800036b   Thumb Code     0  startup_stm32g431xx.o(.text)
    I2C3_EV_IRQHandler                       0x0800036b   Thumb Code     0  startup_stm32g431xx.o(.text)
    LPTIM1_IRQHandler                        0x0800036b   Thumb Code     0  startup_stm32g431xx.o(.text)
    LPUART1_IRQHandler                       0x0800036b   Thumb Code     0  startup_stm32g431xx.o(.text)
    PVD_PVM_IRQHandler                       0x0800036b   Thumb Code     0  startup_stm32g431xx.o(.text)
    RCC_IRQHandler                           0x0800036b   Thumb Code     0  startup_stm32g431xx.o(.text)
    RNG_IRQHandler                           0x0800036b   Thumb Code     0  startup_stm32g431xx.o(.text)
    RTC_Alarm_IRQHandler                     0x0800036b   Thumb Code     0  startup_stm32g431xx.o(.text)
    RTC_TAMP_LSECSS_IRQHandler               0x0800036b   Thumb Code     0  startup_stm32g431xx.o(.text)
    RTC_WKUP_IRQHandler                      0x0800036b   Thumb Code     0  startup_stm32g431xx.o(.text)
    SAI1_IRQHandler                          0x0800036b   Thumb Code     0  startup_stm32g431xx.o(.text)
    SPI1_IRQHandler                          0x0800036b   Thumb Code     0  startup_stm32g431xx.o(.text)
    SPI2_IRQHandler                          0x0800036b   Thumb Code     0  startup_stm32g431xx.o(.text)
    SPI3_IRQHandler                          0x0800036b   Thumb Code     0  startup_stm32g431xx.o(.text)
    TIM1_BRK_TIM15_IRQHandler                0x0800036b   Thumb Code     0  startup_stm32g431xx.o(.text)
    TIM1_CC_IRQHandler                       0x0800036b   Thumb Code     0  startup_stm32g431xx.o(.text)
    TIM1_TRG_COM_TIM17_IRQHandler            0x0800036b   Thumb Code     0  startup_stm32g431xx.o(.text)
    TIM1_UP_TIM16_IRQHandler                 0x0800036b   Thumb Code     0  startup_stm32g431xx.o(.text)
    TIM2_IRQHandler                          0x0800036b   Thumb Code     0  startup_stm32g431xx.o(.text)
    TIM4_IRQHandler                          0x0800036b   Thumb Code     0  startup_stm32g431xx.o(.text)
    TIM6_DAC_IRQHandler                      0x0800036b   Thumb Code     0  startup_stm32g431xx.o(.text)
    TIM7_IRQHandler                          0x0800036b   Thumb Code     0  startup_stm32g431xx.o(.text)
    TIM8_BRK_IRQHandler                      0x0800036b   Thumb Code     0  startup_stm32g431xx.o(.text)
    TIM8_CC_IRQHandler                       0x0800036b   Thumb Code     0  startup_stm32g431xx.o(.text)
    TIM8_TRG_COM_IRQHandler                  0x0800036b   Thumb Code     0  startup_stm32g431xx.o(.text)
    TIM8_UP_IRQHandler                       0x0800036b   Thumb Code     0  startup_stm32g431xx.o(.text)
    UART4_IRQHandler                         0x0800036b   Thumb Code     0  startup_stm32g431xx.o(.text)
    UCPD1_IRQHandler                         0x0800036b   Thumb Code     0  startup_stm32g431xx.o(.text)
    USART1_IRQHandler                        0x0800036b   Thumb Code     0  startup_stm32g431xx.o(.text)
    USART2_IRQHandler                        0x0800036b   Thumb Code     0  startup_stm32g431xx.o(.text)
    USART3_IRQHandler                        0x0800036b   Thumb Code     0  startup_stm32g431xx.o(.text)
    USBWakeUp_IRQHandler                     0x0800036b   Thumb Code     0  startup_stm32g431xx.o(.text)
    USB_HP_IRQHandler                        0x0800036b   Thumb Code     0  startup_stm32g431xx.o(.text)
    USB_LP_IRQHandler                        0x0800036b   Thumb Code     0  startup_stm32g431xx.o(.text)
    WWDG_IRQHandler                          0x0800036b   Thumb Code     0  startup_stm32g431xx.o(.text)
    __user_initial_stackheap                 0x0800036d   Thumb Code     0  startup_stm32g431xx.o(.text)
    sprintf                                  0x08000391   Thumb Code    38  sprintf.o(.text)
    strlen                                   0x080003bd   Thumb Code    62  strlen.o(.text)
    __use_two_region_memory                  0x080003fb   Thumb Code     2  heapauxi.o(.text)
    __rt_heap_escrow$2region                 0x080003fd   Thumb Code     2  heapauxi.o(.text)
    __rt_heap_expand$2region                 0x080003ff   Thumb Code     2  heapauxi.o(.text)
    _printf_pre_padding                      0x08000401   Thumb Code    44  _printf_pad.o(.text)
    _printf_post_padding                     0x0800042d   Thumb Code    34  _printf_pad.o(.text)
    _printf_truncate_signed                  0x0800044f   Thumb Code    18  _printf_truncate.o(.text)
    _printf_truncate_unsigned                0x08000461   Thumb Code    18  _printf_truncate.o(.text)
    _printf_str                              0x08000473   Thumb Code    82  _printf_str.o(.text)
    _printf_int_dec                          0x080004c5   Thumb Code   104  _printf_dec.o(.text)
    _printf_charcount                        0x0800053d   Thumb Code    40  _printf_charcount.o(.text)
    _printf_char_common                      0x0800056f   Thumb Code    32  _printf_char_common.o(.text)
    _sputc                                   0x08000595   Thumb Code    10  _sputc.o(.text)
    _printf_wctomb                           0x080005a1   Thumb Code   182  _printf_wctomb.o(.text)
    _printf_longlong_dec                     0x0800065d   Thumb Code   108  _printf_longlong_dec.o(.text)
    _printf_longlong_oct                     0x080006d9   Thumb Code    68  _printf_oct_int_ll.o(.text)
    _printf_int_oct                          0x0800071d   Thumb Code    24  _printf_oct_int_ll.o(.text)
    _printf_ll_oct                           0x08000735   Thumb Code    12  _printf_oct_int_ll.o(.text)
    _printf_longlong_hex                     0x08000749   Thumb Code    86  _printf_hex_int_ll_ptr.o(.text)
    _printf_int_hex                          0x0800079f   Thumb Code    28  _printf_hex_int_ll_ptr.o(.text)
    _printf_ll_hex                           0x080007bb   Thumb Code    12  _printf_hex_int_ll_ptr.o(.text)
    _printf_hex_ptr                          0x080007c7   Thumb Code    18  _printf_hex_int_ll_ptr.o(.text)
    __printf                                 0x080007dd   Thumb Code   388  __printf_flags_ss_wp.o(.text)
    _ll_udiv10                               0x08000965   Thumb Code   138  lludiv10.o(.text)
    _printf_int_common                       0x080009ef   Thumb Code   178  _printf_intcommon.o(.text)
    _printf_fp_dec_real                      0x08000c51   Thumb Code   620  _printf_fp_dec.o(.text)
    _printf_fp_hex_real                      0x08000ebd   Thumb Code   756  _printf_fp_hex.o(.text)
    _printf_cs_common                        0x080011b9   Thumb Code    20  _printf_char.o(.text)
    _printf_char                             0x080011cd   Thumb Code    16  _printf_char.o(.text)
    _printf_string                           0x080011dd   Thumb Code     8  _printf_char.o(.text)
    _printf_lcs_common                       0x080011e5   Thumb Code    20  _printf_wchar.o(.text)
    _printf_wchar                            0x080011f9   Thumb Code    16  _printf_wchar.o(.text)
    _printf_wstring                          0x08001209   Thumb Code     8  _printf_wchar.o(.text)
    _c16rtomb                                0x08001211   Thumb Code    72  _c16rtomb.o(.text)
    _wcrtomb                                 0x08001211   Thumb Code     0  _c16rtomb.o(.text)
    __user_setup_stackheap                   0x08001259   Thumb Code    74  sys_stackheap_outer.o(.text)
    __rt_ctype_table                         0x080012a5   Thumb Code    16  rt_ctype_table.o(.text)
    __rt_locale                              0x080012b5   Thumb Code     8  rt_locale_intlibspace.o(.text)
    _printf_fp_infnan                        0x080012bd   Thumb Code   112  _printf_fp_infnan.o(.text)
    _btod_etento                             0x0800133d   Thumb Code   224  bigflt0.o(.text)
    exit                                     0x08001421   Thumb Code    18  exit.o(.text)
    __user_libspace                          0x08001435   Thumb Code     8  libspace.o(.text)
    __user_perproc_libspace                  0x08001435   Thumb Code     0  libspace.o(.text)
    __user_perthread_libspace                0x08001435   Thumb Code     0  libspace.o(.text)
    strcmp                                   0x08001441   Thumb Code   124  strcmpv7em.o(.text)
    _sys_exit                                0x080014bd   Thumb Code     8  sys_exit.o(.text)
    __I$use$semihosting                      0x080014c9   Thumb Code     0  use_no_semi.o(.text)
    __use_no_semihosting_swi                 0x080014c9   Thumb Code     2  use_no_semi.o(.text)
    __semihosting_library_function           0x080014cb   Thumb Code     0  indicate_semi.o(.text)
    Clock_Init                               0x080014cd   Thumb Code   202  rcc.o(.text.Clock_Init)
    DHT22_Init                               0x08001599   Thumb Code    84  dht22.o(.text.DHT22_Init)
    EXTI0_IRQHandler                         0x080015ed   Thumb Code   526  exti.o(.text.EXTI0_IRQHandler)
    GPIO_Init                                0x080017fd   Thumb Code    90  gpio.o(.text.GPIO_Init)
    HardFault_Handler                        0x08001859   Thumb Code    24  main.o(.text.HardFault_Handler)
    MCO_Init                                 0x08001871   Thumb Code    48  rcc.o(.text.MCO_Init)
    SPI1_Init                                0x080018a1   Thumb Code   128  spi.o(.text.SPI1_Init)
    SPI1_Send_Byte                           0x08001921   Thumb Code    46  spi.o(.text.SPI1_Send_Byte)
    SPI2_Init                                0x08001951   Thumb Code   138  spi.o(.text.SPI2_Init)
    SystemInit                               0x080019dd   Thumb Code    18  system_stm32g4xx.o(.text.SystemInit)
    TDC1000_Init                             0x080019f1   Thumb Code   186  tdc1000.o(.text.TDC1000_Init)
    TDC1000_SPIRead                          0x08001aad   Thumb Code   186  tdc1000.o(.text.TDC1000_SPIRead)
    TDC1000_SPIWrite                         0x08001b69   Thumb Code   180  tdc1000.o(.text.TDC1000_SPIWrite)
    TDC7200_Init                             0x08001c1d   Thumb Code    80  tdc1000.o(.text.TDC7200_Init)
    TDC7200_SPIRead                          0x08001c6d   Thumb Code   188  tdc1000.o(.text.TDC7200_SPIRead)
    TDC7200_SPIRead_Reg                      0x08001d29   Thumb Code   218  tdc1000.o(.text.TDC7200_SPIRead_Reg)
    TDC7200_SPIWrite                         0x08001e05   Thumb Code   180  tdc1000.o(.text.TDC7200_SPIWrite)
    TFT_Fill_Color                           0x08001eb9   Thumb Code   120  tft.o(.text.TFT_Fill_Color)
    TFT_Init                                 0x08001f31   Thumb Code   230  tft.o(.text.TFT_Init)
    TFT_Send_Byte                            0x08002019   Thumb Code    64  tft.o(.text.TFT_Send_Byte)
    TFT_Send_Char                            0x08002059   Thumb Code   392  tft.o(.text.TFT_Send_Char)
    TFT_Send_Command                         0x080021e1   Thumb Code    64  tft.o(.text.TFT_Send_Command)
    TFT_Send_Str                             0x08002221   Thumb Code   202  tft.o(.text.TFT_Send_Str)
    TFT_Set_Area                             0x080022ed   Thumb Code   220  tft.o(.text.TFT_Set_Area)
    TIM3_IRQHandler                          0x080023c9   Thumb Code    70  tim.o(.text.TIM3_IRQHandler)
    TOF_Calc                                 0x08002411   Thumb Code   392  main.o(.text.TOF_Calc)
    Temper_Calc                              0x080025a9   Thumb Code  1096  main.o(.text.Temper_Calc)
    delay_ms                                 0x080029f9   Thumb Code    64  delay.o(.text.delay_ms)
    delay_us                                 0x08002a39   Thumb Code    64  delay.o(.text.delay_us)
    main                                     0x08002a79   Thumb Code   928  main.o(.text.main)
    smooth                                   0x08002e21   Thumb Code    80  exti.o(.text.smooth)
    _btod_d2e                                0x08002e71   Thumb Code    62  btod.o(CL$$btod_d2e)
    _d2e_denorm_low                          0x08002eaf   Thumb Code    70  btod.o(CL$$btod_d2e_denorm_low)
    _d2e_norm_op1                            0x08002ef5   Thumb Code    96  btod.o(CL$$btod_d2e_norm_op1)
    __btod_div_common                        0x08002f55   Thumb Code   696  btod.o(CL$$btod_div_common)
    _e2e                                     0x0800328d   Thumb Code   220  btod.o(CL$$btod_e2e)
    _btod_ediv                               0x08003369   Thumb Code    42  btod.o(CL$$btod_ediv)
    _btod_emul                               0x08003393   Thumb Code    42  btod.o(CL$$btod_emul)
    __btod_mult_common                       0x080033bd   Thumb Code   580  btod.o(CL$$btod_mult_common)
    __ARM_fpclassify                         0x08003601   Thumb Code    48  fpclassify.o(i.__ARM_fpclassify)
    _is_digit                                0x08003631   Thumb Code    14  __printf_wp.o(i._is_digit)
    _get_lc_numeric                          0x08003641   Thumb Code    44  lc_numeric_c.o(locale$$code)
    _get_lc_ctype                            0x0800366d   Thumb Code    44  lc_ctype_c.o(locale$$code)
    __aeabi_dadd                             0x08003699   Thumb Code     0  daddsub_clz.o(x$fpl$dadd)
    _dadd                                    0x08003699   Thumb Code   332  daddsub_clz.o(x$fpl$dadd)
    __aeabi_ddiv                             0x080037e9   Thumb Code     0  ddiv.o(x$fpl$ddiv)
    _ddiv                                    0x080037e9   Thumb Code   560  ddiv.o(x$fpl$ddiv)
    __aeabi_d2iz                             0x08003aa1   Thumb Code     0  dfix.o(x$fpl$dfix)
    _dfix                                    0x08003aa1   Thumb Code    94  dfix.o(x$fpl$dfix)
    __aeabi_d2uiz                            0x08003b01   Thumb Code     0  dfixu.o(x$fpl$dfixu)
    _dfixu                                   0x08003b01   Thumb Code    90  dfixu.o(x$fpl$dfixu)
    __aeabi_i2d                              0x08003b5b   Thumb Code     0  dflt_clz.o(x$fpl$dflt)
    _dflt                                    0x08003b5b   Thumb Code    46  dflt_clz.o(x$fpl$dflt)
    __aeabi_ui2d                             0x08003b89   Thumb Code     0  dflt_clz.o(x$fpl$dfltu)
    _dfltu                                   0x08003b89   Thumb Code    38  dflt_clz.o(x$fpl$dfltu)
    __aeabi_dmul                             0x08003bb1   Thumb Code     0  dmul.o(x$fpl$dmul)
    _dmul                                    0x08003bb1   Thumb Code   332  dmul.o(x$fpl$dmul)
    __fpl_dnaninf                            0x08003d05   Thumb Code   156  dnaninf.o(x$fpl$dnaninf)
    __fpl_dretinf                            0x08003da1   Thumb Code    12  dretinf.o(x$fpl$dretinf)
    __aeabi_dsub                             0x08003dad   Thumb Code     0  daddsub_clz.o(x$fpl$dsub)
    _dsub                                    0x08003dad   Thumb Code   472  daddsub_clz.o(x$fpl$dsub)
    _fp_init                                 0x08003f89   Thumb Code    26  fpinit.o(x$fpl$fpinit)
    __fplib_config_fpu_vfp                   0x08003fa1   Thumb Code     0  fpinit.o(x$fpl$fpinit)
    __fplib_config_pureend_doubles           0x08003fa1   Thumb Code     0  fpinit.o(x$fpl$fpinit)
    _printf_fp_dec                           0x08003fa3   Thumb Code     4  printf1.o(x$fpl$printf1)
    _printf_fp_hex                           0x08003fa7   Thumb Code     4  printf2.o(x$fpl$printf2)
    __I$use$fp                               0x08003faa   Number         0  usenofp.o(x$fpl$usenofp)
    Font16x26                                0x080040a8   Data        8736  fonts.o(.rodata.Font16x26)
    Region$$Table$$Base                      0x080062e4   Number         0  anon$$obj.o(Region$$Table)
    Region$$Table$$Limit                     0x08006304   Number         0  anon$$obj.o(Region$$Table)
    __ctype                                  0x0800632d   Data           0  lc_ctype_c.o(locale$$data)
    Font_16x26                               0x20000000   Data           8  fonts.o(.data.Font_16x26)
    SystemCoreClock                          0x20000008   Data           4  system_stm32g4xx.o(.data.SystemCoreClock)
    mes_mode                                 0x2000000c   Data           1  main.o(.data.mes_mode)
    mes_wait                                 0x2000000d   Data           1  main.o(.data.mes_wait)
    min                                      0x20000010   Data           4  exti.o(.data.min)
    phase_shift_smoothed                     0x20000014   Data           4  exti.o(.data.phase_shift_smoothed)
    tick                                     0x20000018   Data           4  exti.o(.data.tick)
    __libspace_start                         0x20000020   Data          96  libspace.o(.bss)
    TOF                                      0x20000080   Data           8  main.o(.bss.TOF)
    __temporary_stack_top$libspace           0x20000080   Data           0  libspace.o(.bss)
    TOF1                                     0x20000088   Data           8  main.o(.bss.TOF1)
    TOF2                                     0x20000090   Data           8  main.o(.bss.TOF2)
    TOF3                                     0x20000098   Data           8  main.o(.bss.TOF3)
    TOF4                                     0x200000a0   Data           8  main.o(.bss.TOF4)
    TOF5                                     0x200000a8   Data           8  main.o(.bss.TOF5)
    Temperature                              0x200000b0   Data           8  main.o(.bss.Temperature)
    a                                        0x200000b8   Data         400  exti.o(.bss.a)
    acc                                      0x20000248   Data           4  exti.o(.bss.acc)
    answ                                     0x2000024c   Data           1  main.o(.bss.answ)
    k                                        0x2000024d   Data           1  exti.o(.bss.k)
    last_cnt                                 0x20000250   Data           4  exti.o(.bss.last_cnt)
    length_mid                               0x20000254   Data           4  exti.o(.bss.length_mid)
    max                                      0x20000258   Data           4  exti.o(.bss.max)
    new_cnt                                  0x2000025c   Data           4  exti.o(.bss.new_cnt)
    new_pulse_flag                           0x20000260   Data           1  tim.o(.bss.new_pulse_flag)
    phase_shift                              0x20000264   Data           4  tim.o(.bss.phase_shift)
    second_tick                              0x20000268   Data           1  exti.o(.bss.second_tick)
    temper                                   0x2000026c   Data           4  main.o(.bss.temper)
    tmp_str                                  0x20000270   Data          20  main.o(.bss.tmp_str)



==============================================================================

Memory Map of the image

  Image Entry point : 0x080001d9

  Load Region LR_IROM1 (Base: 0x08000000, Size: 0x00006450, Max: 0x00020000, ABSOLUTE)

    Execution Region ER_IROM1 (Exec base: 0x08000000, Load base: 0x08000000, Size: 0x00006430, Max: 0x00020000, ABSOLUTE)

    Exec Addr    Load Addr    Size         Type   Attr      Idx    E Section Name        Object

    0x08000000   0x08000000   0x000001d8   Data   RO          222    RESET               startup_stm32g431xx.o
    0x080001d8   0x080001d8   0x00000008   Code   RO          251  * !!!main             c_w.l(__main.o)
    0x080001e0   0x080001e0   0x0000005c   Code   RO          618    !!!scatter          c_w.l(__scatter.o)
    0x0800023c   0x0800023c   0x0000001a   Code   RO          622    !!handler_copy      c_w.l(__scatter_copy.o)
    0x08000256   0x08000256   0x00000002   PAD
    0x08000258   0x08000258   0x00000002   Code   RO          619    !!handler_null      c_w.l(__scatter.o)
    0x0800025a   0x0800025a   0x00000002   PAD
    0x0800025c   0x0800025c   0x0000001c   Code   RO          624    !!handler_zi        c_w.l(__scatter_zi.o)
    0x08000278   0x08000278   0x00000000   Code   RO          361    .ARM.Collect$$_printf_percent$$00000000  c_w.l(_printf_percent.o)
    0x08000278   0x08000278   0x00000006   Code   RO          350    .ARM.Collect$$_printf_percent$$00000001  c_w.l(_printf_n.o)
    0x0800027e   0x0800027e   0x00000006   Code   RO          352    .ARM.Collect$$_printf_percent$$00000002  c_w.l(_printf_p.o)
    0x08000284   0x08000284   0x00000006   Code   RO          357    .ARM.Collect$$_printf_percent$$00000003  c_w.l(_printf_f.o)
    0x0800028a   0x0800028a   0x00000006   Code   RO          358    .ARM.Collect$$_printf_percent$$00000004  c_w.l(_printf_e.o)
    0x08000290   0x08000290   0x00000006   Code   RO          359    .ARM.Collect$$_printf_percent$$00000005  c_w.l(_printf_g.o)
    0x08000296   0x08000296   0x00000006   Code   RO          360    .ARM.Collect$$_printf_percent$$00000006  c_w.l(_printf_a.o)
    0x0800029c   0x0800029c   0x0000000a   Code   RO          365    .ARM.Collect$$_printf_percent$$00000007  c_w.l(_printf_ll.o)
    0x080002a6   0x080002a6   0x00000006   Code   RO          354    .ARM.Collect$$_printf_percent$$00000008  c_w.l(_printf_i.o)
    0x080002ac   0x080002ac   0x00000006   Code   RO          355    .ARM.Collect$$_printf_percent$$00000009  c_w.l(_printf_d.o)
    0x080002b2   0x080002b2   0x00000006   Code   RO          356    .ARM.Collect$$_printf_percent$$0000000A  c_w.l(_printf_u.o)
    0x080002b8   0x080002b8   0x00000006   Code   RO          353    .ARM.Collect$$_printf_percent$$0000000B  c_w.l(_printf_o.o)
    0x080002be   0x080002be   0x00000006   Code   RO          351    .ARM.Collect$$_printf_percent$$0000000C  c_w.l(_printf_x.o)
    0x080002c4   0x080002c4   0x00000006   Code   RO          362    .ARM.Collect$$_printf_percent$$0000000D  c_w.l(_printf_lli.o)
    0x080002ca   0x080002ca   0x00000006   Code   RO          363    .ARM.Collect$$_printf_percent$$0000000E  c_w.l(_printf_lld.o)
    0x080002d0   0x080002d0   0x00000006   Code   RO          364    .ARM.Collect$$_printf_percent$$0000000F  c_w.l(_printf_llu.o)
    0x080002d6   0x080002d6   0x00000006   Code   RO          369    .ARM.Collect$$_printf_percent$$00000010  c_w.l(_printf_llo.o)
    0x080002dc   0x080002dc   0x00000006   Code   RO          370    .ARM.Collect$$_printf_percent$$00000011  c_w.l(_printf_llx.o)
    0x080002e2   0x080002e2   0x0000000a   Code   RO          366    .ARM.Collect$$_printf_percent$$00000012  c_w.l(_printf_l.o)
    0x080002ec   0x080002ec   0x00000006   Code   RO          348    .ARM.Collect$$_printf_percent$$00000013  c_w.l(_printf_c.o)
    0x080002f2   0x080002f2   0x00000006   Code   RO          349    .ARM.Collect$$_printf_percent$$00000014  c_w.l(_printf_s.o)
    0x080002f8   0x080002f8   0x00000006   Code   RO          367    .ARM.Collect$$_printf_percent$$00000015  c_w.l(_printf_lc.o)
    0x080002fe   0x080002fe   0x00000006   Code   RO          368    .ARM.Collect$$_printf_percent$$00000016  c_w.l(_printf_ls.o)
    0x08000304   0x08000304   0x00000004   Code   RO          416    .ARM.Collect$$_printf_percent$$00000017  c_w.l(_printf_percent_end.o)
    0x08000308   0x08000308   0x00000002   Code   RO          467    .ARM.Collect$$libinit$$00000000  c_w.l(libinit.o)
    0x0800030a   0x0800030a   0x00000004   Code   RO          484    .ARM.Collect$$libinit$$00000001  c_w.l(libinit2.o)
    0x0800030e   0x0800030e   0x00000000   Code   RO          487    .ARM.Collect$$libinit$$00000004  c_w.l(libinit2.o)
    0x0800030e   0x0800030e   0x00000000   Code   RO          489    .ARM.Collect$$libinit$$00000006  c_w.l(libinit2.o)
    0x0800030e   0x0800030e   0x00000000   Code   RO          492    .ARM.Collect$$libinit$$0000000C  c_w.l(libinit2.o)
    0x0800030e   0x0800030e   0x00000000   Code   RO          494    .ARM.Collect$$libinit$$0000000E  c_w.l(libinit2.o)
    0x0800030e   0x0800030e   0x00000000   Code   RO          496    .ARM.Collect$$libinit$$00000010  c_w.l(libinit2.o)
    0x0800030e   0x0800030e   0x00000006   Code   RO          497    .ARM.Collect$$libinit$$00000011  c_w.l(libinit2.o)
    0x08000314   0x08000314   0x00000000   Code   RO          499    .ARM.Collect$$libinit$$00000013  c_w.l(libinit2.o)
    0x08000314   0x08000314   0x0000000c   Code   RO          500    .ARM.Collect$$libinit$$00000014  c_w.l(libinit2.o)
    0x08000320   0x08000320   0x00000000   Code   RO          501    .ARM.Collect$$libinit$$00000015  c_w.l(libinit2.o)
    0x08000320   0x08000320   0x00000000   Code   RO          503    .ARM.Collect$$libinit$$00000017  c_w.l(libinit2.o)
    0x08000320   0x08000320   0x0000000a   Code   RO          504    .ARM.Collect$$libinit$$00000018  c_w.l(libinit2.o)
    0x0800032a   0x0800032a   0x00000000   Code   RO          505    .ARM.Collect$$libinit$$00000019  c_w.l(libinit2.o)
    0x0800032a   0x0800032a   0x00000000   Code   RO          507    .ARM.Collect$$libinit$$0000001B  c_w.l(libinit2.o)
    0x0800032a   0x0800032a   0x00000000   Code   RO          509    .ARM.Collect$$libinit$$0000001D  c_w.l(libinit2.o)
    0x0800032a   0x0800032a   0x00000000   Code   RO          511    .ARM.Collect$$libinit$$0000001F  c_w.l(libinit2.o)
    0x0800032a   0x0800032a   0x00000000   Code   RO          513    .ARM.Collect$$libinit$$00000021  c_w.l(libinit2.o)
    0x0800032a   0x0800032a   0x00000000   Code   RO          515    .ARM.Collect$$libinit$$00000023  c_w.l(libinit2.o)
    0x0800032a   0x0800032a   0x00000000   Code   RO          517    .ARM.Collect$$libinit$$00000025  c_w.l(libinit2.o)
    0x0800032a   0x0800032a   0x00000000   Code   RO          519    .ARM.Collect$$libinit$$00000027  c_w.l(libinit2.o)
    0x0800032a   0x0800032a   0x00000000   Code   RO          523    .ARM.Collect$$libinit$$0000002E  c_w.l(libinit2.o)
    0x0800032a   0x0800032a   0x00000000   Code   RO          525    .ARM.Collect$$libinit$$00000030  c_w.l(libinit2.o)
    0x0800032a   0x0800032a   0x00000000   Code   RO          527    .ARM.Collect$$libinit$$00000032  c_w.l(libinit2.o)
    0x0800032a   0x0800032a   0x00000000   Code   RO          529    .ARM.Collect$$libinit$$00000034  c_w.l(libinit2.o)
    0x0800032a   0x0800032a   0x00000002   Code   RO          530    .ARM.Collect$$libinit$$00000035  c_w.l(libinit2.o)
    0x0800032c   0x0800032c   0x00000002   Code   RO          554    .ARM.Collect$$libshutdown$$00000000  c_w.l(libshutdown.o)
    0x0800032e   0x0800032e   0x00000000   Code   RO          569    .ARM.Collect$$libshutdown$$00000002  c_w.l(libshutdown2.o)
    0x0800032e   0x0800032e   0x00000000   Code   RO          571    .ARM.Collect$$libshutdown$$00000004  c_w.l(libshutdown2.o)
    0x0800032e   0x0800032e   0x00000000   Code   RO          574    .ARM.Collect$$libshutdown$$00000007  c_w.l(libshutdown2.o)
    0x0800032e   0x0800032e   0x00000000   Code   RO          577    .ARM.Collect$$libshutdown$$0000000A  c_w.l(libshutdown2.o)
    0x0800032e   0x0800032e   0x00000000   Code   RO          579    .ARM.Collect$$libshutdown$$0000000C  c_w.l(libshutdown2.o)
    0x0800032e   0x0800032e   0x00000000   Code   RO          582    .ARM.Collect$$libshutdown$$0000000F  c_w.l(libshutdown2.o)
    0x0800032e   0x0800032e   0x00000002   Code   RO          583    .ARM.Collect$$libshutdown$$00000010  c_w.l(libshutdown2.o)
    0x08000330   0x08000330   0x00000000   Code   RO          279    .ARM.Collect$$rtentry$$00000000  c_w.l(__rtentry.o)
    0x08000330   0x08000330   0x00000000   Code   RO          385    .ARM.Collect$$rtentry$$00000002  c_w.l(__rtentry2.o)
    0x08000330   0x08000330   0x00000006   Code   RO          397    .ARM.Collect$$rtentry$$00000004  c_w.l(__rtentry4.o)
    0x08000336   0x08000336   0x00000000   Code   RO          387    .ARM.Collect$$rtentry$$00000009  c_w.l(__rtentry2.o)
    0x08000336   0x08000336   0x00000004   Code   RO          388    .ARM.Collect$$rtentry$$0000000A  c_w.l(__rtentry2.o)
    0x0800033a   0x0800033a   0x00000000   Code   RO          390    .ARM.Collect$$rtentry$$0000000C  c_w.l(__rtentry2.o)
    0x0800033a   0x0800033a   0x00000008   Code   RO          391    .ARM.Collect$$rtentry$$0000000D  c_w.l(__rtentry2.o)
    0x08000342   0x08000342   0x00000002   Code   RO          475    .ARM.Collect$$rtexit$$00000000  c_w.l(rtexit.o)
    0x08000344   0x08000344   0x00000000   Code   RO          532    .ARM.Collect$$rtexit$$00000002  c_w.l(rtexit2.o)
    0x08000344   0x08000344   0x00000004   Code   RO          533    .ARM.Collect$$rtexit$$00000003  c_w.l(rtexit2.o)
    0x08000348   0x08000348   0x00000006   Code   RO          534    .ARM.Collect$$rtexit$$00000004  c_w.l(rtexit2.o)
    0x0800034e   0x0800034e   0x00000002   PAD
    0x08000350   0x08000350   0x00000040   Code   RO          223    .text               startup_stm32g431xx.o
    0x08000390   0x08000390   0x0000002c   Code   RO          245    .text               c_w.l(sprintf.o)
    0x080003bc   0x080003bc   0x0000003e   Code   RO          247    .text               c_w.l(strlen.o)
    0x080003fa   0x080003fa   0x00000006   Code   RO          249    .text               c_w.l(heapauxi.o)
    0x08000400   0x08000400   0x0000004e   Code   RO          282    .text               c_w.l(_printf_pad.o)
    0x0800044e   0x0800044e   0x00000024   Code   RO          284    .text               c_w.l(_printf_truncate.o)
    0x08000472   0x08000472   0x00000052   Code   RO          286    .text               c_w.l(_printf_str.o)
    0x080004c4   0x080004c4   0x00000078   Code   RO          288    .text               c_w.l(_printf_dec.o)
    0x0800053c   0x0800053c   0x00000028   Code   RO          290    .text               c_w.l(_printf_charcount.o)
    0x08000564   0x08000564   0x00000030   Code   RO          292    .text               c_w.l(_printf_char_common.o)
    0x08000594   0x08000594   0x0000000a   Code   RO          294    .text               c_w.l(_sputc.o)
    0x0800059e   0x0800059e   0x00000002   PAD
    0x080005a0   0x080005a0   0x000000bc   Code   RO          296    .text               c_w.l(_printf_wctomb.o)
    0x0800065c   0x0800065c   0x0000007c   Code   RO          299    .text               c_w.l(_printf_longlong_dec.o)
    0x080006d8   0x080006d8   0x00000070   Code   RO          305    .text               c_w.l(_printf_oct_int_ll.o)
    0x08000748   0x08000748   0x00000094   Code   RO          325    .text               c_w.l(_printf_hex_int_ll_ptr.o)
    0x080007dc   0x080007dc   0x00000188   Code   RO          345    .text               c_w.l(__printf_flags_ss_wp.o)
    0x08000964   0x08000964   0x0000008a   Code   RO          399    .text               c_w.l(lludiv10.o)
    0x080009ee   0x080009ee   0x000000b2   Code   RO          401    .text               c_w.l(_printf_intcommon.o)
    0x08000aa0   0x08000aa0   0x0000041c   Code   RO          403    .text               c_w.l(_printf_fp_dec.o)
    0x08000ebc   0x08000ebc   0x000002fc   Code   RO          407    .text               c_w.l(_printf_fp_hex.o)
    0x080011b8   0x080011b8   0x0000002c   Code   RO          412    .text               c_w.l(_printf_char.o)
    0x080011e4   0x080011e4   0x0000002c   Code   RO          414    .text               c_w.l(_printf_wchar.o)
    0x08001210   0x08001210   0x00000048   Code   RO          417    .text               c_w.l(_c16rtomb.o)
    0x08001258   0x08001258   0x0000004a   Code   RO          419    .text               c_w.l(sys_stackheap_outer.o)
    0x080012a2   0x080012a2   0x00000002   PAD
    0x080012a4   0x080012a4   0x00000010   Code   RO          421    .text               c_w.l(rt_ctype_table.o)
    0x080012b4   0x080012b4   0x00000008   Code   RO          426    .text               c_w.l(rt_locale_intlibspace.o)
    0x080012bc   0x080012bc   0x00000080   Code   RO          428    .text               c_w.l(_printf_fp_infnan.o)
    0x0800133c   0x0800133c   0x000000e4   Code   RO          430    .text               c_w.l(bigflt0.o)
    0x08001420   0x08001420   0x00000012   Code   RO          460    .text               c_w.l(exit.o)
    0x08001432   0x08001432   0x00000002   PAD
    0x08001434   0x08001434   0x00000008   Code   RO          472    .text               c_w.l(libspace.o)
    0x0800143c   0x0800143c   0x00000004   PAD
    0x08001440   0x08001440   0x0000007c   Code   RO          482    .text               c_w.l(strcmpv7em.o)
    0x080014bc   0x080014bc   0x0000000c   Code   RO          544    .text               c_w.l(sys_exit.o)
    0x080014c8   0x080014c8   0x00000002   Code   RO          559    .text               c_w.l(use_no_semi.o)
    0x080014ca   0x080014ca   0x00000000   Code   RO          561    .text               c_w.l(indicate_semi.o)
    0x080014ca   0x080014ca   0x00000002   PAD
    0x080014cc   0x080014cc   0x000000ca   Code   RO           43    .text.Clock_Init    rcc.o
    0x08001596   0x08001596   0x00000002   PAD
    0x08001598   0x08001598   0x00000054   Code   RO          150    .text.DHT22_Init    dht22.o
    0x080015ec   0x080015ec   0x0000020e   Code   RO          179    .text.EXTI0_IRQHandler  exti.o
    0x080017fa   0x080017fa   0x00000002   PAD
    0x080017fc   0x080017fc   0x0000005a   Code   RO           35    .text.GPIO_Init     gpio.o
    0x08001856   0x08001856   0x00000002   PAD
    0x08001858   0x08001858   0x00000018   Code   RO            8    .text.HardFault_Handler  main.o
    0x08001870   0x08001870   0x00000030   Code   RO           45    .text.MCO_Init      rcc.o
    0x080018a0   0x080018a0   0x00000080   Code   RO           74    .text.SPI1_Init     spi.o
    0x08001920   0x08001920   0x0000002e   Code   RO           76    .text.SPI1_Send_Byte  spi.o
    0x0800194e   0x0800194e   0x00000002   PAD
    0x08001950   0x08001950   0x0000008a   Code   RO           78    .text.SPI2_Init     spi.o
    0x080019da   0x080019da   0x00000002   PAD
    0x080019dc   0x080019dc   0x00000012   Code   RO          230    .text.SystemInit    system_stm32g4xx.o
    0x080019ee   0x080019ee   0x00000002   PAD
    0x080019f0   0x080019f0   0x000000ba   Code   RO          200    .text.TDC1000_Init  tdc1000.o
    0x08001aaa   0x08001aaa   0x00000002   PAD
    0x08001aac   0x08001aac   0x000000ba   Code   RO          204    .text.TDC1000_SPIRead  tdc1000.o
    0x08001b66   0x08001b66   0x00000002   PAD
    0x08001b68   0x08001b68   0x000000b4   Code   RO          202    .text.TDC1000_SPIWrite  tdc1000.o
    0x08001c1c   0x08001c1c   0x00000050   Code   RO          206    .text.TDC7200_Init  tdc1000.o
    0x08001c6c   0x08001c6c   0x000000bc   Code   RO          210    .text.TDC7200_SPIRead  tdc1000.o
    0x08001d28   0x08001d28   0x000000da   Code   RO          212    .text.TDC7200_SPIRead_Reg  tdc1000.o
    0x08001e02   0x08001e02   0x00000002   PAD
    0x08001e04   0x08001e04   0x000000b4   Code   RO          208    .text.TDC7200_SPIWrite  tdc1000.o
    0x08001eb8   0x08001eb8   0x00000078   Code   RO           99    .text.TFT_Fill_Color  tft.o
    0x08001f30   0x08001f30   0x000000e6   Code   RO           95    .text.TFT_Init      tft.o
    0x08002016   0x08002016   0x00000002   PAD
    0x08002018   0x08002018   0x00000040   Code   RO           91    .text.TFT_Send_Byte  tft.o
    0x08002058   0x08002058   0x00000188   Code   RO          103    .text.TFT_Send_Char  tft.o
    0x080021e0   0x080021e0   0x00000040   Code   RO           89    .text.TFT_Send_Command  tft.o
    0x08002220   0x08002220   0x000000ca   Code   RO          105    .text.TFT_Send_Str  tft.o
    0x080022ea   0x080022ea   0x00000002   PAD
    0x080022ec   0x080022ec   0x000000dc   Code   RO           97    .text.TFT_Set_Area  tft.o
    0x080023c8   0x080023c8   0x00000046   Code   RO           62    .text.TIM3_IRQHandler  tim.o
    0x0800240e   0x0800240e   0x00000002   PAD
    0x08002410   0x08002410   0x00000198   Code   RO            2    .text.TOF_Calc      main.o
    0x080025a8   0x080025a8   0x00000450   Code   RO            4    .text.Temper_Calc   main.o
    0x080029f8   0x080029f8   0x00000040   Code   RO          161    .text.delay_ms      delay.o
    0x08002a38   0x08002a38   0x00000040   Code   RO          163    .text.delay_us      delay.o
    0x08002a78   0x08002a78   0x000003a8   Code   RO            6    .text.main          main.o
    0x08002e20   0x08002e20   0x00000050   Code   RO          177    .text.smooth        exti.o
    0x08002e70   0x08002e70   0x0000003e   Code   RO          433    CL$$btod_d2e        c_w.l(btod.o)
    0x08002eae   0x08002eae   0x00000046   Code   RO          435    CL$$btod_d2e_denorm_low  c_w.l(btod.o)
    0x08002ef4   0x08002ef4   0x00000060   Code   RO          434    CL$$btod_d2e_norm_op1  c_w.l(btod.o)
    0x08002f54   0x08002f54   0x00000338   Code   RO          443    CL$$btod_div_common  c_w.l(btod.o)
    0x0800328c   0x0800328c   0x000000dc   Code   RO          440    CL$$btod_e2e        c_w.l(btod.o)
    0x08003368   0x08003368   0x0000002a   Code   RO          437    CL$$btod_ediv       c_w.l(btod.o)
    0x08003392   0x08003392   0x0000002a   Code   RO          436    CL$$btod_emul       c_w.l(btod.o)
    0x080033bc   0x080033bc   0x00000244   Code   RO          442    CL$$btod_mult_common  c_w.l(btod.o)
    0x08003600   0x08003600   0x00000030   Code   RO          470    i.__ARM_fpclassify  m_wm.l(fpclassify.o)
    0x08003630   0x08003630   0x0000000e   Code   RO          338    i._is_digit         c_w.l(__printf_wp.o)
    0x0800363e   0x0800363e   0x00000002   PAD
    0x08003640   0x08003640   0x0000002c   Code   RO          458    locale$$code        c_w.l(lc_numeric_c.o)
    0x0800366c   0x0800366c   0x0000002c   Code   RO          480    locale$$code        c_w.l(lc_ctype_c.o)
    0x08003698   0x08003698   0x00000150   Code   RO          253    x$fpl$dadd          fz_wm.l(daddsub_clz.o)
    0x080037e8   0x080037e8   0x000002b8   Code   RO          260    x$fpl$ddiv          fz_wm.l(ddiv.o)
    0x08003aa0   0x08003aa0   0x0000005e   Code   RO          263    x$fpl$dfix          fz_wm.l(dfix.o)
    0x08003afe   0x08003afe   0x00000002   PAD
    0x08003b00   0x08003b00   0x0000005a   Code   RO          267    x$fpl$dfixu         fz_wm.l(dfixu.o)
    0x08003b5a   0x08003b5a   0x0000002e   Code   RO          272    x$fpl$dflt          fz_wm.l(dflt_clz.o)
    0x08003b88   0x08003b88   0x00000026   Code   RO          271    x$fpl$dfltu         fz_wm.l(dflt_clz.o)
    0x08003bae   0x08003bae   0x00000002   PAD
    0x08003bb0   0x08003bb0   0x00000154   Code   RO          277    x$fpl$dmul          fz_wm.l(dmul.o)
    0x08003d04   0x08003d04   0x0000009c   Code   RO          371    x$fpl$dnaninf       fz_wm.l(dnaninf.o)
    0x08003da0   0x08003da0   0x0000000c   Code   RO          373    x$fpl$dretinf       fz_wm.l(dretinf.o)
    0x08003dac   0x08003dac   0x000001dc   Code   RO          255    x$fpl$dsub          fz_wm.l(daddsub_clz.o)
    0x08003f88   0x08003f88   0x0000001a   Code   RO          542    x$fpl$fpinit        fz_wm.l(fpinit.o)
    0x08003fa2   0x08003fa2   0x00000004   Code   RO          375    x$fpl$printf1       fz_wm.l(printf1.o)
    0x08003fa6   0x08003fa6   0x00000004   Code   RO          377    x$fpl$printf2       fz_wm.l(printf2.o)
    0x08003faa   0x08003faa   0x00000000   Code   RO          383    x$fpl$usenofp       fz_wm.l(usenofp.o)
    0x08003faa   0x08003faa   0x00000002   PAD
    0x08003fac   0x08003fac   0x00000008   Data   RO          297    .constdata          c_w.l(_printf_wctomb.o)
    0x08003fb4   0x08003fb4   0x00000028   Data   RO          326    .constdata          c_w.l(_printf_hex_int_ll_ptr.o)
    0x08003fdc   0x08003fdc   0x00000011   Data   RO          346    .constdata          c_w.l(__printf_flags_ss_wp.o)
    0x08003fed   0x08003fed   0x00000026   Data   RO          408    .constdata          c_w.l(_printf_fp_hex.o)
    0x08004013   0x08004013   0x00000001   PAD
    0x08004014   0x08004014   0x00000094   Data   RO          431    .constdata          c_w.l(bigflt0.o)
    0x080040a8   0x080040a8   0x00002220   Data   RO          126    .rodata.Font16x26   fonts.o
    0x080062c8   0x080062c8   0x00000019   Data   RO           24    .rodata.str1.1      main.o
    0x080062e1   0x080062e1   0x00000003   PAD
    0x080062e4   0x080062e4   0x00000020   Data   RO          617    Region$$Table       anon$$obj.o
    0x08006304   0x08006304   0x0000001c   Data   RO          457    locale$$data        c_w.l(lc_numeric_c.o)
    0x08006320   0x08006320   0x00000110   Data   RO          479    locale$$data        c_w.l(lc_ctype_c.o)


    Execution Region RW_IRAM1 (Exec base: 0x20000000, Load base: 0x08006430, Size: 0x00000888, Max: 0x00008000, ABSOLUTE)

    Exec Addr    Load Addr    Size         Type   Attr      Idx    E Section Name        Object

    0x20000000   0x08006430   0x00000008   Data   RW          131    .data.Font_16x26    fonts.o
    0x20000008   0x08006438   0x00000004   Data   RW          234    .data.SystemCoreClock  system_stm32g4xx.o
    0x2000000c   0x0800643c   0x00000001   Data   RW           10    .data.mes_mode      main.o
    0x2000000d   0x0800643d   0x00000001   Data   RW           18    .data.mes_wait      main.o
    0x2000000e   0x0800643e   0x00000002   PAD
    0x20000010   0x08006440   0x00000004   Data   RW          186    .data.min           exti.o
    0x20000014   0x08006444   0x00000004   Data   RW          182    .data.phase_shift_smoothed  exti.o
    0x20000018   0x08006448   0x00000004   Data   RW          184    .data.tick          exti.o
    0x2000001c   0x0800644c   0x00000004   PAD
    0x20000020        -       0x00000060   Zero   RW          473    .bss                c_w.l(libspace.o)
    0x20000080        -       0x00000008   Zero   RW           16    .bss.TOF            main.o
    0x20000088        -       0x00000008   Zero   RW           19    .bss.TOF1           main.o
    0x20000090        -       0x00000008   Zero   RW           20    .bss.TOF2           main.o
    0x20000098        -       0x00000008   Zero   RW           21    .bss.TOF3           main.o
    0x200000a0        -       0x00000008   Zero   RW           22    .bss.TOF4           main.o
    0x200000a8        -       0x00000008   Zero   RW           23    .bss.TOF5           main.o
    0x200000b0        -       0x00000008   Zero   RW           17    .bss.Temperature    main.o
    0x200000b8        -       0x00000190   Zero   RW          183    .bss.a              exti.o
    0x20000248        -       0x00000004   Zero   RW          188    .bss.acc            exti.o
    0x2000024c        -       0x00000001   Zero   RW           13    .bss.answ           main.o
    0x2000024d        -       0x00000001   Zero   RW          185    .bss.k              exti.o
    0x2000024e   0x0800644c   0x00000002   PAD
    0x20000250        -       0x00000004   Zero   RW          192    .bss.last_cnt       exti.o
    0x20000254        -       0x00000004   Zero   RW          189    .bss.length_mid     exti.o
    0x20000258        -       0x00000004   Zero   RW          187    .bss.max            exti.o
    0x2000025c        -       0x00000004   Zero   RW          191    .bss.new_cnt        exti.o
    0x20000260        -       0x00000001   Zero   RW           64    .bss.new_pulse_flag  tim.o
    0x20000261   0x0800644c   0x00000003   PAD
    0x20000264        -       0x00000004   Zero   RW           66    .bss.phase_shift    tim.o
    0x20000268        -       0x00000001   Zero   RW          190    .bss.second_tick    exti.o
    0x20000269   0x0800644c   0x00000003   PAD
    0x2000026c        -       0x00000004   Zero   RW           25    .bss.temper         main.o
    0x20000270        -       0x00000014   Zero   RW           12    .bss.tmp_str        main.o
    0x20000284   0x0800644c   0x00000004   PAD
    0x20000288        -       0x00000200   Zero   RW          221    HEAP                startup_stm32g431xx.o
    0x20000488        -       0x00000400   Zero   RW          220    STACK               startup_stm32g431xx.o


==============================================================================

Image component sizes


      Code (inc. data)   RO Data    RW Data    ZI Data      Debug   Object Name

       128          0          0          0          0        658   delay.o
        84          0          0          0          0       1317   dht22.o
       606          0          0         12        422       4901   exti.o
         0          0       8736          8          0        955   fonts.o
        90          0          0          0          0       1717   gpio.o
      2472         40         25          2         81       3547   main.o
       250          0          0          0          0       2237   rcc.o
       312          0          0          0          0       2642   spi.o
        64         26        472          0       1536        836   startup_stm32g431xx.o
        18          0          0          4          0       2576   system_stm32g4xx.o
      1218          0          0          0          0       2638   tdc1000.o
      1292          0          0          0          0       4015   tft.o
        70          0          0          0          5       5049   tim.o

    ----------------------------------------------------------------------
      6628         66       9268         28       2060      33088   Object Totals
         0          0         32          0          0          0   (incl. Generated)
        24          0          3          2         16          0   (incl. Padding)

    ----------------------------------------------------------------------

      Code (inc. data)   RO Data    RW Data    ZI Data      Debug   Library Member Name

         8          0          0          0          0         68   __main.o
       392          4         17          0          0         92   __printf_flags_ss_wp.o
        14          0          0          0          0         68   __printf_wp.o
         0          0          0          0          0          0   __rtentry.o
        12          0          0          0          0          0   __rtentry2.o
         6          0          0          0          0          0   __rtentry4.o
        94          8          0          0          0          0   __scatter.o
        26          0          0          0          0          0   __scatter_copy.o
        28          0          0          0          0          0   __scatter_zi.o
        72          0          0          0          0         96   _c16rtomb.o
         6          0          0          0          0          0   _printf_a.o
         6          0          0          0          0          0   _printf_c.o
        44          0          0          0          0        108   _printf_char.o
        48          6          0          0          0         96   _printf_char_common.o
        40          0          0          0          0         68   _printf_charcount.o
         6          0          0          0          0          0   _printf_d.o
       120         16          0          0          0         92   _printf_dec.o
         6          0          0          0          0          0   _printf_e.o
         6          0          0          0          0          0   _printf_f.o
      1052          0          0          0          0        148   _printf_fp_dec.o
       764          8         38          0          0        100   _printf_fp_hex.o
       128         16          0          0          0         84   _printf_fp_infnan.o
         6          0          0          0          0          0   _printf_g.o
       148          4         40          0          0        160   _printf_hex_int_ll_ptr.o
         6          0          0          0          0          0   _printf_i.o
       178          0          0          0          0         88   _printf_intcommon.o
        10          0          0          0          0          0   _printf_l.o
         6          0          0          0          0          0   _printf_lc.o
        10          0          0          0          0          0   _printf_ll.o
         6          0          0          0          0          0   _printf_lld.o
         6          0          0          0          0          0   _printf_lli.o
         6          0          0          0          0          0   _printf_llo.o
         6          0          0          0          0          0   _printf_llu.o
         6          0          0          0          0          0   _printf_llx.o
       124         16          0          0          0         92   _printf_longlong_dec.o
         6          0          0          0          0          0   _printf_ls.o
         6          0          0          0          0          0   _printf_n.o
         6          0          0          0          0          0   _printf_o.o
       112          8          0          0          0        124   _printf_oct_int_ll.o
         6          0          0          0          0          0   _printf_p.o
        78          0          0          0          0        108   _printf_pad.o
         0          0          0          0          0          0   _printf_percent.o
         4          0          0          0          0          0   _printf_percent_end.o
         6          0          0          0          0          0   _printf_s.o
        82          0          0          0          0         80   _printf_str.o
        36          0          0          0          0         84   _printf_truncate.o
         6          0          0          0          0          0   _printf_u.o
        44          0          0          0          0        108   _printf_wchar.o
       188          6          8          0          0         92   _printf_wctomb.o
         6          0          0          0          0          0   _printf_x.o
        10          0          0          0          0         68   _sputc.o
       228          4        148          0          0         96   bigflt0.o
      1936        128          0          0          0        668   btod.o
        18          0          0          0          0         80   exit.o
         6          0          0          0          0        152   heapauxi.o
         0          0          0          0          0          0   indicate_semi.o
        44         10        272          0          0         76   lc_ctype_c.o
        44         10         28          0          0         76   lc_numeric_c.o
         2          0          0          0          0          0   libinit.o
        34          0          0          0          0          0   libinit2.o
         2          0          0          0          0          0   libshutdown.o
         2          0          0          0          0          0   libshutdown2.o
         8          4          0          0         96         68   libspace.o
       138          0          0          0          0         80   lludiv10.o
        16          4          0          0          0         76   rt_ctype_table.o
         8          4          0          0          0         68   rt_locale_intlibspace.o
         2          0          0          0          0          0   rtexit.o
        10          0          0          0          0          0   rtexit2.o
        44          6          0          0          0         84   sprintf.o
       124          0          0          0          0         88   strcmpv7em.o
        62          0          0          0          0         76   strlen.o
        12          4          0          0          0         68   sys_exit.o
        74          0          0          0          0         80   sys_stackheap_outer.o
         2          0          0          0          0         68   use_no_semi.o
       812         16          0          0          0        392   daddsub_clz.o
       696        140          0          0          0        264   ddiv.o
        94          4          0          0          0        140   dfix.o
        90          4          0          0          0        140   dfixu.o
        84          0          0          0          0        232   dflt_clz.o
       340         12          0          0          0        152   dmul.o
       156          4          0          0          0        140   dnaninf.o
        12          0          0          0          0        116   dretinf.o
        26          0          0          0          0        116   fpinit.o
         4          0          0          0          0        116   printf1.o
         4          0          0          0          0        116   printf2.o
         0          0          0          0          0          0   usenofp.o
        48          0          0          0          0        124   fpclassify.o

    ----------------------------------------------------------------------
      9200        450        552          0         96       5976   Library Totals
        26          4          1          0          0          0   (incl. Padding)

    ----------------------------------------------------------------------

      Code (inc. data)   RO Data    RW Data    ZI Data      Debug   Library Name

      6808        266        551          0         96       3928   c_w.l
      2318        180          0          0          0       1924   fz_wm.l
        48          0          0          0          0        124   m_wm.l

    ----------------------------------------------------------------------
      9200        450        552          0         96       5976   Library Totals

    ----------------------------------------------------------------------

==============================================================================


      Code (inc. data)   RO Data    RW Data    ZI Data      Debug   

     15828        516       9820         28       2156      35652   Grand Totals
     15828        516       9820         28       2156      35652   ELF Image Totals
     15828        516       9820         28          0          0   ROM Totals

==============================================================================

    Total RO  Size (Code + RO Data)                25648 (  25.05kB)
    Total RW  Size (RW Data + ZI Data)              2184 (   2.13kB)
    Total ROM Size (Code + RO Data + RW Data)      25676 (  25.07kB)

==============================================================================

