Component: Arm Compiler for Embedded 6.22 Tool: armlink [5ee90200]

==============================================================================

Section Cross References

    main.o(.text.main) refers to rcc.o(.text.Clock_Init) for Clock_Init
    main.o(.text.main) refers to gpio.o(.text.GPIO_Init) for GPIO_Init
    main.o(.text.main) refers to tim.o(.text.TIM7_Init) for TIM7_Init
    main.o(.text.main) refers to dht22.o(.text.DHT22_Init) for DHT22_Init
    main.o(.text.main) refers to spi.o(.text.SPI1_Init) for SPI1_Init
    main.o(.text.main) refers to tft.o(.text.TFT_Init) for TFT_Init
    main.o(.text.main) refers to tft.o(.text.TFT_Fill_Color) for TFT_Fill_Color
    main.o(.text.main) refers to tim.o(.text.TIM2_Init) for TIM2_Init
    main.o(.text.main) refers to tim.o(.text.TIM1_Init) for TIM1_Init
    main.o(.text.main) refers to main.o(.bss.data_th) for data_th
    main.o(.text.main) refers to dht22.o(.text.DHT22_GetData) for DHT22_GetData
    main.o(.text.main) refers to main.o(.bss.hum) for hum
    main.o(.text.main) refers to main.o(.bss.temper) for temper
    main.o(.text.main) refers to main.o(.bss.tmp_str) for tmp_str
    main.o(.text.main) refers to main.o(.rodata.str1.1) for .L.str
    main.o(.text.main) refers to sprintf.o(.text) for sprintf
    main.o(.text.main) refers to strlen.o(.text) for strlen
    main.o(.text.main) refers to fonts.o(.data.Font_16x26) for Font_16x26
    main.o(.text.main) refers to tft.o(.text.TFT_Send_Str) for TFT_Send_Str
    main.o(.text.main) refers to tim.o(.bss.phase_shift) for phase_shift
    main.o(.text.main) refers to delay.o(.text.delay_ms) for delay_ms
    main.o(.ARM.exidx.text.main) refers to main.o(.text.main) for [Anonymous Symbol]
    main.o(.ARM.exidx.text.HardFault_Handler) refers to main.o(.text.HardFault_Handler) for [Anonymous Symbol]
    gpio.o(.ARM.exidx.text.GPIO_Init) refers to gpio.o(.text.GPIO_Init) for [Anonymous Symbol]
    rcc.o(.ARM.exidx.text.Clock_Init) refers to rcc.o(.text.Clock_Init) for [Anonymous Symbol]
    tim.o(.text.TIM1_Init) refers to system_stm32g4xx.o(.data.SystemCoreClock) for SystemCoreClock
    tim.o(.ARM.exidx.text.TIM1_Init) refers to tim.o(.text.TIM1_Init) for [Anonymous Symbol]
    tim.o(.text.TIM2_Init) refers to system_stm32g4xx.o(.data.SystemCoreClock) for SystemCoreClock
    tim.o(.ARM.exidx.text.TIM2_Init) refers to tim.o(.text.TIM2_Init) for [Anonymous Symbol]
    tim.o(.text.TIM7_Init) refers to tim.o(.text.__NVIC_EnableIRQ) for __NVIC_EnableIRQ
    tim.o(.text.TIM7_Init) refers to system_stm32g4xx.o(.data.SystemCoreClock) for SystemCoreClock
    tim.o(.ARM.exidx.text.TIM7_Init) refers to tim.o(.text.TIM7_Init) for [Anonymous Symbol]
    tim.o(.ARM.exidx.text.__NVIC_EnableIRQ) refers to tim.o(.text.__NVIC_EnableIRQ) for [Anonymous Symbol]
    tim.o(.text.TIM7_IRQHandler) refers to tim.o(.bss.length) for length
    tim.o(.text.TIM7_IRQHandler) refers to tim.o(.bss.phase1) for phase1
    tim.o(.text.TIM7_IRQHandler) refers to tim.o(.data.min) for min
    tim.o(.text.TIM7_IRQHandler) refers to tim.o(.bss.max) for max
    tim.o(.text.TIM7_IRQHandler) refers to tim.o(.data.tick) for tick
    tim.o(.text.TIM7_IRQHandler) refers to tim.o(.bss.phase_shift) for phase_shift
    tim.o(.text.TIM7_IRQHandler) refers to tim.o(.bss.k) for k
    tim.o(.text.TIM7_IRQHandler) refers to tim.o(.bss.a) for a
    tim.o(.ARM.exidx.text.TIM7_IRQHandler) refers to tim.o(.text.TIM7_IRQHandler) for [Anonymous Symbol]
    spi.o(.ARM.exidx.text.SPI1_Init) refers to spi.o(.text.SPI1_Init) for [Anonymous Symbol]
    spi.o(.ARM.exidx.text.SPI1_Send_Byte) refers to spi.o(.text.SPI1_Send_Byte) for [Anonymous Symbol]
    tft.o(.text.TFT_Send_Command) refers to spi.o(.text.SPI1_Send_Byte) for SPI1_Send_Byte
    tft.o(.ARM.exidx.text.TFT_Send_Command) refers to tft.o(.text.TFT_Send_Command) for [Anonymous Symbol]
    tft.o(.text.TFT_Send_Byte) refers to spi.o(.text.SPI1_Send_Byte) for SPI1_Send_Byte
    tft.o(.ARM.exidx.text.TFT_Send_Byte) refers to tft.o(.text.TFT_Send_Byte) for [Anonymous Symbol]
    tft.o(.text.TFT_Send_Data) refers to spi.o(.text.SPI1_Send_Byte) for SPI1_Send_Byte
    tft.o(.ARM.exidx.text.TFT_Send_Data) refers to tft.o(.text.TFT_Send_Data) for [Anonymous Symbol]
    tft.o(.text.TFT_Init) refers to delay.o(.text.delay_us) for delay_us
    tft.o(.text.TFT_Init) refers to tft.o(.text.TFT_Send_Command) for TFT_Send_Command
    tft.o(.text.TFT_Init) refers to tft.o(.text.TFT_Send_Byte) for TFT_Send_Byte
    tft.o(.ARM.exidx.text.TFT_Init) refers to tft.o(.text.TFT_Init) for [Anonymous Symbol]
    tft.o(.text.TFT_Set_Area) refers to spi.o(.text.SPI1_Send_Byte) for SPI1_Send_Byte
    tft.o(.text.TFT_Set_Area) refers to tft.o(.text.TFT_Send_Command) for TFT_Send_Command
    tft.o(.ARM.exidx.text.TFT_Set_Area) refers to tft.o(.text.TFT_Set_Area) for [Anonymous Symbol]
    tft.o(.text.TFT_Fill_Color) refers to tft.o(.text.TFT_Set_Area) for TFT_Set_Area
[...]
    ../clib/heapaux.c                        0x00000000   Number         0  heapauxi.o ABSOLUTE
    ../clib/libinit.s                        0x00000000   Number         0  libinit.o ABSOLUTE
    ../clib/libinit.s                        0x00000000   Number         0  libinit2.o ABSOLUTE
    ../clib/libinit.s                        0x00000000   Number         0  libshutdown.o ABSOLUTE
    ../clib/libinit.s                        0x00000000   Number         0  libshutdown2.o ABSOLUTE
    ../clib/locale.c                         0x00000000   Number         0  _c16rtomb.o ABSOLUTE
    ../clib/locale.s                         0x00000000   Number         0  lc_numeric_c.o ABSOLUTE
    ../clib/locale.s                         0x00000000   Number         0  lc_ctype_c.o ABSOLUTE
    ../clib/longlong.s                       0x00000000   Number         0  lludiv10.o ABSOLUTE
    ../clib/longlong.s                       0x00000000   Number         0  llushr.o ABSOLUTE
    ../clib/memcpset.s                       0x00000000   Number         0  strcmpv7em.o ABSOLUTE
    ../clib/misc.s                           0x00000000   Number         0  printf_stubs.o ABSOLUTE
    ../clib/printf.c                         0x00000000   Number         0  sprintf.o ABSOLUTE
    ../clib/printf.c                         0x00000000   Number         0  __printf.o ABSOLUTE
    ../clib/printf.c                         0x00000000   Number         0  _printf_pad.o ABSOLUTE
    ../clib/printf.c                         0x00000000   Number         0  _printf_truncate.o ABSOLUTE
    ../clib/printf.c                         0x00000000   Number         0  _printf_str.o ABSOLUTE
    ../clib/printf.c                         0x00000000   Number         0  _printf_dec.o ABSOLUTE
    ../clib/printf.c                         0x00000000   Number         0  _printf_charcount.o ABSOLUTE
    ../clib/printf.c                         0x00000000   Number         0  _printf_char_common.o ABSOLUTE
    ../clib/printf.c                         0x00000000   Number         0  _sputc.o ABSOLUTE
    ../clib/printf.c                         0x00000000   Number         0  _printf_wctomb.o ABSOLUTE
    ../clib/printf.c                         0x00000000   Number         0  _printf_longlong_dec.o ABSOLUTE
    ../clib/printf.c                         0x00000000   Number         0  _printf_oct_ll.o ABSOLUTE
    ../clib/printf.c                         0x00000000   Number         0  _printf_oct_int.o ABSOLUTE
    ../clib/printf.c                         0x00000000   Number         0  _printf_oct_int_ll.o ABSOLUTE
    ../clib/printf.c                         0x00000000   Number         0  _printf_hex_ll.o ABSOLUTE
    ../clib/printf.c                         0x00000000   Number         0  _printf_hex_int.o ABSOLUTE
    ../clib/printf.c                         0x00000000   Number         0  _printf_hex_int_ll.o ABSOLUTE
    ../clib/printf.c                         0x00000000   Number         0  _printf_hex_ptr.o ABSOLUTE
    ../clib/printf.c                         0x00000000   Number         0  _printf_hex_int_ptr.o ABSOLUTE
    ../clib/printf.c                         0x00000000   Number         0  _printf_hex_ll_ptr.o ABSOLUTE
    ../clib/printf.c                         0x00000000   Number         0  _printf_hex_int_ll_ptr.o ABSOLUTE
    ../clib/printf.c                         0x00000000   Number         0  __printf_flags.o ABSOLUTE
    ../clib/printf.c                         0x00000000   Number         0  __printf_ss.o ABSOLUTE
    ../clib/printf.c                         0x00000000   Number         0  __printf_flags_ss.o ABSOLUTE
    ../clib/printf.c                         0x00000000   Number         0  __printf_wp.o ABSOLUTE
    ../clib/printf.c                         0x00000000   Number         0  __printf_flags_wp.o ABSOLUTE
    ../clib/printf.c                         0x00000000   Number         0  __printf_ss_wp.o ABSOLUTE
    ../clib/printf.c                         0x00000000   Number         0  __printf_flags_ss_wp.o ABSOLUTE
    ../clib/printf.c                         0x00000000   Number         0  _printf_intcommon.o ABSOLUTE
    ../clib/printf.c                         0x00000000   Number         0  _printf_fp_dec.o ABSOLUTE
    ../clib/printf.c                         0x00000000   Number         0  _printf_fp_dec_accurate.o ABSOLUTE
    ../clib/printf.c                         0x00000000   Number         0  _printf_fp_hex.o ABSOLUTE
    ../clib/printf.c                         0x00000000   Number         0  __printf_nopercent.o ABSOLUTE
    ../clib/printf.c                         0x00000000   Number         0  _printf_char.o ABSOLUTE
    ../clib/printf.c                         0x00000000   Number         0  _printf_wchar.o ABSOLUTE
    ../clib/printf.c                         0x00000000   Number         0  _printf_fp_infnan.o ABSOLUTE
    ../clib/printf_percent.s                 0x00000000   Number         0  _printf_c.o ABSOLUTE
    ../clib/printf_percent.s                 0x00000000   Number         0  _printf_s.o ABSOLUTE
    ../clib/printf_percent.s                 0x00000000   Number         0  _printf_n.o ABSOLUTE
    ../clib/printf_percent.s                 0x00000000   Number         0  _printf_x.o ABSOLUTE
    ../clib/printf_percent.s                 0x00000000   Number         0  _printf_p.o ABSOLUTE
    ../clib/printf_percent.s                 0x00000000   Number         0  _printf_o.o ABSOLUTE
    ../clib/printf_percent.s                 0x00000000   Number         0  _printf_i.o ABSOLUTE
    ../clib/printf_percent.s                 0x00000000   Number         0  _printf_d.o ABSOLUTE
    ../clib/printf_percent.s                 0x00000000   Number         0  _printf_u.o ABSOLUTE
    ../clib/printf_percent.s                 0x00000000   Number         0  _printf_f.o ABSOLUTE
    ../clib/printf_percent.s                 0x00000000   Number         0  _printf_e.o ABSOLUTE
    ../clib/printf_percent.s                 0x00000000   Number         0  _printf_g.o ABSOLUTE
    ../clib/printf_percent.s                 0x00000000   Number         0  _printf_a.o ABSOLUTE
    ../clib/printf_percent.s                 0x00000000   Number         0  _printf_percent.o ABSOLUTE
    ../clib/printf_percent.s                 0x00000000   Number         0  _printf_lli.o ABSOLUTE
    ../clib/printf_percent.s                 0x00000000   Number         0  _printf_lld.o ABSOLUTE
    ../clib/printf_percent.s                 0x00000000   Number         0  _printf_llu.o ABSOLUTE
    ../clib/printf_percent.s                 0x00000000   Number         0  _printf_ll.o ABSOLUTE
    ../clib/printf_percent.s                 0x00000000   Number         0  _printf_l.o ABSOLUTE
    ../clib/printf_percent.s                 0x00000000   Number         0  _printf_lc.o ABSOLUTE
    ../clib/printf_percent.s                 0x00000000   Number         0  _printf_ls.o ABSOLUTE
    ../clib/printf_percent.s                 0x00000000   Number         0  _printf_llo.o ABSOLUTE
    ../clib/printf_percent.s                 0x00000000   Number         0  _printf_llx.o ABSOLUTE
    ../clib/printf_percent.s                 0x00000000   Number         0  _printf_percent_end.o ABSOLUTE
    ../clib/signal.c                         0x00000000   Number         0  defsig_rtmem_outer.o ABSOLUTE
    ../clib/signal.c                         0x00000000   Number         0  defsig_rtmem_formal.o ABSOLUTE
    ../clib/signal.c                         0x00000000   Number         0  defsig_exit.o ABSOLUTE
    ../clib/signal.c                         0x00000000   Number         0  defsig_rtmem_inner.o ABSOLUTE
    ../clib/signal.c                         0x00000000   Number         0  __raise.o ABSOLUTE
    ../clib/signal.c                         0x00000000   Number         0  defsig_general.o ABSOLUTE
    ../clib/signal.c                         0x00000000   Number         0  defsig_abrt_inner.o ABSOLUTE
    ../clib/signal.c                         0x00000000   Number         0  defsig_fpe_inner.o ABSOLUTE
    ../clib/signal.c                         0x00000000   Number         0  defsig_rtred_inner.o ABSOLUTE
    ../clib/signal.c                         0x00000000   Number         0  defsig_stak_inner.o ABSOLUTE
    ../clib/signal.c                         0x00000000   Number         0  defsig_pvfn_inner.o ABSOLUTE
    ../clib/signal.c                         0x00000000   Number         0  defsig_cppl_inner.o ABSOLUTE
    ../clib/signal.c                         0x00000000   Number         0  defsig_segv_inner.o ABSOLUTE
    ../clib/signal.c                         0x00000000   Number         0  defsig_other.o ABSOLUTE
    ../clib/signal.s                         0x00000000   Number         0  defsig.o ABSOLUTE
    ../clib/stdlib.c                         0x00000000   Number         0  exit.o ABSOLUTE
    ../clib/string.c                         0x00000000   Number         0  strlen.o ABSOLUTE
    ../fplib/fpinit.s                        0x00000000   Number         0  fpinit.o ABSOLUTE
    ../fplib/istatus.s                       0x00000000   Number         0  istatus.o ABSOLUTE
    ../fplib/printf1.s                       0x00000000   Number         0  printf1.o ABSOLUTE
    ../fplib/printf2.s                       0x00000000   Number         0  printf2.o ABSOLUTE
    ../fplib/printf2a.s                      0x00000000   Number         0  printf2a.o ABSOLUTE
    ../fplib/printf2b.s                      0x00000000   Number         0  printf2b.o ABSOLUTE
    ../fplib/usenofp.s                       0x00000000   Number         0  usenofp.o ABSOLUTE
    ../mathlib/fpclassify.c                  0x00000000   Number         0  fpclassify.o ABSOLUTE
    adc.c                                    0x00000000   Number         0  adc.o ABSOLUTE
    data.c                                   0x00000000   Number         0  data.o ABSOLUTE
    dc.s                                     0x00000000   Number         0  dc.o ABSOLUTE
    delay.c                                  0x00000000   Number         0  delay.o ABSOLUTE
    dht22.c                                  0x00000000   Number         0  dht22.o ABSOLUTE
    fonts.c                                  0x00000000   Number         0  fonts.o ABSOLUTE
    gpio.c                                   0x00000000   Number         0  gpio.o ABSOLUTE
    lib/startup_stm32g431xx.s                0x00000000   Number         0  startup_stm32g431xx.o ABSOLUTE
    main.c                                   0x00000000   Number         0  main.o ABSOLUTE
    rcc.c                                    0x00000000   Number         0  rcc.o ABSOLUTE
    spi.c                                    0x00000000   Number         0  spi.o ABSOLUTE
    system_stm32g4xx.c                       0x00000000   Number         0  system_stm32g4xx.o ABSOLUTE
    tft.c                                    0x00000000   Number         0  tft.o ABSOLUTE
    tim.c                                    0x00000000   Number         0  tim.o ABSOLUTE
    RESET                                    0x08000000   Section      472  startup_stm32g431xx.o(RESET)
    !!!main                                  0x080001d8   Section        8  __main.o(!!!main)
    !!!scatter                               0x080001e0   Section       92  __scatter.o(!!!scatter)
    !!handler_copy                           0x0800023c   Section       26  __scatter_copy.o(!!handler_copy)
    !!handler_null                           0x08000258   Section        2  __scatter.o(!!handler_null)
    !!handler_zi                             0x0800025c   Section       28  __scatter_zi.o(!!handler_zi)
    .ARM.Collect$$_printf_percent$$00000000  0x08000278   Section        0  _printf_percent.o(.ARM.Collect$$_printf_percent$$00000000)
    .ARM.Collect$$_printf_percent$$00000001  0x08000278   Section        6  _printf_n.o(.ARM.Collect$$_printf_percent$$00000001)
    .ARM.Collect$$_printf_percent$$00000002  0x0800027e   Section        6  _printf_p.o(.ARM.Collect$$_printf_percent$$00000002)
    .ARM.Collect$$_printf_percent$$00000003  0x08000284   Section        6  _printf_f.o(.ARM.Collect$$_printf_percent$$00000003)
    .ARM.Collect$$_printf_percent$$00000004  0x0800028a   Section        6  _printf_e.o(.ARM.Collect$$_printf_percent$$00000004)
    .ARM.Collect$$_printf_percent$$00000005  0x08000290   Section        6  _printf_g.o(.ARM.Collect$$_printf_percent$$00000005)
    .ARM.Collect$$_printf_percent$$00000006  0x08000296   Section        6  _printf_a.o(.ARM.Collect$$_printf_percent$$00000006)
    .ARM.Collect$$_printf_percent$$00000007  0x0800029c   Section       10  _printf_ll.o(.ARM.Collect$$_printf_percent$$00000007)
    .ARM.Collect$$_printf_percent$$00000008  0x080002a6   Section        6  _printf_i.o(.ARM.Collect$$_printf_percent$$00000008)
    .ARM.Collect$$_printf_percent$$00000009  0x080002ac   Section        6  _printf_d.o(.ARM.Collect$$_printf_percent$$00000009)
    .ARM.Collect$$_printf_percent$$0000000A  0x080002b2   Section        6  _printf_u.o(.ARM.Collect$$_printf_percent$$0000000A)
    .ARM.Collect$$_printf_percent$$0000000B  0x080002b8   Section        6  _printf_o.o(.ARM.Collect$$_printf_percent$$0000000B)
    .ARM.Collect$$_printf_percent$$0000000C  0x080002be   Section        6  _printf_x.o(.ARM.Collect$$_printf_percent$$0000000C)
    .ARM.Collect$$_printf_percent$$0000000D  0x080002c4   Section        6  _printf_lli.o(.ARM.Collect$$_printf_percent$$0000000D)
    .ARM.Collect$$_printf_percent$$0000000E  0x080002ca   Section        6  _printf_lld.o(.ARM.Collect$$_printf_percent$$0000000E)
    .ARM.Collect$$_printf_percent$$0000000F  0x080002d0   Section        6  _printf_llu.o(.ARM.Collect$$_printf_percent$$0000000F)
    .ARM.Collect$$_printf_percent$$00000010  0x080002d6   Section        6  _printf_llo.o(.ARM.Collect$$_printf_percent$$00000010)
    .ARM.Collect$$_printf_percent$$00000011  0x080002dc   Section        6  _printf_llx.o(.ARM.Collect$$_printf_percent$$00000011)
    .ARM.Collect$$_printf_percent$$00000012  0x080002e2   Section       10  _printf_l.o(.ARM.Collect$$_printf_percent$$00000012)
    .ARM.Collect$$_printf_percent$$00000013  0x080002ec   Section        6  _printf_c.o(.ARM.Collect$$_printf_percent$$00000013)
    .ARM.Collect$$_printf_percent$$00000014  0x080002f2   Section        6  _printf_s.o(.ARM.Collect$$_printf_percent$$00000014)
    .ARM.Collect$$_printf_percent$$00000015  0x080002f8   Section        6  _printf_lc.o(.ARM.Collect$$_printf_percent$$00000015)
    .ARM.Collect$$_printf_percent$$00000016  0x080002fe   Section        6  _printf_ls.o(.ARM.Collect$$_printf_percent$$00000016)
    .ARM.Collect$$_printf_percent$$00000017  0x08000304   Section        4  _printf_percent_end.o(.ARM.Collect$$_printf_percent$$00000017)
    .ARM.Collect$$libinit$$00000000          0x08000308   Section        2  libinit.o(.ARM.Collect$$libinit$$00000000)
    .ARM.Collect$$libinit$$00000001          0x0800030a   Section        4  libinit2.o(.ARM.Collect$$libinit$$00000001)
    .ARM.Collect$$libinit$$00000004          0x0800030e   Section        0  libinit2.o(.ARM.Collect$$libinit$$00000004)
    .ARM.Collect$$libinit$$00000006          0x0800030e   Section        0  libinit2.o(.ARM.Collect$$libinit$$00000006)
    .ARM.Collect$$libinit$$0000000C          0x0800030e   Section        0  libinit2.o(.ARM.Collect$$libinit$$0000000C)
    .ARM.Collect$$libinit$$0000000E          0x0800030e   Section        0  libinit2.o(.ARM.Collect$$libinit$$0000000E)
    .ARM.Collect$$libinit$$00000010          0x0800030e   Section        0  libinit2.o(.ARM.Collect$$libinit$$00000010)
    .ARM.Collect$$libinit$$00000011          0x0800030e   Section        6  libinit2.o(.ARM.Collect$$libinit$$00000011)
    .ARM.Collect$$libinit$$00000013          0x08000314   Section        0  libinit2.o(.ARM.Collect$$libinit$$00000013)
    .ARM.Collect$$libinit$$00000014          0x08000314   Section       12  libinit2.o(.ARM.Collect$$libinit$$00000014)
    .ARM.Collect$$libinit$$00000015          0x08000320   Section        0  libinit2.o(.ARM.Collect$$libinit$$00000015)
    .ARM.Collect$$libinit$$00000017          0x08000320   Section        0  libinit2.o(.ARM.Collect$$libinit$$00000017)
    .ARM.Collect$$libinit$$00000018          0x08000320   Section       10  libinit2.o(.ARM.Collect$$libinit$$00000018)
    .ARM.Collect$$libinit$$00000019          0x0800032a   Section        0  libinit2.o(.ARM.Collect$$libinit$$00000019)
    .ARM.Collect$$libinit$$0000001B          0x0800032a   Section        0  libinit2.o(.ARM.Collect$$libinit$$0000001B)
    .ARM.Collect$$libinit$$0000001D          0x0800032a   Section        0  libinit2.o(.ARM.Collect$$libinit$$0000001D)
    .ARM.Collect$$libinit$$0000001F          0x0800032a   Section        0  libinit2.o(.ARM.Collect$$libinit$$0000001F)
    .ARM.Collect$$libinit$$00000021          0x0800032a   Section        0  libinit2.o(.ARM.Collect$$libinit$$00000021)
    .ARM.Collect$$libinit$$00000023          0x0800032a   Section        0  libinit2.o(.ARM.Collect$$libinit$$00000023)
    .ARM.Collect$$libinit$$00000025          0x0800032a   Section        0  libinit2.o(.ARM.Collect$$libinit$$00000025)
    .ARM.Collect$$libinit$$00000027          0x0800032a   Section        0  libinit2.o(.ARM.Collect$$libinit$$00000027)
    .ARM.Collect$$libinit$$0000002E          0x0800032a   Section        0  libinit2.o(.ARM.Collect$$libinit$$0000002E)
    .ARM.Collect$$libinit$$00000030          0x0800032a   Section        0  libinit2.o(.ARM.Collect$$libinit$$00000030)
    .ARM.Collect$$libinit$$00000032          0x0800032a   Section        0  libinit2.o(.ARM.Collect$$libinit$$00000032)
    .ARM.Collect$$libinit$$00000034          0x0800032a   Section        0  libinit2.o(.ARM.Collect$$libinit$$00000034)
    .ARM.Collect$$libinit$$00000035          0x0800032a   Section        2  libinit2.o(.ARM.Collect$$libinit$$00000035)
    .ARM.Collect$$libshutdown$$00000000      0x0800032c   Section        2  libshutdown.o(.ARM.Collect$$libshutdown$$00000000)
    .ARM.Collect$$libshutdown$$00000002      0x0800032e   Section        0  libshutdown2.o(.ARM.Collect$$libshutdown$$00000002)
    .ARM.Collect$$libshutdown$$00000004      0x0800032e   Section        0  libshutdown2.o(.ARM.Collect$$libshutdown$$00000004)
    .ARM.Collect$$libshutdown$$00000007      0x0800032e   Section        0  libshutdown2.o(.ARM.Collect$$libshutdown$$00000007)
    .ARM.Collect$$libshutdown$$0000000A      0x0800032e   Section        0  libshutdown2.o(.ARM.Collect$$libshutdown$$0000000A)
    .ARM.Collect$$libshutdown$$0000000C      0x0800032e   Section        0  libshutdown2.o(.ARM.Collect$$libshutdown$$0000000C)
    .ARM.Collect$$libshutdown$$0000000F      0x0800032e   Section        0  libshutdown2.o(.ARM.Collect$$libshutdown$$0000000F)
    .ARM.Collect$$libshutdown$$00000010      0x0800032e   Section        2  libshutdown2.o(.ARM.Collect$$libshutdown$$00000010)
    .ARM.Collect$$rtentry$$00000000          0x08000330   Section        0  __rtentry.o(.ARM.Collect$$rtentry$$00000000)
    .ARM.Collect$$rtentry$$00000002          0x08000330   Section        0  __rtentry2.o(.ARM.Collect$$rtentry$$00000002)
    .ARM.Collect$$rtentry$$00000004          0x08000330   Section        6  __rtentry4.o(.ARM.Collect$$rtentry$$00000004)
    .ARM.Collect$$rtentry$$00000009          0x08000336   Section        0  __rtentry2.o(.ARM.Collect$$rtentry$$00000009)
    .ARM.Collect$$rtentry$$0000000A          0x08000336   Section        4  __rtentry2.o(.ARM.Collect$$rtentry$$0000000A)
    .ARM.Collect$$rtentry$$0000000C          0x0800033a   Section        0  __rtentry2.o(.ARM.Collect$$rtentry$$0000000C)
    .ARM.Collect$$rtentry$$0000000D          0x0800033a   Section        8  __rtentry2.o(.ARM.Collect$$rtentry$$0000000D)
    .ARM.Collect$$rtexit$$00000000           0x08000342   Section        2  rtexit.o(.ARM.Collect$$rtexit$$00000000)
    .ARM.Collect$$rtexit$$00000002           0x08000344   Section        0  rtexit2.o(.ARM.Collect$$rtexit$$00000002)
    .ARM.Collect$$rtexit$$00000003           0x08000344   Section        4  rtexit2.o(.ARM.Collect$$rtexit$$00000003)
    .ARM.Collect$$rtexit$$00000004           0x08000348   Section        6  rtexit2.o(.ARM.Collect$$rtexit$$00000004)
    $v0                                      0x08000350   Number         0  startup_stm32g431xx.o(.text)
    .text                                    0x08000350   Section       64  startup_stm32g431xx.o(.text)
    .text                                    0x08000390   Section        0  sprintf.o(.text)
    .text                                    0x080003bc   Section        0  strlen.o(.text)
    .text                                    0x080003fa   Section        0  heapauxi.o(.text)
    .text                                    0x08000400   Section        0  _printf_pad.o(.text)
    .text                                    0x0800044e   Section        0  _printf_truncate.o(.text)
    .text                                    0x08000472   Section        0  _printf_str.o(.text)
    .text                                    0x080004c4   Section        0  _printf_dec.o(.text)
    .text                                    0x0800053c   Section        0  _printf_charcount.o(.text)
    _printf_input_char                       0x08000565   Thumb Code    10  _printf_char_common.o(.text)
    .text                                    0x08000564   Section        0  _printf_char_common.o(.text)
    .text                                    0x08000594   Section        0  _sputc.o(.text)
    .text                                    0x080005a0   Section        0  _printf_wctomb.o(.text)
    .text                                    0x0800065c   Section        0  _printf_longlong_dec.o(.text)
    _printf_longlong_oct_internal            0x080006d9   Thumb Code     0  _printf_oct_int_ll.o(.text)
    .text                                    0x080006d8   Section        0  _printf_oct_int_ll.o(.text)
    _printf_hex_common                       0x08000749   Thumb Code     0  _printf_hex_int_ll_ptr.o(.text)
    .text                                    0x08000748   Section        0  _printf_hex_int_ll_ptr.o(.text)
    .text                                    0x080007dc   Section        0  __printf_flags_ss_wp.o(.text)
    .text                                    0x08000964   Section      138  lludiv10.o(.text)
    .text                                    0x080009ee   Section        0  _printf_intcommon.o(.text)
    _fp_digits                               0x08000aa1   Thumb Code   432  _printf_fp_dec.o(.text)
    .text                                    0x08000aa0   Section        0  _printf_fp_dec.o(.text)
    .text                                    0x08000ebc   Section        0  _printf_fp_hex.o(.text)
    .text                                    0x080011b8   Section        0  _printf_char.o(.text)
    .text                                    0x080011e4   Section        0  _printf_wchar.o(.text)
    .text                                    0x08001210   Section        0  _c16rtomb.o(.text)
    .text                                    0x08001258   Section       74  sys_stackheap_outer.o(.text)
    .text                                    0x080012a4   Section       16  rt_ctype_table.o(.text)
    .text                                    0x080012b4   Section        8  rt_locale_intlibspace.o(.text)
    .text                                    0x080012bc   Section        0  _printf_fp_infnan.o(.text)
    .text                                    0x0800133c   Section        0  bigflt0.o(.text)
    .text                                    0x08001420   Section        0  exit.o(.text)
    .text                                    0x08001434   Section        8  libspace.o(.text)
    .text                                    0x08001440   Section      124  strcmpv7em.o(.text)
    .text                                    0x080014bc   Section        0  sys_exit.o(.text)
    .text                                    0x080014c8   Section        2  use_no_semi.o(.text)
    .text                                    0x080014ca   Section        0  indicate_semi.o(.text)
    [Anonymous Symbol]                       0x080014cc   Section        0  rcc.o(.text.Clock_Init)
    [Anonymous Symbol]                       0x08001598   Section        0  dht22.o(.text.DHT22_GetData)
    [Anonymous Symbol]                       0x080016dc   Section        0  dht22.o(.text.DHT22_Init)
    [Anonymous Symbol]                       0x0800173c   Section        0  gpio.o(.text.GPIO_Init)
    [Anonymous Symbol]                       0x08001798   Section        0  main.o(.text.HardFault_Handler)
    [Anonymous Symbol]                       0x080017b0   Section        0  spi.o(.text.SPI1_Init)
    [Anonymous Symbol]                       0x08001830   Section        0  spi.o(.text.SPI1_Send_Byte)
    [Anonymous Symbol]                       0x08001860   Section        0  system_stm32g4xx.o(.text.SystemInit)
    [Anonymous Symbol]                       0x08001874   Section        0  tft.o(.text.TFT_Fill_Color)
    [Anonymous Symbol]                       0x080018ec   Section        0  tft.o(.text.TFT_Init)
    [Anonymous Symbol]                       0x080019d4   Section        0  tft.o(.text.TFT_Send_Byte)
    [Anonymous Symbol]                       0x08001a14   Section        0  tft.o(.text.TFT_Send_Char)
    [Anonymous Symbol]                       0x08001b9c   Section        0  tft.o(.text.TFT_Send_Command)
    [Anonymous Symbol]                       0x08001bdc   Section        0  tft.o(.text.TFT_Send_Str)
    [Anonymous Symbol]                       0x08001ca8   Section        0  tft.o(.text.TFT_Set_Area)
    [Anonymous Symbol]                       0x08001d84   Section        0  tim.o(.text.TIM1_Init)
    [Anonymous Symbol]                       0x08001e34   Section        0  tim.o(.text.TIM2_Init)
    [Anonymous Symbol]                       0x08001ef0   Section        0  tim.o(.text.TIM7_IRQHandler)
    [Anonymous Symbol]                       0x08002050   Section        0  tim.o(.text.TIM7_Init)
    __NVIC_EnableIRQ                         0x080020f1   Thumb Code    48  tim.o(.text.__NVIC_EnableIRQ)
    [Anonymous Symbol]                       0x080020f0   Section        0  tim.o(.text.__NVIC_EnableIRQ)
    [Anonymous Symbol]                       0x08002120   Section        0  delay.o(.text.delay_ms)
    [Anonymous Symbol]                       0x08002160   Section        0  delay.o(.text.delay_us)
    [Anonymous Symbol]                       0x080021a0   Section        0  main.o(.text.main)
    CL$$btod_d2e                             0x08002314   Section       62  btod.o(CL$$btod_d2e)
    CL$$btod_d2e_denorm_low                  0x08002352   Section       70  btod.o(CL$$btod_d2e_denorm_low)
    CL$$btod_d2e_norm_op1                    0x08002398   Section       96  btod.o(CL$$btod_d2e_norm_op1)
    CL$$btod_div_common                      0x080023f8   Section      824  btod.o(CL$$btod_div_common)
    CL$$btod_e2e                             0x08002730   Section      220  btod.o(CL$$btod_e2e)
    CL$$btod_ediv                            0x0800280c   Section       42  btod.o(CL$$btod_ediv)
    CL$$btod_emul                            0x08002836   Section       42  btod.o(CL$$btod_emul)
    CL$$btod_mult_common                     0x08002860   Section      580  btod.o(CL$$btod_mult_common)
    i.__ARM_fpclassify                       0x08002aa4   Section        0  fpclassify.o(i.__ARM_fpclassify)
    i._is_digit                              0x08002ad4   Section        0  __printf_wp.o(i._is_digit)
    locale$$code                             0x08002ae4   Section       44  lc_numeric_c.o(locale$$code)
    locale$$code                             0x08002b10   Section       44  lc_ctype_c.o(locale$$code)
    $v0                                      0x08002b3c   Number         0  fpinit.o(x$fpl$fpinit)
    x$fpl$fpinit                             0x08002b3c   Section       26  fpinit.o(x$fpl$fpinit)
    $v0                                      0x08002b56   Number         0  printf1.o(x$fpl$printf1)
    x$fpl$printf1                            0x08002b56   Section        4  printf1.o(x$fpl$printf1)
    $v0                                      0x08002b5a   Number         0  printf2.o(x$fpl$printf2)
    x$fpl$printf2                            0x08002b5a   Section        4  printf2.o(x$fpl$printf2)
    x$fpl$usenofp                            0x08002b5e   Section        0  usenofp.o(x$fpl$usenofp)
    initial_mbstate                          0x08002b60   Data           8  _printf_wctomb.o(.constdata)
    .constdata                               0x08002b60   Section        8  _printf_wctomb.o(.constdata)
    uc_hextab                                0x08002b68   Data          20  _printf_hex_int_ll_ptr.o(.constdata)
    .constdata                               0x08002b68   Section       40  _printf_hex_int_ll_ptr.o(.constdata)
    lc_hextab                                0x08002b7c   Data          20  _printf_hex_int_ll_ptr.o(.constdata)
    maptable                                 0x08002b90   Data          17  __printf_flags_ss_wp.o(.constdata)
    .constdata                               0x08002b90   Section       17  __printf_flags_ss_wp.o(.constdata)
    lc_hextab                                0x08002ba1   Data          19  _printf_fp_hex.o(.constdata)
    .constdata                               0x08002ba1   Section       38  _printf_fp_hex.o(.constdata)
    uc_hextab                                0x08002bb4   Data          19  _printf_fp_hex.o(.constdata)
    tenpwrs_x                                0x08002bc8   Data          60  bigflt0.o(.constdata)
    .constdata                               0x08002bc8   Section      148  bigflt0.o(.constdata)
    tenpwrs_i                                0x08002c04   Data          64  bigflt0.o(.constdata)
    .L.str                                   0x08004e7c   Data          19  main.o(.rodata.str1.1)
    [Anonymous Symbol]                       0x08004e7c   Section        0  main.o(.rodata.str1.1)
    .L.str.1                                 0x08004e8f   Data           6  main.o(.rodata.str1.1)
    locale$$data                             0x08004eb8   Section       28  lc_numeric_c.o(locale$$data)
    __lcnum_c_name                           0x08004ebc   Data           2  lc_numeric_c.o(locale$$data)
    __lcnum_c_start                          0x08004ec4   Data           0  lc_numeric_c.o(locale$$data)
    __lcnum_c_point                          0x08004ed0   Data           0  lc_numeric_c.o(locale$$data)
    __lcnum_c_thousands                      0x08004ed2   Data           0  lc_numeric_c.o(locale$$data)
    __lcnum_c_grouping                       0x08004ed3   Data           0  lc_numeric_c.o(locale$$data)
    __lcnum_c_end                            0x08004ed4   Data           0  lc_numeric_c.o(locale$$data)
    locale$$data                             0x08004ed4   Section      272  lc_ctype_c.o(locale$$data)
    __lcctype_c_name                         0x08004ed8   Data           2  lc_ctype_c.o(locale$$data)
    __lcctype_c_start                        0x08004ee0   Data           0  lc_ctype_c.o(locale$$data)
    __lcctype_c_end                          0x08004fe4   Data           0  lc_ctype_c.o(locale$$data)
    .bss                                     0x20000018   Section       96  libspace.o(.bss)
    Heap_Mem                                 0x20000240   Data         512  startup_stm32g431xx.o(HEAP)
    HEAP                                     0x20000240   Section      512  startup_stm32g431xx.o(HEAP)
    Stack_Mem                                0x20000440   Data        1024  startup_stm32g431xx.o(STACK)
    STACK                                    0x20000440   Section     1024  startup_stm32g431xx.o(STACK)
    __initial_sp                             0x20000840   Data           0  startup_stm32g431xx.o(STACK)

    Global Symbols

    Symbol Name                              Value     Ov Type        Size  Object(Section)

    BuildAttributes$$THM_ISAv4$E$P$D$K$B$S$7EM$VFPi3$EXTD16$VFPS$VFMA$PE$A:L22UL41UL21$X:L11$S22US41US21$IEEE1$IW$~IW$USESV6$~STKCKD$USESV7$~SHL$OTIME$ROPI$IEEEJ$EBA8$UX$STANDARDLIB$REQ8$PRES8$EABIv2 0x00000000   Number         0  anon$$obj.o ABSOLUTE
    _printf_flags                            0x00000000   Number         0  printf_stubs.o ABSOLUTE
    _printf_return_value                     0x00000000   Number         0  printf_stubs.o ABSOLUTE
    _printf_sizespec                         0x00000000   Number         0  printf_stubs.o ABSOLUTE
    _printf_widthprec                        0x00000000   Number         0  printf_stubs.o ABSOLUTE
    __ARM_exceptions_init                     - Undefined Weak Reference
    __alloca_initialize                       - Undefined Weak Reference
    __arm_preinit_                            - Undefined Weak Reference
    __arm_relocate_pie_                       - Undefined Weak Reference
    __cpp_initialize__aeabi_                  - Undefined Weak Reference
    __cxa_finalize                            - Undefined Weak Reference
    __sigvec_lookup                           - Undefined Weak Reference
    _atexit_init                              - Undefined Weak Reference
    _call_atexit_fns                          - Undefined Weak Reference
    _clock_init                               - Undefined Weak Reference
    _fp_trap_init                             - Undefined Weak Reference
    _fp_trap_shutdown                         - Undefined Weak Reference
    _get_lc_collate                           - Undefined Weak Reference
    _get_lc_monetary                          - Undefined Weak Reference
    _get_lc_time                              - Undefined Weak Reference
    _getenv_init                              - Undefined Weak Reference
    _handle_redirection                       - Undefined Weak Reference
    _init_alloc                               - Undefined Weak Reference
    _init_user_alloc                          - Undefined Weak Reference
    _initio                                   - Undefined Weak Reference
    _printf_mbtowc                            - Undefined Weak Reference
    _printf_wc                                - Undefined Weak Reference
    _rand_init                                - Undefined Weak Reference
    _signal_finish                            - Undefined Weak Reference
    _signal_init                              - Undefined Weak Reference
    _terminate_alloc                          - Undefined Weak Reference
    _terminate_user_alloc                     - Undefined Weak Reference
    _terminateio                              - Undefined Weak Reference
    __Vectors_Size                           0x000001d8   Number         0  startup_stm32g431xx.o ABSOLUTE
    __Vectors                                0x08000000   Data           4  startup_stm32g431xx.o(RESET)
    __Vectors_End                            0x080001d8   Data           0  startup_stm32g431xx.o(RESET)
    __main                                   0x080001d9   Thumb Code     8  __main.o(!!!main)
    __scatterload                            0x080001e1   Thumb Code     0  __scatter.o(!!!scatter)
    __scatterload_rt2                        0x080001e1   Thumb Code    84  __scatter.o(!!!scatter)
    __scatterload_rt2_thumb_only             0x080001e1   Thumb Code     0  __scatter.o(!!!scatter)
    __scatterload_loop                       0x080001eb   Thumb Code     0  __scatter.o(!!!scatter)
    __scatterload_copy                       0x0800023d   Thumb Code    26  __scatter_copy.o(!!handler_copy)
    __scatterload_null                       0x08000259   Thumb Code     2  __scatter.o(!!handler_null)
    __scatterload_zeroinit                   0x0800025d   Thumb Code    28  __scatter_zi.o(!!handler_zi)
    _printf_n                                0x08000279   Thumb Code     0  _printf_n.o(.ARM.Collect$$_printf_percent$$00000001)
    _printf_percent                          0x08000279   Thumb Code     0  _printf_percent.o(.ARM.Collect$$_printf_percent$$00000000)
    _printf_p                                0x0800027f   Thumb Code     0  _printf_p.o(.ARM.Collect$$_printf_percent$$00000002)
    _printf_f                                0x08000285   Thumb Code     0  _printf_f.o(.ARM.Collect$$_printf_percent$$00000003)
    _printf_e                                0x0800028b   Thumb Code     0  _printf_e.o(.ARM.Collect$$_printf_percent$$00000004)
    _printf_g                                0x08000291   Thumb Code     0  _printf_g.o(.ARM.Collect$$_printf_percent$$00000005)
    _printf_a                                0x08000297   Thumb Code     0  _printf_a.o(.ARM.Collect$$_printf_percent$$00000006)
    _printf_ll                               0x0800029d   Thumb Code     0  _printf_ll.o(.ARM.Collect$$_printf_percent$$00000007)
    _printf_i                                0x080002a7   Thumb Code     0  _printf_i.o(.ARM.Collect$$_printf_percent$$00000008)
    _printf_d                                0x080002ad   Thumb Code     0  _printf_d.o(.ARM.Collect$$_printf_percent$$00000009)
    _printf_u                                0x080002b3   Thumb Code     0  _printf_u.o(.ARM.Collect$$_printf_percent$$0000000A)
    _printf_o                                0x080002b9   Thumb Code     0  _printf_o.o(.ARM.Collect$$_printf_percent$$0000000B)
    _printf_x                                0x080002bf   Thumb Code     0  _printf_x.o(.ARM.Collect$$_printf_percent$$0000000C)
    _printf_lli                              0x080002c5   Thumb Code     0  _printf_lli.o(.ARM.Collect$$_printf_percent$$0000000D)
    _printf_lld                              0x080002cb   Thumb Code     0  _printf_lld.o(.ARM.Collect$$_printf_percent$$0000000E)
    _printf_llu                              0x080002d1   Thumb Code     0  _printf_llu.o(.ARM.Collect$$_printf_percent$$0000000F)
    _printf_llo                              0x080002d7   Thumb Code     0  _printf_llo.o(.ARM.Collect$$_printf_percent$$00000010)
    _printf_llx                              0x080002dd   Thumb Code     0  _printf_llx.o(.ARM.Collect$$_printf_percent$$00000011)
    _printf_l                                0x080002e3   Thumb Code     0  _printf_l.o(.ARM.Collect$$_printf_percent$$00000012)
    _printf_c                                0x080002ed   Thumb Code     0  _printf_c.o(.ARM.Collect$$_printf_percent$$00000013)
    _printf_s                                0x080002f3   Thumb Code     0  _printf_s.o(.ARM.Collect$$_printf_percent$$00000014)
    _printf_lc                               0x080002f9   Thumb Code     0  _printf_lc.o(.ARM.Collect$$_printf_percent$$00000015)
    _printf_ls                               0x080002ff   Thumb Code     0  _printf_ls.o(.ARM.Collect$$_printf_percent$$00000016)
    _printf_percent_end                      0x08000305   Thumb Code     0  _printf_percent_end.o(.ARM.Collect$$_printf_percent$$00000017)
    __rt_lib_init                            0x08000309   Thumb Code     0  libinit.o(.ARM.Collect$$libinit$$00000000)
    __rt_lib_init_fp_1                       0x0800030b   Thumb Code     0  libinit2.o(.ARM.Collect$$libinit$$00000001)
    __rt_lib_init_heap_1                     0x0800030f   Thumb Code     0  libinit2.o(.ARM.Collect$$libinit$$0000000C)
    __rt_lib_init_lc_common                  0x0800030f   Thumb Code     0  libinit2.o(.ARM.Collect$$libinit$$00000011)
    __rt_lib_init_preinit_1                  0x0800030f   Thumb Code     0  libinit2.o(.ARM.Collect$$libinit$$00000006)
    __rt_lib_init_rand_1                     0x0800030f   Thumb Code     0  libinit2.o(.ARM.Collect$$libinit$$00000010)
    __rt_lib_init_relocate_pie_1             0x0800030f   Thumb Code     0  libinit2.o(.ARM.Collect$$libinit$$00000004)
    __rt_lib_init_user_alloc_1               0x0800030f   Thumb Code     0  libinit2.o(.ARM.Collect$$libinit$$0000000E)
    __rt_lib_init_lc_collate_1               0x08000315   Thumb Code     0  libinit2.o(.ARM.Collect$$libinit$$00000013)
    __rt_lib_init_lc_ctype_2                 0x08000315   Thumb Code     0  libinit2.o(.ARM.Collect$$libinit$$00000014)
    __rt_lib_init_lc_ctype_1                 0x08000321   Thumb Code     0  libinit2.o(.ARM.Collect$$libinit$$00000015)
    __rt_lib_init_lc_monetary_1              0x08000321   Thumb Code     0  libinit2.o(.ARM.Collect$$libinit$$00000017)
    __rt_lib_init_lc_numeric_2               0x08000321   Thumb Code     0  libinit2.o(.ARM.Collect$$libinit$$00000018)
    __rt_lib_init_alloca_1                   0x0800032b   Thumb Code     0  libinit2.o(.ARM.Collect$$libinit$$00000030)
    __rt_lib_init_argv_1                     0x0800032b   Thumb Code     0  libinit2.o(.ARM.Collect$$libinit$$0000002E)
    __rt_lib_init_atexit_1                   0x0800032b   Thumb Code     0  libinit2.o(.ARM.Collect$$libinit$$0000001D)
    __rt_lib_init_clock_1                    0x0800032b   Thumb Code     0  libinit2.o(.ARM.Collect$$libinit$$00000023)
    __rt_lib_init_cpp_1                      0x0800032b   Thumb Code     0  libinit2.o(.ARM.Collect$$libinit$$00000034)
    __rt_lib_init_exceptions_1               0x0800032b   Thumb Code     0  libinit2.o(.ARM.Collect$$libinit$$00000032)
    __rt_lib_init_fp_trap_1                  0x0800032b   Thumb Code     0  libinit2.o(.ARM.Collect$$libinit$$00000021)
    __rt_lib_init_getenv_1                   0x0800032b   Thumb Code     0  libinit2.o(.ARM.Collect$$libinit$$00000025)
    __rt_lib_init_lc_numeric_1               0x0800032b   Thumb Code     0  libinit2.o(.ARM.Collect$$libinit$$00000019)
    __rt_lib_init_lc_time_1                  0x0800032b   Thumb Code     0  libinit2.o(.ARM.Collect$$libinit$$0000001B)
    __rt_lib_init_return                     0x0800032b   Thumb Code     0  libinit2.o(.ARM.Collect$$libinit$$00000035)
    __rt_lib_init_signal_1                   0x0800032b   Thumb Code     0  libinit2.o(.ARM.Collect$$libinit$$0000001F)
    __rt_lib_init_stdio_1                    0x0800032b   Thumb Code     0  libinit2.o(.ARM.Collect$$libinit$$00000027)
    __rt_lib_shutdown                        0x0800032d   Thumb Code     0  libshutdown.o(.ARM.Collect$$libshutdown$$00000000)
    __rt_lib_shutdown_cpp_1                  0x0800032f   Thumb Code     0  libshutdown2.o(.ARM.Collect$$libshutdown$$00000002)
    __rt_lib_shutdown_fp_trap_1              0x0800032f   Thumb Code     0  libshutdown2.o(.ARM.Collect$$libshutdown$$00000007)
    __rt_lib_shutdown_heap_1                 0x0800032f   Thumb Code     0  libshutdown2.o(.ARM.Collect$$libshutdown$$0000000F)
    __rt_lib_shutdown_return                 0x0800032f   Thumb Code     0  libshutdown2.o(.ARM.Collect$$libshutdown$$00000010)
    __rt_lib_shutdown_signal_1               0x0800032f   Thumb Code     0  libshutdown2.o(.ARM.Collect$$libshutdown$$0000000A)
    __rt_lib_shutdown_stdio_1                0x0800032f   Thumb Code     0  libshutdown2.o(.ARM.Collect$$libshutdown$$00000004)
    __rt_lib_shutdown_user_alloc_1           0x0800032f   Thumb Code     0  libshutdown2.o(.ARM.Collect$$libshutdown$$0000000C)
    __rt_entry                               0x08000331   Thumb Code     0  __rtentry.o(.ARM.Collect$$rtentry$$00000000)
    __rt_entry_presh_1                       0x08000331   Thumb Code     0  __rtentry2.o(.ARM.Collect$$rtentry$$00000002)
    __rt_entry_sh                            0x08000331   Thumb Code     0  __rtentry4.o(.ARM.Collect$$rtentry$$00000004)
    __rt_entry_li                            0x08000337   Thumb Code     0  __rtentry2.o(.ARM.Collect$$rtentry$$0000000A)
    __rt_entry_postsh_1                      0x08000337   Thumb Code     0  __rtentry2.o(.ARM.Collect$$rtentry$$00000009)
    __rt_entry_main                          0x0800033b   Thumb Code     0  __rtentry2.o(.ARM.Collect$$rtentry$$0000000D)
    __rt_entry_postli_1                      0x0800033b   Thumb Code     0  __rtentry2.o(.ARM.Collect$$rtentry$$0000000C)
    __rt_exit                                0x08000343   Thumb Code     0  rtexit.o(.ARM.Collect$$rtexit$$00000000)
    __rt_exit_ls                             0x08000345   Thumb Code     0  rtexit2.o(.ARM.Collect$$rtexit$$00000003)
    __rt_exit_prels_1                        0x08000345   Thumb Code     0  rtexit2.o(.ARM.Collect$$rtexit$$00000002)
    __rt_exit_exit                           0x08000349   Thumb Code     0  rtexit2.o(.ARM.Collect$$rtexit$$00000004)
    Reset_Handler                            0x08000351   Thumb Code     8  startup_stm32g431xx.o(.text)
    NMI_Handler                              0x08000359   Thumb Code     2  startup_stm32g431xx.o(.text)
    MemManage_Handler                        0x0800035d   Thumb Code     2  startup_stm32g431xx.o(.text)
    BusFault_Handler                         0x0800035f   Thumb Code     2  startup_stm32g431xx.o(.text)
    UsageFault_Handler                       0x08000361   Thumb Code     2  startup_stm32g431xx.o(.text)
    SVC_Handler                              0x08000363   Thumb Code     2  startup_stm32g431xx.o(.text)
    DebugMon_Handler                         0x08000365   Thumb Code     2  startup_stm32g431xx.o(.text)
    PendSV_Handler                           0x08000367   Thumb Code     2  startup_stm32g431xx.o(.text)
    SysTick_Handler                          0x08000369   Thumb Code     2  startup_stm32g431xx.o(.text)
    ADC1_2_IRQHandler                        0x0800036b   Thumb Code     0  startup_stm32g431xx.o(.text)
    COMP1_2_3_IRQHandler                     0x0800036b   Thumb Code     0  startup_stm32g431xx.o(.text)
    COMP4_IRQHandler                         0x0800036b   Thumb Code     0  startup_stm32g431xx.o(.text)
    CORDIC_IRQHandler                        0x0800036b   Thumb Code     0  startup_stm32g431xx.o(.text)
    CRS_IRQHandler                           0x0800036b   Thumb Code     0  startup_stm32g431xx.o(.text)
    DMA1_Channel1_IRQHandler                 0x0800036b   Thumb Code     0  startup_stm32g431xx.o(.text)
    DMA1_Channel2_IRQHandler                 0x0800036b   Thumb Code     0  startup_stm32g431xx.o(.text)
    DMA1_Channel3_IRQHandler                 0x0800036b   Thumb Code     0  startup_stm32g431xx.o(.text)
    DMA1_Channel4_IRQHandler                 0x0800036b   Thumb Code     0  startup_stm32g431xx.o(.text)
    DMA1_Channel5_IRQHandler                 0x0800036b   Thumb Code     0  startup_stm32g431xx.o(.text)
    DMA1_Channel6_IRQHandler                 0x0800036b   Thumb Code     0  startup_stm32g431xx.o(.text)
    DMA2_Channel1_IRQHandler                 0x0800036b   Thumb Code     0  startup_stm32g431xx.o(.text)
    DMA2_Channel2_IRQHandler                 0x0800036b   Thumb Code     0  startup_stm32g431xx.o(.text)
    DMA2_Channel3_IRQHandler                 0x0800036b   Thumb Code     0  startup_stm32g431xx.o(.text)
    DMA2_Channel4_IRQHandler                 0x0800036b   Thumb Code     0  startup_stm32g431xx.o(.text)
    DMA2_Channel5_IRQHandler                 0x0800036b   Thumb Code     0  startup_stm32g431xx.o(.text)
    DMA2_Channel6_IRQHandler                 0x0800036b   Thumb Code     0  startup_stm32g431xx.o(.text)
    DMAMUX_OVR_IRQHandler                    0x0800036b   Thumb Code     0  startup_stm32g431xx.o(.text)
    EXTI0_IRQHandler                         0x0800036b   Thumb Code     0  startup_stm32g431xx.o(.text)
    EXTI15_10_IRQHandler                     0x0800036b   Thumb Code     0  startup_stm32g431xx.o(.text)
    EXTI1_IRQHandler                         0x0800036b   Thumb Code     0  startup_stm32g431xx.o(.text)
    EXTI2_IRQHandler                         0x0800036b   Thumb Code     0  startup_stm32g431xx.o(.text)
    EXTI3_IRQHandler                         0x0800036b   Thumb Code     0  startup_stm32g431xx.o(.text)
    EXTI4_IRQHandler                         0x0800036b   Thumb Code     0  startup_stm32g431xx.o(.text)
    EXTI9_5_IRQHandler                       0x0800036b   Thumb Code     0  startup_stm32g431xx.o(.text)
    FDCAN1_IT0_IRQHandler                    0x0800036b   Thumb Code     0  startup_stm32g431xx.o(.text)
    FDCAN1_IT1_IRQHandler                    0x0800036b   Thumb Code     0  startup_stm32g431xx.o(.text)
    FLASH_IRQHandler                         0x0800036b   Thumb Code     0  startup_stm32g431xx.o(.text)
    FMAC_IRQHandler                          0x0800036b   Thumb Code     0  startup_stm32g431xx.o(.text)
    FPU_IRQHandler                           0x0800036b   Thumb Code     0  startup_stm32g431xx.o(.text)
    I2C1_ER_IRQHandler                       0x0800036b   Thumb Code     0  startup_stm32g431xx.o(.text)
    I2C1_EV_IRQHandler                       0x0800036b   Thumb Code     0  startup_stm32g431xx.o(.text)
    I2C2_ER_IRQHandler                       0x0800036b   Thumb Code     0  startup_stm32g431xx.o(.text)
    I2C2_EV_IRQHandler                       0x0800036b   Thumb Code     0  startup_stm32g431xx.o(.text)
    I2C3_ER_IRQHandler                       0x0800036b   Thumb Code     0  startup_stm32g431xx.o(.text)
    I2C3_EV_IRQHandler                       0x0800036b   Thumb Code     0  startup_stm32g431xx.o(.text)
    LPTIM1_IRQHandler                        0x0800036b   Thumb Code     0  startup_stm32g431xx.o(.text)
    LPUART1_IRQHandler                       0x0800036b   Thumb Code     0  startup_stm32g431xx.o(.text)
    PVD_PVM_IRQHandler                       0x0800036b   Thumb Code     0  startup_stm32g431xx.o(.text)
    RCC_IRQHandler                           0x0800036b   Thumb Code     0  startup_stm32g431xx.o(.text)
    RNG_IRQHandler                           0x0800036b   Thumb Code     0  startup_stm32g431xx.o(.text)
    RTC_Alarm_IRQHandler                     0x0800036b   Thumb Code     0  startup_stm32g431xx.o(.text)
    RTC_TAMP_LSECSS_IRQHandler               0x0800036b   Thumb Code     0  startup_stm32g431xx.o(.text)
    RTC_WKUP_IRQHandler                      0x0800036b   Thumb Code     0  startup_stm32g431xx.o(.text)
    SAI1_IRQHandler                          0x0800036b   Thumb Code     0  startup_stm32g431xx.o(.text)
    SPI1_IRQHandler                          0x0800036b   Thumb Code     0  startup_stm32g431xx.o(.text)
    SPI2_IRQHandler                          0x0800036b   Thumb Code     0  startup_stm32g431xx.o(.text)
    SPI3_IRQHandler                          0x0800036b   Thumb Code     0  startup_stm32g431xx.o(.text)
    TIM1_BRK_TIM15_IRQHandler                0x0800036b   Thumb Code     0  startup_stm32g431xx.o(.text)
    TIM1_CC_IRQHandler                       0x0800036b   Thumb Code     0  startup_stm32g431xx.o(.text)
    TIM1_TRG_COM_TIM17_IRQHandler            0x0800036b   Thumb Code     0  startup_stm32g431xx.o(.text)
    TIM1_UP_TIM16_IRQHandler                 0x0800036b   Thumb Code     0  startup_stm32g431xx.o(.text)
    TIM2_IRQHandler                          0x0800036b   Thumb Code     0  startup_stm32g431xx.o(.text)
    TIM3_IRQHandler                          0x0800036b   Thumb Code     0  startup_stm32g431xx.o(.text)
    TIM4_IRQHandler                          0x0800036b   Thumb Code     0  startup_stm32g431xx.o(.text)
    TIM6_DAC_IRQHandler                      0x0800036b   Thumb Code     0  startup_stm32g431xx.o(.text)
    TIM8_BRK_IRQHandler                      0x0800036b   Thumb Code     0  startup_stm32g431xx.o(.text)
    TIM8_CC_IRQHandler                       0x0800036b   Thumb Code     0  startup_stm32g431xx.o(.text)
    TIM8_TRG_COM_IRQHandler                  0x0800036b   Thumb Code     0  startup_stm32g431xx.o(.text)
    TIM8_UP_IRQHandler                       0x0800036b   Thumb Code     0  startup_stm32g431xx.o(.text)
    UART4_IRQHandler                         0x0800036b   Thumb Code     0  startup_stm32g431xx.o(.text)
    UCPD1_IRQHandler                         0x0800036b   Thumb Code     0  startup_stm32g431xx.o(.text)
    USART1_IRQHandler                        0x0800036b   Thumb Code     0  startup_stm32g431xx.o(.text)
    USART2_IRQHandler                        0x0800036b   Thumb Code     0  startup_stm32g431xx.o(.text)
    USART3_IRQHandler                        0x0800036b   Thumb Code     0  startup_stm32g431xx.o(.text)
    USBWakeUp_IRQHandler                     0x0800036b   Thumb Code     0  startup_stm32g431xx.o(.text)
    USB_HP_IRQHandler                        0x0800036b   Thumb Code     0  startup_stm32g431xx.o(.text)
    USB_LP_IRQHandler                        0x0800036b   Thumb Code     0  startup_stm32g431xx.o(.text)
    WWDG_IRQHandler                          0x0800036b   Thumb Code     0  startup_stm32g431xx.o(.text)
    __user_initial_stackheap                 0x0800036d   Thumb Code     0  startup_stm32g431xx.o(.text)
    sprintf                                  0x08000391   Thumb Code    38  sprintf.o(.text)
    strlen                                   0x080003bd   Thumb Code    62  strlen.o(.text)
    __use_two_region_memory                  0x080003fb   Thumb Code     2  heapauxi.o(.text)
    __rt_heap_escrow$2region                 0x080003fd   Thumb Code     2  heapauxi.o(.text)
    __rt_heap_expand$2region                 0x080003ff   Thumb Code     2  heapauxi.o(.text)
    _printf_pre_padding                      0x08000401   Thumb Code    44  _printf_pad.o(.text)
    _printf_post_padding                     0x0800042d   Thumb Code    34  _printf_pad.o(.text)
    _printf_truncate_signed                  0x0800044f   Thumb Code    18  _printf_truncate.o(.text)
    _printf_truncate_unsigned                0x08000461   Thumb Code    18  _printf_truncate.o(.text)
    _printf_str                              0x08000473   Thumb Code    82  _printf_str.o(.text)
    _printf_int_dec                          0x080004c5   Thumb Code   104  _printf_dec.o(.text)
    _printf_charcount                        0x0800053d   Thumb Code    40  _printf_charcount.o(.text)
    _printf_char_common                      0x0800056f   Thumb Code    32  _printf_char_common.o(.text)
    _sputc                                   0x08000595   Thumb Code    10  _sputc.o(.text)
    _printf_wctomb                           0x080005a1   Thumb Code   182  _printf_wctomb.o(.text)
    _printf_longlong_dec                     0x0800065d   Thumb Code   108  _printf_longlong_dec.o(.text)
    _printf_longlong_oct                     0x080006d9   Thumb Code    68  _printf_oct_int_ll.o(.text)
    _printf_int_oct                          0x0800071d   Thumb Code    24  _printf_oct_int_ll.o(.text)
    _printf_ll_oct                           0x08000735   Thumb Code    12  _printf_oct_int_ll.o(.text)
    _printf_longlong_hex                     0x08000749   Thumb Code    86  _printf_hex_int_ll_ptr.o(.text)
    _printf_int_hex                          0x0800079f   Thumb Code    28  _printf_hex_int_ll_ptr.o(.text)
    _printf_ll_hex                           0x080007bb   Thumb Code    12  _printf_hex_int_ll_ptr.o(.text)
    _printf_hex_ptr                          0x080007c7   Thumb Code    18  _printf_hex_int_ll_ptr.o(.text)
    __printf                                 0x080007dd   Thumb Code   388  __printf_flags_ss_wp.o(.text)
    _ll_udiv10                               0x08000965   Thumb Code   138  lludiv10.o(.text)
    _printf_int_common                       0x080009ef   Thumb Code   178  _printf_intcommon.o(.text)
    _printf_fp_dec_real                      0x08000c51   Thumb Code   620  _printf_fp_dec.o(.text)
    _printf_fp_hex_real                      0x08000ebd   Thumb Code   756  _printf_fp_hex.o(.text)
    _printf_cs_common                        0x080011b9   Thumb Code    20  _printf_char.o(.text)
    _printf_char                             0x080011cd   Thumb Code    16  _printf_char.o(.text)
    _printf_string                           0x080011dd   Thumb Code     8  _printf_char.o(.text)
    _printf_lcs_common                       0x080011e5   Thumb Code    20  _printf_wchar.o(.text)
    _printf_wchar                            0x080011f9   Thumb Code    16  _printf_wchar.o(.text)
    _printf_wstring                          0x08001209   Thumb Code     8  _printf_wchar.o(.text)
    _c16rtomb                                0x08001211   Thumb Code    72  _c16rtomb.o(.text)
    _wcrtomb                                 0x08001211   Thumb Code     0  _c16rtomb.o(.text)
    __user_setup_stackheap                   0x08001259   Thumb Code    74  sys_stackheap_outer.o(.text)
    __rt_ctype_table                         0x080012a5   Thumb Code    16  rt_ctype_table.o(.text)
    __rt_locale                              0x080012b5   Thumb Code     8  rt_locale_intlibspace.o(.text)
    _printf_fp_infnan                        0x080012bd   Thumb Code   112  _printf_fp_infnan.o(.text)
    _btod_etento                             0x0800133d   Thumb Code   224  bigflt0.o(.text)
    exit                                     0x08001421   Thumb Code    18  exit.o(.text)
    __user_libspace                          0x08001435   Thumb Code     8  libspace.o(.text)
    __user_perproc_libspace                  0x08001435   Thumb Code     0  libspace.o(.text)
    __user_perthread_libspace                0x08001435   Thumb Code     0  libspace.o(.text)
    strcmp                                   0x08001441   Thumb Code   124  strcmpv7em.o(.text)
    _sys_exit                                0x080014bd   Thumb Code     8  sys_exit.o(.text)
    __I$use$semihosting                      0x080014c9   Thumb Code     0  use_no_semi.o(.text)
    __use_no_semihosting_swi                 0x080014c9   Thumb Code     2  use_no_semi.o(.text)
    __semihosting_library_function           0x080014cb   Thumb Code     0  indicate_semi.o(.text)
    Clock_Init                               0x080014cd   Thumb Code   202  rcc.o(.text.Clock_Init)
    DHT22_GetData                            0x08001599   Thumb Code   324  dht22.o(.text.DHT22_GetData)
    DHT22_Init                               0x080016dd   Thumb Code    96  dht22.o(.text.DHT22_Init)
    GPIO_Init                                0x0800173d   Thumb Code    90  gpio.o(.text.GPIO_Init)
    HardFault_Handler                        0x08001799   Thumb Code    24  main.o(.text.HardFault_Handler)
    SPI1_Init                                0x080017b1   Thumb Code   128  spi.o(.text.SPI1_Init)
    SPI1_Send_Byte                           0x08001831   Thumb Code    46  spi.o(.text.SPI1_Send_Byte)
    SystemInit                               0x08001861   Thumb Code    18  system_stm32g4xx.o(.text.SystemInit)
    TFT_Fill_Color                           0x08001875   Thumb Code   120  tft.o(.text.TFT_Fill_Color)
    TFT_Init                                 0x080018ed   Thumb Code   230  tft.o(.text.TFT_Init)
    TFT_Send_Byte                            0x080019d5   Thumb Code    64  tft.o(.text.TFT_Send_Byte)
    TFT_Send_Char                            0x08001a15   Thumb Code   392  tft.o(.text.TFT_Send_Char)
    TFT_Send_Command                         0x08001b9d   Thumb Code    64  tft.o(.text.TFT_Send_Command)
    TFT_Send_Str                             0x08001bdd   Thumb Code   202  tft.o(.text.TFT_Send_Str)
    TFT_Set_Area                             0x08001ca9   Thumb Code   220  tft.o(.text.TFT_Set_Area)
    TIM1_Init                                0x08001d85   Thumb Code   176  tim.o(.text.TIM1_Init)
    TIM2_Init                                0x08001e35   Thumb Code   186  tim.o(.text.TIM2_Init)
    TIM7_IRQHandler                          0x08001ef1   Thumb Code   352  tim.o(.text.TIM7_IRQHandler)
    TIM7_Init                                0x08002051   Thumb Code   160  tim.o(.text.TIM7_Init)
    delay_ms                                 0x08002121   Thumb Code    64  delay.o(.text.delay_ms)
    delay_us                                 0x08002161   Thumb Code    64  delay.o(.text.delay_us)
    main                                     0x080021a1   Thumb Code   372  main.o(.text.main)
    _btod_d2e                                0x08002315   Thumb Code    62  btod.o(CL$$btod_d2e)
    _d2e_denorm_low                          0x08002353   Thumb Code    70  btod.o(CL$$btod_d2e_denorm_low)
    _d2e_norm_op1                            0x08002399   Thumb Code    96  btod.o(CL$$btod_d2e_norm_op1)
    __btod_div_common                        0x080023f9   Thumb Code   696  btod.o(CL$$btod_div_common)
    _e2e                                     0x08002731   Thumb Code   220  btod.o(CL$$btod_e2e)
    _btod_ediv                               0x0800280d   Thumb Code    42  btod.o(CL$$btod_ediv)
    _btod_emul                               0x08002837   Thumb Code    42  btod.o(CL$$btod_emul)
    __btod_mult_common                       0x08002861   Thumb Code   580  btod.o(CL$$btod_mult_common)
    __ARM_fpclassify                         0x08002aa5   Thumb Code    48  fpclassify.o(i.__ARM_fpclassify)
    _is_digit                                0x08002ad5   Thumb Code    14  __printf_wp.o(i._is_digit)
    _get_lc_numeric                          0x08002ae5   Thumb Code    44  lc_numeric_c.o(locale$$code)
    _get_lc_ctype                            0x08002b11   Thumb Code    44  lc_ctype_c.o(locale$$code)
    _fp_init                                 0x08002b3d   Thumb Code    26  fpinit.o(x$fpl$fpinit)
    __fplib_config_fpu_vfp                   0x08002b55   Thumb Code     0  fpinit.o(x$fpl$fpinit)
    __fplib_config_pureend_doubles           0x08002b55   Thumb Code     0  fpinit.o(x$fpl$fpinit)
    _printf_fp_dec                           0x08002b57   Thumb Code     4  printf1.o(x$fpl$printf1)
    _printf_fp_hex                           0x08002b5b   Thumb Code     4  printf2.o(x$fpl$printf2)
    __I$use$fp                               0x08002b5e   Number         0  usenofp.o(x$fpl$usenofp)
    Font16x26                                0x08002c5c   Data        8736  fonts.o(.rodata.Font16x26)
    Region$$Table$$Base                      0x08004e98   Number         0  anon$$obj.o(Region$$Table)
    Region$$Table$$Limit                     0x08004eb8   Number         0  anon$$obj.o(Region$$Table)
    __ctype                                  0x08004ee1   Data           0  lc_ctype_c.o(locale$$data)
    Font_16x26                               0x20000000   Data           8  fonts.o(.data.Font_16x26)
    SystemCoreClock                          0x20000008   Data           4  system_stm32g4xx.o(.data.SystemCoreClock)
    min                                      0x2000000c   Data           4  tim.o(.data.min)
    tick                                     0x20000010   Data           4  tim.o(.data.tick)
    __libspace_start                         0x20000018   Data          96  libspace.o(.bss)
    __temporary_stack_top$libspace           0x20000078   Data           0  libspace.o(.bss)
    a                                        0x20000078   Data         400  tim.o(.bss.a)
    data_th                                  0x20000208   Data           5  main.o(.bss.data_th)
    hum                                      0x2000020e   Data           2  main.o(.bss.hum)
    k                                        0x20000210   Data           1  tim.o(.bss.k)
    length                                   0x20000214   Data           4  tim.o(.bss.length)
    max                                      0x20000218   Data           4  tim.o(.bss.max)
    phase1                                   0x2000021c   Data           4  tim.o(.bss.phase1)
    phase_shift                              0x20000220   Data           4  tim.o(.bss.phase_shift)
    temper                                   0x20000224   Data           2  main.o(.bss.temper)
    tmp_str                                  0x20000226   Data          20  main.o(.bss.tmp_str)



==============================================================================

Memory Map of the image

  Image Entry point : 0x080001d9

  Load Region LR_IROM1 (Base: 0x08000000, Size: 0x00005000, Max: 0x00020000, ABSOLUTE)

    Execution Region ER_IROM1 (Exec base: 0x08000000, Load base: 0x08000000, Size: 0x00004fe4, Max: 0x00020000, ABSOLUTE)

    Exec Addr    Load Addr    Size         Type   Attr      Idx    E Section Name        Object

    0x08000000   0x08000000   0x000001d8   Data   RO          161    RESET               startup_stm32g431xx.o
    0x080001d8   0x080001d8   0x00000008   Code   RO          190  * !!!main             c_w.l(__main.o)
    0x080001e0   0x080001e0   0x0000005c   Code   RO          527    !!!scatter          c_w.l(__scatter.o)
    0x0800023c   0x0800023c   0x0000001a   Code   RO          531    !!handler_copy      c_w.l(__scatter_copy.o)
    0x08000256   0x08000256   0x00000002   PAD
    0x08000258   0x08000258   0x00000002   Code   RO          528    !!handler_null      c_w.l(__scatter.o)
    0x0800025a   0x0800025a   0x00000002   PAD
    0x0800025c   0x0800025c   0x0000001c   Code   RO          533    !!handler_zi        c_w.l(__scatter_zi.o)
    0x08000278   0x08000278   0x00000000   Code   RO          274    .ARM.Collect$$_printf_percent$$00000000  c_w.l(_printf_percent.o)
    0x08000278   0x08000278   0x00000006   Code   RO          263    .ARM.Collect$$_printf_percent$$00000001  c_w.l(_printf_n.o)
    0x0800027e   0x0800027e   0x00000006   Code   RO          265    .ARM.Collect$$_printf_percent$$00000002  c_w.l(_printf_p.o)
    0x08000284   0x08000284   0x00000006   Code   RO          270    .ARM.Collect$$_printf_percent$$00000003  c_w.l(_printf_f.o)
    0x0800028a   0x0800028a   0x00000006   Code   RO          271    .ARM.Collect$$_printf_percent$$00000004  c_w.l(_printf_e.o)
    0x08000290   0x08000290   0x00000006   Code   RO          272    .ARM.Collect$$_printf_percent$$00000005  c_w.l(_printf_g.o)
    0x08000296   0x08000296   0x00000006   Code   RO          273    .ARM.Collect$$_printf_percent$$00000006  c_w.l(_printf_a.o)
    0x0800029c   0x0800029c   0x0000000a   Code   RO          278    .ARM.Collect$$_printf_percent$$00000007  c_w.l(_printf_ll.o)
    0x080002a6   0x080002a6   0x00000006   Code   RO          267    .ARM.Collect$$_printf_percent$$00000008  c_w.l(_printf_i.o)
    0x080002ac   0x080002ac   0x00000006   Code   RO          268    .ARM.Collect$$_printf_percent$$00000009  c_w.l(_printf_d.o)
    0x080002b2   0x080002b2   0x00000006   Code   RO          269    .ARM.Collect$$_printf_percent$$0000000A  c_w.l(_printf_u.o)
    0x080002b8   0x080002b8   0x00000006   Code   RO          266    .ARM.Collect$$_printf_percent$$0000000B  c_w.l(_printf_o.o)
    0x080002be   0x080002be   0x00000006   Code   RO          264    .ARM.Collect$$_printf_percent$$0000000C  c_w.l(_printf_x.o)
    0x080002c4   0x080002c4   0x00000006   Code   RO          275    .ARM.Collect$$_printf_percent$$0000000D  c_w.l(_printf_lli.o)
    0x080002ca   0x080002ca   0x00000006   Code   RO          276    .ARM.Collect$$_printf_percent$$0000000E  c_w.l(_printf_lld.o)
    0x080002d0   0x080002d0   0x00000006   Code   RO          277    .ARM.Collect$$_printf_percent$$0000000F  c_w.l(_printf_llu.o)
    0x080002d6   0x080002d6   0x00000006   Code   RO          282    .ARM.Collect$$_printf_percent$$00000010  c_w.l(_printf_llo.o)
    0x080002dc   0x080002dc   0x00000006   Code   RO          283    .ARM.Collect$$_printf_percent$$00000011  c_w.l(_printf_llx.o)
    0x080002e2   0x080002e2   0x0000000a   Code   RO          279    .ARM.Collect$$_printf_percent$$00000012  c_w.l(_printf_l.o)
    0x080002ec   0x080002ec   0x00000006   Code   RO          261    .ARM.Collect$$_printf_percent$$00000013  c_w.l(_printf_c.o)
    0x080002f2   0x080002f2   0x00000006   Code   RO          262    .ARM.Collect$$_printf_percent$$00000014  c_w.l(_printf_s.o)
    0x080002f8   0x080002f8   0x00000006   Code   RO          280    .ARM.Collect$$_printf_percent$$00000015  c_w.l(_printf_lc.o)
    0x080002fe   0x080002fe   0x00000006   Code   RO          281    .ARM.Collect$$_printf_percent$$00000016  c_w.l(_printf_ls.o)
    0x08000304   0x08000304   0x00000004   Code   RO          324    .ARM.Collect$$_printf_percent$$00000017  c_w.l(_printf_percent_end.o)
    0x08000308   0x08000308   0x00000002   Code   RO          375    .ARM.Collect$$libinit$$00000000  c_w.l(libinit.o)
    0x0800030a   0x0800030a   0x00000004   Code   RO          393    .ARM.Collect$$libinit$$00000001  c_w.l(libinit2.o)
    0x0800030e   0x0800030e   0x00000000   Code   RO          396    .ARM.Collect$$libinit$$00000004  c_w.l(libinit2.o)
    0x0800030e   0x0800030e   0x00000000   Code   RO          398    .ARM.Collect$$libinit$$00000006  c_w.l(libinit2.o)
    0x0800030e   0x0800030e   0x00000000   Code   RO          401    .ARM.Collect$$libinit$$0000000C  c_w.l(libinit2.o)
    0x0800030e   0x0800030e   0x00000000   Code   RO          403    .ARM.Collect$$libinit$$0000000E  c_w.l(libinit2.o)
    0x0800030e   0x0800030e   0x00000000   Code   RO          405    .ARM.Collect$$libinit$$00000010  c_w.l(libinit2.o)
    0x0800030e   0x0800030e   0x00000006   Code   RO          406    .ARM.Collect$$libinit$$00000011  c_w.l(libinit2.o)
    0x08000314   0x08000314   0x00000000   Code   RO          408    .ARM.Collect$$libinit$$00000013  c_w.l(libinit2.o)
    0x08000314   0x08000314   0x0000000c   Code   RO          409    .ARM.Collect$$libinit$$00000014  c_w.l(libinit2.o)
    0x08000320   0x08000320   0x00000000   Code   RO          410    .ARM.Collect$$libinit$$00000015  c_w.l(libinit2.o)
    0x08000320   0x08000320   0x00000000   Code   RO          412    .ARM.Collect$$libinit$$00000017  c_w.l(libinit2.o)
    0x08000320   0x08000320   0x0000000a   Code   RO          413    .ARM.Collect$$libinit$$00000018  c_w.l(libinit2.o)
    0x0800032a   0x0800032a   0x00000000   Code   RO          414    .ARM.Collect$$libinit$$00000019  c_w.l(libinit2.o)
    0x0800032a   0x0800032a   0x00000000   Code   RO          416    .ARM.Collect$$libinit$$0000001B  c_w.l(libinit2.o)
    0x0800032a   0x0800032a   0x00000000   Code   RO          418    .ARM.Collect$$libinit$$0000001D  c_w.l(libinit2.o)
    0x0800032a   0x0800032a   0x00000000   Code   RO          420    .ARM.Collect$$libinit$$0000001F  c_w.l(libinit2.o)
    0x0800032a   0x0800032a   0x00000000   Code   RO          422    .ARM.Collect$$libinit$$00000021  c_w.l(libinit2.o)
    0x0800032a   0x0800032a   0x00000000   Code   RO          424    .ARM.Collect$$libinit$$00000023  c_w.l(libinit2.o)
    0x0800032a   0x0800032a   0x00000000   Code   RO          426    .ARM.Collect$$libinit$$00000025  c_w.l(libinit2.o)
    0x0800032a   0x0800032a   0x00000000   Code   RO          428    .ARM.Collect$$libinit$$00000027  c_w.l(libinit2.o)
    0x0800032a   0x0800032a   0x00000000   Code   RO          432    .ARM.Collect$$libinit$$0000002E  c_w.l(libinit2.o)
    0x0800032a   0x0800032a   0x00000000   Code   RO          434    .ARM.Collect$$libinit$$00000030  c_w.l(libinit2.o)
    0x0800032a   0x0800032a   0x00000000   Code   RO          436    .ARM.Collect$$libinit$$00000032  c_w.l(libinit2.o)
    0x0800032a   0x0800032a   0x00000000   Code   RO          438    .ARM.Collect$$libinit$$00000034  c_w.l(libinit2.o)
    0x0800032a   0x0800032a   0x00000002   Code   RO          439    .ARM.Collect$$libinit$$00000035  c_w.l(libinit2.o)
    0x0800032c   0x0800032c   0x00000002   Code   RO          463    .ARM.Collect$$libshutdown$$00000000  c_w.l(libshutdown.o)
    0x0800032e   0x0800032e   0x00000000   Code   RO          478    .ARM.Collect$$libshutdown$$00000002  c_w.l(libshutdown2.o)
    0x0800032e   0x0800032e   0x00000000   Code   RO          480    .ARM.Collect$$libshutdown$$00000004  c_w.l(libshutdown2.o)
    0x0800032e   0x0800032e   0x00000000   Code   RO          483    .ARM.Collect$$libshutdown$$00000007  c_w.l(libshutdown2.o)
    0x0800032e   0x0800032e   0x00000000   Code   RO          486    .ARM.Collect$$libshutdown$$0000000A  c_w.l(libshutdown2.o)
    0x0800032e   0x0800032e   0x00000000   Code   RO          488    .ARM.Collect$$libshutdown$$0000000C  c_w.l(libshutdown2.o)
    0x0800032e   0x0800032e   0x00000000   Code   RO          491    .ARM.Collect$$libshutdown$$0000000F  c_w.l(libshutdown2.o)
    0x0800032e   0x0800032e   0x00000002   Code   RO          492    .ARM.Collect$$libshutdown$$00000010  c_w.l(libshutdown2.o)
    0x08000330   0x08000330   0x00000000   Code   RO          192    .ARM.Collect$$rtentry$$00000000  c_w.l(__rtentry.o)
    0x08000330   0x08000330   0x00000000   Code   RO          293    .ARM.Collect$$rtentry$$00000002  c_w.l(__rtentry2.o)
    0x08000330   0x08000330   0x00000006   Code   RO          305    .ARM.Collect$$rtentry$$00000004  c_w.l(__rtentry4.o)
    0x08000336   0x08000336   0x00000000   Code   RO          295    .ARM.Collect$$rtentry$$00000009  c_w.l(__rtentry2.o)
    0x08000336   0x08000336   0x00000004   Code   RO          296    .ARM.Collect$$rtentry$$0000000A  c_w.l(__rtentry2.o)
    0x0800033a   0x0800033a   0x00000000   Code   RO          298    .ARM.Collect$$rtentry$$0000000C  c_w.l(__rtentry2.o)
    0x0800033a   0x0800033a   0x00000008   Code   RO          299    .ARM.Collect$$rtentry$$0000000D  c_w.l(__rtentry2.o)
    0x08000342   0x08000342   0x00000002   Code   RO          384    .ARM.Collect$$rtexit$$00000000  c_w.l(rtexit.o)
    0x08000344   0x08000344   0x00000000   Code   RO          441    .ARM.Collect$$rtexit$$00000002  c_w.l(rtexit2.o)
    0x08000344   0x08000344   0x00000004   Code   RO          442    .ARM.Collect$$rtexit$$00000003  c_w.l(rtexit2.o)
    0x08000348   0x08000348   0x00000006   Code   RO          443    .ARM.Collect$$rtexit$$00000004  c_w.l(rtexit2.o)
    0x0800034e   0x0800034e   0x00000002   PAD
    0x08000350   0x08000350   0x00000040   Code   RO          162    .text               startup_stm32g431xx.o
    0x08000390   0x08000390   0x0000002c   Code   RO          184    .text               c_w.l(sprintf.o)
    0x080003bc   0x080003bc   0x0000003e   Code   RO          186    .text               c_w.l(strlen.o)
    0x080003fa   0x080003fa   0x00000006   Code   RO          188    .text               c_w.l(heapauxi.o)
    0x08000400   0x08000400   0x0000004e   Code   RO          195    .text               c_w.l(_printf_pad.o)
    0x0800044e   0x0800044e   0x00000024   Code   RO          197    .text               c_w.l(_printf_truncate.o)
    0x08000472   0x08000472   0x00000052   Code   RO          199    .text               c_w.l(_printf_str.o)
    0x080004c4   0x080004c4   0x00000078   Code   RO          201    .text               c_w.l(_printf_dec.o)
    0x0800053c   0x0800053c   0x00000028   Code   RO          203    .text               c_w.l(_printf_charcount.o)
    0x08000564   0x08000564   0x00000030   Code   RO          205    .text               c_w.l(_printf_char_common.o)
    0x08000594   0x08000594   0x0000000a   Code   RO          207    .text               c_w.l(_sputc.o)
    0x0800059e   0x0800059e   0x00000002   PAD
    0x080005a0   0x080005a0   0x000000bc   Code   RO          209    .text               c_w.l(_printf_wctomb.o)
    0x0800065c   0x0800065c   0x0000007c   Code   RO          212    .text               c_w.l(_printf_longlong_dec.o)
    0x080006d8   0x080006d8   0x00000070   Code   RO          218    .text               c_w.l(_printf_oct_int_ll.o)
    0x08000748   0x08000748   0x00000094   Code   RO          238    .text               c_w.l(_printf_hex_int_ll_ptr.o)
    0x080007dc   0x080007dc   0x00000188   Code   RO          258    .text               c_w.l(__printf_flags_ss_wp.o)
    0x08000964   0x08000964   0x0000008a   Code   RO          307    .text               c_w.l(lludiv10.o)
    0x080009ee   0x080009ee   0x000000b2   Code   RO          309    .text               c_w.l(_printf_intcommon.o)
    0x08000aa0   0x08000aa0   0x0000041c   Code   RO          311    .text               c_w.l(_printf_fp_dec.o)
    0x08000ebc   0x08000ebc   0x000002fc   Code   RO          315    .text               c_w.l(_printf_fp_hex.o)
    0x080011b8   0x080011b8   0x0000002c   Code   RO          320    .text               c_w.l(_printf_char.o)
    0x080011e4   0x080011e4   0x0000002c   Code   RO          322    .text               c_w.l(_printf_wchar.o)
    0x08001210   0x08001210   0x00000048   Code   RO          325    .text               c_w.l(_c16rtomb.o)
    0x08001258   0x08001258   0x0000004a   Code   RO          327    .text               c_w.l(sys_stackheap_outer.o)
    0x080012a2   0x080012a2   0x00000002   PAD
    0x080012a4   0x080012a4   0x00000010   Code   RO          329    .text               c_w.l(rt_ctype_table.o)
    0x080012b4   0x080012b4   0x00000008   Code   RO          334    .text               c_w.l(rt_locale_intlibspace.o)
    0x080012bc   0x080012bc   0x00000080   Code   RO          336    .text               c_w.l(_printf_fp_infnan.o)
    0x0800133c   0x0800133c   0x000000e4   Code   RO          338    .text               c_w.l(bigflt0.o)
    0x08001420   0x08001420   0x00000012   Code   RO          368    .text               c_w.l(exit.o)
    0x08001432   0x08001432   0x00000002   PAD
    0x08001434   0x08001434   0x00000008   Code   RO          381    .text               c_w.l(libspace.o)
    0x0800143c   0x0800143c   0x00000004   PAD
    0x08001440   0x08001440   0x0000007c   Code   RO          391    .text               c_w.l(strcmpv7em.o)
    0x080014bc   0x080014bc   0x0000000c   Code   RO          453    .text               c_w.l(sys_exit.o)
    0x080014c8   0x080014c8   0x00000002   Code   RO          468    .text               c_w.l(use_no_semi.o)
    0x080014ca   0x080014ca   0x00000000   Code   RO          470    .text               c_w.l(indicate_semi.o)
    0x080014ca   0x080014ca   0x00000002   PAD
    0x080014cc   0x080014cc   0x000000ca   Code   RO           27    .text.Clock_Init    rcc.o
    0x08001596   0x08001596   0x00000002   PAD
    0x08001598   0x08001598   0x00000144   Code   RO          139    .text.DHT22_GetData  dht22.o
    0x080016dc   0x080016dc   0x00000060   Code   RO          137    .text.DHT22_Init    dht22.o
    0x0800173c   0x0800173c   0x0000005a   Code   RO           19    .text.GPIO_Init     gpio.o
    0x08001796   0x08001796   0x00000002   PAD
    0x08001798   0x08001798   0x00000018   Code   RO            4    .text.HardFault_Handler  main.o
    0x080017b0   0x080017b0   0x00000080   Code   RO           65    .text.SPI1_Init     spi.o
    0x08001830   0x08001830   0x0000002e   Code   RO           67    .text.SPI1_Send_Byte  spi.o
    0x0800185e   0x0800185e   0x00000002   PAD
    0x08001860   0x08001860   0x00000012   Code   RO          169    .text.SystemInit    system_stm32g4xx.o
    0x08001872   0x08001872   0x00000002   PAD
    0x08001874   0x08001874   0x00000078   Code   RO           86    .text.TFT_Fill_Color  tft.o
    0x080018ec   0x080018ec   0x000000e6   Code   RO           82    .text.TFT_Init      tft.o
    0x080019d2   0x080019d2   0x00000002   PAD
    0x080019d4   0x080019d4   0x00000040   Code   RO           78    .text.TFT_Send_Byte  tft.o
    0x08001a14   0x08001a14   0x00000188   Code   RO           90    .text.TFT_Send_Char  tft.o
    0x08001b9c   0x08001b9c   0x00000040   Code   RO           76    .text.TFT_Send_Command  tft.o
    0x08001bdc   0x08001bdc   0x000000ca   Code   RO           92    .text.TFT_Send_Str  tft.o
    0x08001ca6   0x08001ca6   0x00000002   PAD
    0x08001ca8   0x08001ca8   0x000000dc   Code   RO           84    .text.TFT_Set_Area  tft.o
    0x08001d84   0x08001d84   0x000000b0   Code   RO           35    .text.TIM1_Init     tim.o
    0x08001e34   0x08001e34   0x000000ba   Code   RO           37    .text.TIM2_Init     tim.o
    0x08001eee   0x08001eee   0x00000002   PAD
    0x08001ef0   0x08001ef0   0x00000160   Code   RO           43    .text.TIM7_IRQHandler  tim.o
    0x08002050   0x08002050   0x000000a0   Code   RO           39    .text.TIM7_Init     tim.o
    0x080020f0   0x080020f0   0x00000030   Code   RO           41    .text.__NVIC_EnableIRQ  tim.o
    0x08002120   0x08002120   0x00000040   Code   RO          148    .text.delay_ms      delay.o
    0x08002160   0x08002160   0x00000040   Code   RO          150    .text.delay_us      delay.o
    0x080021a0   0x080021a0   0x00000174   Code   RO            2    .text.main          main.o
    0x08002314   0x08002314   0x0000003e   Code   RO          341    CL$$btod_d2e        c_w.l(btod.o)
    0x08002352   0x08002352   0x00000046   Code   RO          343    CL$$btod_d2e_denorm_low  c_w.l(btod.o)
    0x08002398   0x08002398   0x00000060   Code   RO          342    CL$$btod_d2e_norm_op1  c_w.l(btod.o)
    0x080023f8   0x080023f8   0x00000338   Code   RO          351    CL$$btod_div_common  c_w.l(btod.o)
    0x08002730   0x08002730   0x000000dc   Code   RO          348    CL$$btod_e2e        c_w.l(btod.o)
    0x0800280c   0x0800280c   0x0000002a   Code   RO          345    CL$$btod_ediv       c_w.l(btod.o)
    0x08002836   0x08002836   0x0000002a   Code   RO          344    CL$$btod_emul       c_w.l(btod.o)
    0x08002860   0x08002860   0x00000244   Code   RO          350    CL$$btod_mult_common  c_w.l(btod.o)
    0x08002aa4   0x08002aa4   0x00000030   Code   RO          379    i.__ARM_fpclassify  m_wm.l(fpclassify.o)
    0x08002ad4   0x08002ad4   0x0000000e   Code   RO          251    i._is_digit         c_w.l(__printf_wp.o)
    0x08002ae2   0x08002ae2   0x00000002   PAD
    0x08002ae4   0x08002ae4   0x0000002c   Code   RO          366    locale$$code        c_w.l(lc_numeric_c.o)
    0x08002b10   0x08002b10   0x0000002c   Code   RO          389    locale$$code        c_w.l(lc_ctype_c.o)
    0x08002b3c   0x08002b3c   0x0000001a   Code   RO          451    x$fpl$fpinit        fz_wm.l(fpinit.o)
    0x08002b56   0x08002b56   0x00000004   Code   RO          284    x$fpl$printf1       fz_wm.l(printf1.o)
    0x08002b5a   0x08002b5a   0x00000004   Code   RO          286    x$fpl$printf2       fz_wm.l(printf2.o)
    0x08002b5e   0x08002b5e   0x00000000   Code   RO          378    x$fpl$usenofp       fz_wm.l(usenofp.o)
    0x08002b5e   0x08002b5e   0x00000002   PAD
    0x08002b60   0x08002b60   0x00000008   Data   RO          210    .constdata          c_w.l(_printf_wctomb.o)
    0x08002b68   0x08002b68   0x00000028   Data   RO          239    .constdata          c_w.l(_printf_hex_int_ll_ptr.o)
    0x08002b90   0x08002b90   0x00000011   Data   RO          259    .constdata          c_w.l(__printf_flags_ss_wp.o)
    0x08002ba1   0x08002ba1   0x00000026   Data   RO          316    .constdata          c_w.l(_printf_fp_hex.o)
    0x08002bc7   0x08002bc7   0x00000001   PAD
    0x08002bc8   0x08002bc8   0x00000094   Data   RO          339    .constdata          c_w.l(bigflt0.o)
    0x08002c5c   0x08002c5c   0x00002220   Data   RO          113    .rodata.Font16x26   fonts.o
    0x08004e7c   0x08004e7c   0x00000019   Data   RO           10    .rodata.str1.1      main.o
    0x08004e95   0x08004e95   0x00000003   PAD
    0x08004e98   0x08004e98   0x00000020   Data   RO          526    Region$$Table       anon$$obj.o
    0x08004eb8   0x08004eb8   0x0000001c   Data   RO          365    locale$$data        c_w.l(lc_numeric_c.o)
    0x08004ed4   0x08004ed4   0x00000110   Data   RO          388    locale$$data        c_w.l(lc_ctype_c.o)


    Execution Region RW_IRAM1 (Exec base: 0x20000000, Load base: 0x08004fe8, Size: 0x00000840, Max: 0x00008000, ABSOLUTE)

    Exec Addr    Load Addr    Size         Type   Attr      Idx    E Section Name        Object

    0x20000000   0x08004fe8   0x00000008   Data   RW          118    .data.Font_16x26    fonts.o
    0x20000008   0x08004ff0   0x00000004   Data   RW          173    .data.SystemCoreClock  system_stm32g4xx.o
    0x2000000c   0x08004ff4   0x00000004   Data   RW           48    .data.min           tim.o
    0x20000010   0x08004ff8   0x00000004   Data   RW           45    .data.tick          tim.o
    0x20000014   0x08004ffc   0x00000004   PAD
    0x20000018        -       0x00000060   Zero   RW          382    .bss                c_w.l(libspace.o)
    0x20000078        -       0x00000190   Zero   RW           51    .bss.a              tim.o
    0x20000208        -       0x00000005   Zero   RW            6    .bss.data_th        main.o
    0x2000020d   0x08004ffc   0x00000001   PAD
    0x2000020e        -       0x00000002   Zero   RW            8    .bss.hum            main.o
    0x20000210        -       0x00000001   Zero   RW           50    .bss.k              tim.o
    0x20000211   0x08004ffc   0x00000003   PAD
    0x20000214        -       0x00000004   Zero   RW           46    .bss.length         tim.o
    0x20000218        -       0x00000004   Zero   RW           49    .bss.max            tim.o
    0x2000021c        -       0x00000004   Zero   RW           56    .bss.phase1         tim.o
    0x20000220        -       0x00000004   Zero   RW           57    .bss.phase_shift    tim.o
    0x20000224        -       0x00000002   Zero   RW            9    .bss.temper         main.o
    0x20000226        -       0x00000014   Zero   RW            7    .bss.tmp_str        main.o
    0x2000023a   0x08004ffc   0x00000006   PAD
    0x20000240        -       0x00000200   Zero   RW          160    HEAP                startup_stm32g431xx.o
    0x20000440        -       0x00000400   Zero   RW          159    STACK               startup_stm32g431xx.o


==============================================================================

Image component sizes


      Code (inc. data)   RO Data    RW Data    ZI Data      Debug   Object Name

       128          0          0          0          0        658   delay.o
       420          0          0          0          0       1317   dht22.o
         0          0       8736          8          0        955   fonts.o
        90          0          0          0          0       1717   gpio.o
       396          0         25          0         29       1073   main.o
       202          0          0          0          0       1887   rcc.o
       174          0          0          0          0       2144   spi.o
        64         26        472          0       1536        836   startup_stm32g431xx.o
        18          0          0          4          0       2576   system_stm32g4xx.o
      1292          0          0          0          0       4015   tft.o
       922          0          0          8        417       5374   tim.o

    ----------------------------------------------------------------------
      3720         26       9268         20       1996      22552   Object Totals
         0          0         32          0          0          0   (incl. Generated)
        14          0          3          0         14          0   (incl. Padding)

    ----------------------------------------------------------------------

      Code (inc. data)   RO Data    RW Data    ZI Data      Debug   Library Member Name

         8          0          0          0          0         68   __main.o
       392          4         17          0          0         92   __printf_flags_ss_wp.o
        14          0          0          0          0         68   __printf_wp.o
         0          0          0          0          0          0   __rtentry.o
        12          0          0          0          0          0   __rtentry2.o
         6          0          0          0          0          0   __rtentry4.o
        94          8          0          0          0          0   __scatter.o
        26          0          0          0          0          0   __scatter_copy.o
        28          0          0          0          0          0   __scatter_zi.o
        72          0          0          0          0         96   _c16rtomb.o
         6          0          0          0          0          0   _printf_a.o
         6          0          0          0          0          0   _printf_c.o
        44          0          0          0          0        108   _printf_char.o
        48          6          0          0          0         96   _printf_char_common.o
        40          0          0          0          0         68   _printf_charcount.o
         6          0          0          0          0          0   _printf_d.o
       120         16          0          0          0         92   _printf_dec.o
         6          0          0          0          0          0   _printf_e.o
         6          0          0          0          0          0   _printf_f.o
      1052          0          0          0          0        148   _printf_fp_dec.o
       764          8         38          0          0        100   _printf_fp_hex.o
       128         16          0          0          0         84   _printf_fp_infnan.o
         6          0          0          0          0          0   _printf_g.o
       148          4         40          0          0        160   _printf_hex_int_ll_ptr.o
         6          0          0          0          0          0   _printf_i.o
       178          0          0          0          0         88   _printf_intcommon.o
        10          0          0          0          0          0   _printf_l.o
         6          0          0          0          0          0   _printf_lc.o
        10          0          0          0          0          0   _printf_ll.o
         6          0          0          0          0          0   _printf_lld.o
         6          0          0          0          0          0   _printf_lli.o
         6          0          0          0          0          0   _printf_llo.o
         6          0          0          0          0          0   _printf_llu.o
         6          0          0          0          0          0   _printf_llx.o
       124         16          0          0          0         92   _printf_longlong_dec.o
         6          0          0          0          0          0   _printf_ls.o
         6          0          0          0          0          0   _printf_n.o
         6          0          0          0          0          0   _printf_o.o
       112          8          0          0          0        124   _printf_oct_int_ll.o
         6          0          0          0          0          0   _printf_p.o
        78          0          0          0          0        108   _printf_pad.o
         0          0          0          0          0          0   _printf_percent.o
         4          0          0          0          0          0   _printf_percent_end.o
         6          0          0          0          0          0   _printf_s.o
        82          0          0          0          0         80   _printf_str.o
        36          0          0          0          0         84   _printf_truncate.o
         6          0          0          0          0          0   _printf_u.o
        44          0          0          0          0        108   _printf_wchar.o
       188          6          8          0          0         92   _printf_wctomb.o
         6          0          0          0          0          0   _printf_x.o
        10          0          0          0          0         68   _sputc.o
       228          4        148          0          0         96   bigflt0.o
      1936        128          0          0          0        668   btod.o
        18          0          0          0          0         80   exit.o
         6          0          0          0          0        152   heapauxi.o
         0          0          0          0          0          0   indicate_semi.o
        44         10        272          0          0         76   lc_ctype_c.o
        44         10         28          0          0         76   lc_numeric_c.o
         2          0          0          0          0          0   libinit.o
        34          0          0          0          0          0   libinit2.o
         2          0          0          0          0          0   libshutdown.o
         2          0          0          0          0          0   libshutdown2.o
         8          4          0          0         96         68   libspace.o
       138          0          0          0          0         80   lludiv10.o
        16          4          0          0          0         76   rt_ctype_table.o
         8          4          0          0          0         68   rt_locale_intlibspace.o
         2          0          0          0          0          0   rtexit.o
        10          0          0          0          0          0   rtexit2.o
        44          6          0          0          0         84   sprintf.o
       124          0          0          0          0         88   strcmpv7em.o
        62          0          0          0          0         76   strlen.o
        12          4          0          0          0         68   sys_exit.o
        74          0          0          0          0         80   sys_stackheap_outer.o
         2          0          0          0          0         68   use_no_semi.o
        26          0          0          0          0        116   fpinit.o
         4          0          0          0          0        116   printf1.o
         4          0          0          0          0        116   printf2.o
         0          0          0          0          0          0   usenofp.o
        48          0          0          0          0        124   fpclassify.o

    ----------------------------------------------------------------------
      6912        270        552          0         96       4400   Library Totals
        22          4          1          0          0          0   (incl. Padding)

    ----------------------------------------------------------------------

      Code (inc. data)   RO Data    RW Data    ZI Data      Debug   Library Name

      6808        266        551          0         96       3928   c_w.l
        34          0          0          0          0        348   fz_wm.l
        48          0          0          0          0        124   m_wm.l

    ----------------------------------------------------------------------
      6912        270        552          0         96       4400   Library Totals

    ----------------------------------------------------------------------

==============================================================================


      Code (inc. data)   RO Data    RW Data    ZI Data      Debug   

     10632        296       9820         20       2092      24580   Grand Totals
     10632        296       9820         20       2092      24580   ELF Image Totals
     10632        296       9820         20          0          0   ROM Totals

==============================================================================

    Total RO  Size (Code + RO Data)                20452 (  19.97kB)
    Total RW  Size (RW Data + ZI Data)              2112 (   2.06kB)
    Total ROM Size (Code + RO Data + RW Data)      20472 (  19.99kB)

==============================================================================

